******************************************************************************
                  TI ARM Linker Unix v20.2.1                   
******************************************************************************
>> Linked Wed Dec 16 16:38:02 2020

OUTPUT FILE NAME:   <display_CC26X2R1_LAUNCHXL_tirtos_ccs.out>
ENTRY POINT SYMBOL: "ResetISR"  address: 00004d29


MEMORY CONFIGURATION

         name            origin    length      used     unused   attr    fill
----------------------  --------  ---------  --------  --------  ----  --------
  FLASH                 00000000   00058000  000078f8  00050708  R  X
  GPRAM                 11000000   00002000  00000000  00002000  RW X
  SRAM                  20000000   00014000  00006af4  0000d50c  RW X
  LOG_DATA              90000000   00040000  00000000  00040000  R   


SEGMENT ALLOCATION MAP

run origin  load origin   length   init length attrs members
----------  ----------- ---------- ----------- ----- -------
00000000    00000000    000078a0   000078a0    r-x
  00000000    00000000    0000003c   0000003c    r-- .resetVecs
  0000003c    0000003c    000069d8   000069d8    r-x .text
  00006a14    00006a14    00000c14   00000c14    r-- .const
  00007628    00007628    00000278   00000278    r-- .cinit
00057fa8    00057fa8    00000058   00000058    r--
  00057fa8    00057fa8    00000058   00000058    r-- .ccfg
20000100    20000100    00000623   00000000    rw-
  20000100    20000100    00000004   00000000    rw- .data:xdcRomConstPtr
  20000104    20000104    00000004   00000000    rw- .data:xdcRomExternFuncPtr
  20000108    20000108    00000004   00000000    rw- .data:xdcRomStatePtr
  20000110    20000110    00000613   00000000    rw- .data
20001830    20001830    00000010   00000000    rw-
  20001830    20001830    00000010   00000000    rw- .TI.bound:dmaSpi0RxControlTableEntry
20001840    20001840    00000010   00000000    rw-
  20001840    20001840    00000010   00000000    rw- .TI.bound:dmaSpi0TxControlTableEntry
20001900    20001900    00000010   00000000    rw-
  20001900    20001900    00000010   00000000    rw- .TI.bound:dmaSpi1RxControlTableEntry
20001910    20001910    00000010   00000000    rw-
  20001910    20001910    00000010   00000000    rw- .TI.bound:dmaSpi1TxControlTableEntry
20001a30    20001a30    00000010   00000000    rw-
  20001a30    20001a30    00000010   00000000    rw- .TI.bound:dmaSpi0RxAltControlTableEntry
20001a40    20001a40    00000010   00000000    rw-
  20001a40    20001a40    00000010   00000000    rw- .TI.bound:dmaSpi0TxAltControlTableEntry
20001b00    20001b00    00000010   00000000    rw-
  20001b00    20001b00    00000010   00000000    rw- .TI.bound:dmaSpi1RxAltControlTableEntry
20001b10    20001b10    00000010   00000000    rw-
  20001b10    20001b10    00000010   00000000    rw- .TI.bound:dmaSpi1TxAltControlTableEntry
20001b20    20001b20    00004000   00000000    r--
  20001b20    20001b20    00004000   00000000    r-- .priheap
20005b20    20005b20    00001f7d   00000000    rw-
  20005b20    20005b20    00001f7d   00000000    rw- .bss
20013c00    20013c00    00000400   00000000    rw-
  20013c00    20013c00    00000400   00000000    rw- .stack


SECTION ALLOCATION MAP

 output                                  attributes/
section   page    origin      length       input sections
--------  ----  ----------  ----------   ----------------
.binit     0    00000000    00000000     

.cinit     0    00007628    00000278     
                  00007628    000001a4     (.cinit..data.load) [load image, compression = lzss]
                  000077cc    0000000c     (__TI_handler_table)
                  000077d8    00000008     (.cinit..TI.bound:dmaSpi0RxAltControlTableEntry.load) [load image, compression = zero_init]
                  000077e0    00000008     (.cinit..TI.bound:dmaSpi0RxControlTableEntry.load) [load image, compression = zero_init]
                  000077e8    00000008     (.cinit..TI.bound:dmaSpi0TxAltControlTableEntry.load) [load image, compression = zero_init]
                  000077f0    00000008     (.cinit..TI.bound:dmaSpi0TxControlTableEntry.load) [load image, compression = zero_init]
                  000077f8    00000008     (.cinit..TI.bound:dmaSpi1RxAltControlTableEntry.load) [load image, compression = zero_init]
                  00007800    00000008     (.cinit..TI.bound:dmaSpi1RxControlTableEntry.load) [load image, compression = zero_init]
                  00007808    00000008     (.cinit..TI.bound:dmaSpi1TxAltControlTableEntry.load) [load image, compression = zero_init]
                  00007810    00000008     (.cinit..TI.bound:dmaSpi1TxControlTableEntry.load) [load image, compression = zero_init]
                  00007818    00000008     (.cinit..bss.load) [load image, compression = zero_init]
                  00007820    00000008     (.cinit..data:xdcRomConstPtr.load) [load image, compression = lzss]
                  00007828    00000008     (.cinit..data:xdcRomExternFuncPtr.load) [load image, compression = lzss]
                  00007830    00000008     (.cinit..data:xdcRomStatePtr.load) [load image, compression = lzss]
                  00007838    00000068     (__TI_cinit_table)

.init_array 
*          0    00000000    00000000     UNINITIALIZED

.ccfg      0    00057fa8    00000058     
                  00057fa8    00000058     ti_devices_config.obj (.ccfg:retain)

.data      0    20000110    00000613     UNINITIALIZED
                  20000110    00000170     drivers_cc26x2.a : PowerCC26X2.oem4f (.data:PowerCC26X2_module)
                  20000280    0000010c     release_pem4f.oem4f (.data:ROM_stateStruct)
                  2000038c    00000088     rom_sysbios.aem4f : rom_sysbios.obj (.data:$O1$$)
                  20000414    00000054     release_pem4f.oem4f (.data:ti_sysbios_gates_GateMutex_Object__table__V)
                  20000468    0000004c     release_pem4f.oem4f (.data:ti_sysbios_knl_Task_Object__table__V)
                  200004b4    00000004     drivers_cc26x2.a : GPIOCC26XX.oem4f (.data:gpioPinTable)
                  200004b8    00000048     release_pem4f.oem4f (.data:ti_sysbios_family_arm_cc26xx_Timer_Object__table__V)
                  20000500    00000030     release_pem4f.oem4f (.data:ti_sysbios_knl_Swi_Module_State_0_readyQ__A)
                  20000530    00000030     release_pem4f.oem4f (.data:ti_sysbios_knl_Swi_Object__table__V)
                  20000560    00000030     release_pem4f.oem4f (.data:ti_sysbios_knl_Task_Module_State_0_readyQ__A)
                  20000590    00000024     driverlib.lib : osc.obj (.data:$O1$$)
                  200005b4    00000024     rtsv7M4_T_le_v4SPD16_eabi.lib : localtim.c.obj (.data:local_tm)
                  200005d8    00000020     release_pem4f.oem4f (.data:ti_sysbios_knl_Clock_Object__table__V)
                  200005f8    00000020     release_pem4f.oem4f (.data:xdc_runtime_Error_IgnoreBlock)
                  20000618    00000018     release_pem4f.oem4f (.data:ti_sysbios_family_arm_m3_Hwi_Object__table__V)
                  20000630    00000018     release_pem4f.oem4f (.data:ti_sysbios_heaps_HeapMem_Object__table__V)
                  20000648    00000014     release_pem4f.oem4f (.data:ti_sysbios_family_arm_cc26xx_Seconds_Module__state__V)
                  2000065c    00000010     rtsv7M4_T_le_v4SPD16_eabi.lib : tmzone.c.obj (.data:_tz)
                  2000066c    00000010     ti_drivers_config.obj (.data:gpioCallbackFunctions)
                  2000067c    00000010     ti_drivers_config.obj (.data:gpioPinConfigs)
                  2000068c    00000008     rtsv7M4_T_le_v4SPD16_eabi.lib : _lock.c.obj (.data:$O1$$)
                  20000694    00000008     drivers_cc26x2.a : PINCC26XX.oem4f (.data)
                  2000069c    00000008     release_pem4f.oem4f (.data:ti_sysbios_family_arm_m3_Hwi_Module__root__V)
                  200006a4    00000008     release_pem4f.oem4f (.data:ti_sysbios_gates_GateHwi_Module__root__V)
                  200006ac    00000008     release_pem4f.oem4f (.data:ti_sysbios_gates_GateMutex_Module__root__V)
                  200006b4    00000008     release_pem4f.oem4f (.data:ti_sysbios_hal_Hwi_Module__root__V)
                  200006bc    00000008     release_pem4f.oem4f (.data:ti_sysbios_heaps_HeapMem_Module__root__V)
                  200006c4    00000008     release_pem4f.oem4f (.data:ti_sysbios_knl_Clock_Module__root__V)
                  200006cc    00000008     release_pem4f.oem4f (.data:ti_sysbios_knl_Event_Module__root__V)
                  200006d4    00000008     release_pem4f.oem4f (.data:ti_sysbios_knl_Mailbox_Module__root__V)
                  200006dc    00000008     release_pem4f.oem4f (.data:ti_sysbios_knl_Queue_Module__root__V)
                  200006e4    00000008     release_pem4f.oem4f (.data:ti_sysbios_knl_Semaphore_Module__root__V)
                  200006ec    00000008     release_pem4f.oem4f (.data:ti_sysbios_knl_Swi_Module__root__V)
                  200006f4    00000008     release_pem4f.oem4f (.data:ti_sysbios_knl_Task_Module__root__V)
                  200006fc    00000008     release_pem4f.oem4f (.data:xdc_runtime_System_Module_State_0_atexitHandlers__A)
                  20000704    00000005     drivers_cc26x2.a : GPIOCC26XX.oem4f (.data)
                  20000709    00000002     display.a : SharpGrLib.oem4f (.data)
                  2000070b    00000001     drivers_cc26x2.a : SPI.oem4f (.data)
                  2000070c    00000004     rtsv7M4_T_le_v4SPD16_eabi.lib : rand.c.obj (.data)
                  20000710    00000004                                   : stkdepth_vars.c.obj (.data)
                  20000714    00000004     release_pem4f.oem4f (.data:ti_sysbios_family_arm_m3_Hwi_Module_State_0_excContext__A)
                  20000718    00000004     release_pem4f.oem4f (.data:ti_sysbios_family_arm_m3_Hwi_Module_State_0_excStack__A)
                  2000071c    00000004     release_pem4f.oem4f (.data:ti_sysbios_knl_Task_Module_State_0_idleTask__A)
                  20000720    00000002     release_pem4f.oem4f (.data:ti_sysbios_family_arm_m3_Hwi_Module_State_0_excActive__A)
                  20000722    00000001     drivers_cc26x2.a : UART.oem4f (.data)

.bss       0    20005b20    00001f7d     UNINITIALIZED
                  20005b20    00000800     ti_drivers_config.obj (.bss:displayLCDBuffer)
                  20006320    000005dc     (.common:ID)
                  200068fc    000005dc     (.common:RSSI)
                  20006ed8    00000400     ti_drivers_config.obj (.bss:displayUARTBuffer)
                  200072d8    00000200     release_pem4f.oem4f (.bss:taskStackSection)
                  200074d8    000001b4     (.common:uartCC26XXObjects)
                  2000768c    00000108     (.common:spiCC26X2DMAObjects)
                  20007794    000000d8     (.common:ti_sysbios_family_arm_m3_Hwi_dispatchTable)
                  2000786c    0000007c     (.common:pinHandleTable)
                  200078e8    00000050     drivers_cc26x2.a : PINCC26XX.oem4f (.bss:pinSemaphore)
                  20007938    00000044     (.common:displayLcdObject)
                  2000797c    00000034                      : PINCC26XX.oem4f (.bss:pinSwi)
                  200079b0    00000020                      : GPIOCC26XX.oem4f (.bss:gpioCallbackInfo)
                  200079d0    00000020                      : PINCC26XX.oem4f (.bss:pinGpioConfigTable)
                  200079f0    00000020     ti_drivers_config.obj (.bss:uartCC26XXRingBuffer0)
                  20007a10    00000020     (.common:udmaCC26XXObject)
                  20007a30    0000001c     drivers_cc26x2.a : PINCC26XX.oem4f (.bss:pinHwi)
                  20007a4c    00000018     display.a : SharpGrLib.oem4f (.bss:spiTrans)
                  20007a64    0000000c     drivers_cc26x2.a : GPIOCC26XX.oem4f (.bss:gpioPinState)
                  20007a70    0000000c     (.common:displayUartObject)
                  20007a7c    00000008     display.a : SharpGrLib.oem4f (.bss)
                  20007a84    00000008     drivers_cc26x2.a : GPIOCC26XX.oem4f (.bss)
                  20007a8c    00000004                      : PINCC26XX.oem4f (.bss)
                  20007a90    00000004     (.common:PowerCC26XX_swiKey)
                  20007a94    00000004     (.common:PowerCC26XX_taskKey)
                  20007a98    00000004     (.common:i)
                  20007a9c    00000001     (.common:driverlib_release_0_58048)

.stack     0    20013c00    00000400     UNINITIALIZED
                  20013c00    00000400     --HOLE--

.priheap   0    20001b20    00004000     UNINITIALIZED
                  20001b20    00004000     --HOLE--

.log_data 
*          0    90000000    00000000     COPY SECTION

.data:xdcRomConstPtr 
*          0    20000100    00000004     UNINITIALIZED
                  20000100    00000004     release_pem4f.oem4f (.data:xdcRomConstPtr)

.data:xdcRomExternFuncPtr 
*          0    20000104    00000004     UNINITIALIZED
                  20000104    00000004     release_pem4f.oem4f (.data:xdcRomExternFuncPtr)

.data:xdcRomStatePtr 
*          0    20000108    00000004     UNINITIALIZED
                  20000108    00000004     release_pem4f.oem4f (.data:xdcRomStatePtr)

.bootVecs 
*          0    00000000    00000008     DSECT
                  00000000    00000008     boot.aem4f : boot.oem4f (.bootVecs)

.resetVecs 
*          0    00000000    0000003c     
                  00000000    0000003c     release_pem4f.oem4f (.resetVecs)

.vecs      0    20000000    000000d8     NOLOAD SECTION
                  20000000    000000d8     release_pem4f.oem4f (.vecs)

xdc.meta   0    00000000    000000fe     COPY SECTION
                  00000000    000000fe     release_pem4f.oem4f (xdc.meta)

xdc.noload 
*          0    00000000    00000000     COPY SECTION

__llvm_prf_cnts 
*          0    20000000    00000000     UNINITIALIZED

.TI.bound:dmaSpi0RxControlTableEntry 
*          0    20001830    00000010     UNINITIALIZED
                  20001830    00000010     drivers_cc26x2.a : SPICC26X2DMA.oem4f (.TI.bound:dmaSpi0RxControlTableEntry)

.TI.bound:dmaSpi0TxControlTableEntry 
*          0    20001840    00000010     UNINITIALIZED
                  20001840    00000010     drivers_cc26x2.a : SPICC26X2DMA.oem4f (.TI.bound:dmaSpi0TxControlTableEntry)

.TI.bound:dmaSpi1RxControlTableEntry 
*          0    20001900    00000010     UNINITIALIZED
                  20001900    00000010     drivers_cc26x2.a : SPICC26X2DMA.oem4f (.TI.bound:dmaSpi1RxControlTableEntry)

.TI.bound:dmaSpi1TxControlTableEntry 
*          0    20001910    00000010     UNINITIALIZED
                  20001910    00000010     drivers_cc26x2.a : SPICC26X2DMA.oem4f (.TI.bound:dmaSpi1TxControlTableEntry)

.TI.bound:dmaSpi0RxAltControlTableEntry 
*          0    20001a30    00000010     UNINITIALIZED
                  20001a30    00000010     drivers_cc26x2.a : SPICC26X2DMA.oem4f (.TI.bound:dmaSpi0RxAltControlTableEntry)

.TI.bound:dmaSpi0TxAltControlTableEntry 
*          0    20001a40    00000010     UNINITIALIZED
                  20001a40    00000010     drivers_cc26x2.a : SPICC26X2DMA.oem4f (.TI.bound:dmaSpi0TxAltControlTableEntry)

.TI.bound:dmaSpi1RxAltControlTableEntry 
*          0    20001b00    00000010     UNINITIALIZED
                  20001b00    00000010     drivers_cc26x2.a : SPICC26X2DMA.oem4f (.TI.bound:dmaSpi1RxAltControlTableEntry)

.TI.bound:dmaSpi1TxAltControlTableEntry 
*          0    20001b10    00000010     UNINITIALIZED
                  20001b10    00000010     drivers_cc26x2.a : SPICC26X2DMA.oem4f (.TI.bound:dmaSpi1TxAltControlTableEntry)

.text      0    0000003c    000069d8     
                  0000003c    0000047e     grlib.a : string.obj (.text:Graphics_drawString)
                  000004ba    00000002     ti_drivers_config.obj (.text:Board_initHook)
                  000004bc    000002f4     drivers_cc26x2.a : SPICC26X2DMA.oem4f (.text:SPICC26X2DMA_transfer)
                  000007b0    000002a0     rtsv7M4_T_le_v4SPD16_eabi.lib : mktime.c.obj (.text:__mktime32)
                  00000a50    00000234     drivers_cc26x2.a : SPICC26X2DMA.oem4f (.text:SPICC26X2DMA_hwiFxn)
                  00000c84    000001cc                      : PINCC26XX.oem4f (.text:PIN_init)
                  00000e50    000001b6     rtsv7M4_T_le_v4SPD16_eabi.lib : fd_add_t2.asm.obj (.text)
                  00001006    00000002     display.a : DisplaySharp.oem4f (.text:DisplaySharp_init)
                  00001008    00000198     drivers_cc26x2.a : PowerCC26X2.oem4f (.text:Power_sleep)
                  000011a0    00000190                      : PowerCC26X2_calibrateRCOSC.oem4f (.text:calibrateRcoscHf1)
                  00001330    0000018c                      : PowerCC26X2_calibrateRCOSC.oem4f (.text:runCalibrateFsm)
                  000014bc    00000188     release_pem4f.oem4f (.text:xdc_runtime_System_printfExtend__I)
                  00001644    00000178     drivers_cc26x2.a : SPICC26X2DMA.oem4f (.text:SPICC26X2DMA_transferCancel)
                  000017bc    00000174                      : PowerCC26X2.oem4f (.text:Power_init)
                  00001930    00000174                      : SPICC26X2DMA.oem4f (.text:configNextTransfer)
                  00001aa4    00000164                      : UARTCC26XX.oem4f (.text:UARTCC26XX_open)
                  00001c08    00000154                      : UARTCC26XX.oem4f (.text:UARTCC26XX_hwiIntFxn)
                  00001d5c    00000150                      : SPICC26X2DMA.oem4f (.text:SPICC26X2DMA_open)
                  00001eac    00000140                      : SPICC26X2DMA.oem4f (.text:initIO)
                  00001fec    0000013a                      : UARTCC26XX.oem4f (.text:UARTCC26XX_read)
                  00002126    00000002     display.a : DisplayUart.oem4f (.text:DisplayUartAnsi_init)
                  00002128    00000134     rtsv7M4_T_le_v4SPD16_eabi.lib : localtim.c.obj (.text:__localtime32)
                  0000225c    00000120     drivers_cc26x2.a : PowerCC26X2.oem4f (.text:configureXOSCHF)
                  0000237c    00000112     grlib.a : rectangle.obj (.text:Graphics_fillRectangle)
                  0000248e    00000002     rtsv7M4_T_le_v4SPD16_eabi.lib : _lock.c.obj (.text:_nop)
                  00002490    00000110     drivers_cc26x2.a : GPIOCC26XX.oem4f (.text:GPIO_setConfig)
                  000025a0    000000fc     rtsv7M4_T_le_v4SPD16_eabi.lib : fd_mul_t2.asm.obj (.text)
                  0000269c    000000f8     driverlib.lib : sys_ctrl.obj (.text:NOROM_SysCtrlStandby)
                  00002794    000000f8     drivers_cc26x2.a : PINCC26XX.oem4f (.text:PINCC26XX_setIoCfg)
                  0000288c    000000f4                      : SPICC26X2DMA.oem4f (.text:SPICC26X2DMA_control)
                  00002980    000000f0     display.a : DisplaySharp.oem4f (.text:DisplaySharp_open)
                  00002a70    000000ec     rom_sysbios.aem4f : rom_sysbios.obj (.text:pthread_create)
                  00002b5c    000000e6     display.a : SharpGrLib.oem4f (.text:SharpGrLib_rectFill)
                  00002c42    00000002     drivers_cc26x2.a : PowerCC26X2.oem4f (.text:emptyClockFunc)
                  00002c44    000000e4     display.a : SharpGrLib.oem4f (.text:SharpGrLib_flush)
                  00002d28    000000e0     drivers_cc26x2.a : UARTCC26XX.oem4f (.text:UARTCC26XX_write)
                  00002e08    000000c8     dpl_cc26x2.a : PowerCC26X2_tirtos.oem4f (.text:PowerCC26XX_standbyPolicy)
                  00002ed0    000000c4     drivers_cc26x2.a : GPIOCC26XX.oem4f (.text:GPIO_init)
                  00002f94    000000c0                      : PowerCC26X2.oem4f (.text:Power_releaseDependency)
                  00003054    000000c0                      : UARTCC26XX.oem4f (.text:UARTCC26XX_initIO)
                  00003114    000000b8     display.a : DisplaySharp.oem4f (.text:DisplaySharp_vprintf)
                  000031cc    000000b8     drivers_cc26x2.a : PowerCC26X2.oem4f (.text:Power_setDependency)
                  00003284    000000b8                      : UARTCC26XX.oem4f (.text:UARTCC26XX_initHw)
                  0000333c    000000b4     display.a : DisplaySharp.oem4f (.text:DisplaySharp_control)
                  000033f0    000000ac               : DisplayUart.oem4f (.text:DisplayUartAnsi_clearLines)
                  0000349c    000000ac     drivers_cc26x2.a : PINCC26XX.oem4f (.text:PIN_open)
                  00003548    000000ac     driverlib.lib : setup.obj (.text:TrimAfterColdResetWakeupFromShutDown)
                  000035f4    000000aa     display.a : SharpGrLib.oem4f (.text:SharpGrLib_lineDrawH)
                  0000369e    00000002     rtsv7M4_T_le_v4SPD16_eabi.lib : div0.asm.obj (.text)
                  000036a0    000000a7     display.a : DisplayUart.oem4f (.text:DisplayUartAnsi_open)
                  00003747    00000001     --HOLE-- [fill = 0]
                  00003748    000000a0     auto_init.aem4f : auto_init.oem4f (.text)
                  000037e8    000000a0     rom_sysbios.aem4f : rom_sysbios.obj (.text:ti_sysbios_knl_Task_setPri__E)
                  00003888    0000009f     display.a : DisplayUart.oem4f (.text:DisplayUartAnsi_vprintf)
                  00003927    00000001     --HOLE-- [fill = 0]
                  00003928    0000009c     grlib.a : line.obj (.text:Graphics_drawLineH)
                  000039c4    0000009c     rtsv7M4_T_le_v4SPD16_eabi.lib : memcpy_t2.asm.obj (.text)
                  00003a60    00000098     driverlib.lib : setup.obj (.text:NOROM_SetupTrimDevice)
                  00003af8    00000098     drivers_cc26x2.a : UARTCC26XX.oem4f (.text:writeTxFifoFlush)
                  00003b90    00000096     rtsv7M4_T_le_v4SPD16_eabi.lib : ull_div_t2.asm.obj (.text)
                  00003c26    00000092     drivers_cc26x2.a : UARTCC26XX.oem4f (.text:UARTCC26XX_writeCancel)
                  00003cb8    00000090     display.a : SharpGrLib.oem4f (.text:SharpGrLib_clearScreen)
                  00003d48    00000090     display.obj (.text:mainThread)
                  00003dd8    00000088     driverlib.lib : osc.obj (.text:NOROM_OSCHF_AttemptToSwitchToXosc)
                  00003e60    00000088     rom_sysbios.aem4f : rom_sysbios.obj (.text:_pthread_removeThreadKeys)
                  00003ee8    00000088     drivers_cc26x2.a : PowerCC26X2_calibrateRCOSC.oem4f (.text:calibrateRcoscHf2)
                  00003f70    00000088                      : PowerCC26X2.oem4f (.text:disableLFClockQualifiers)
                  00003ff8    00000088                      : PowerCC26X2_calibrateRCOSC.oem4f (.text:updateSubSecInc)
                  00004080    00000086     rtsv7M4_T_le_v4SPD16_eabi.lib : fd_cmp_t2.asm.obj (.text:__aeabi_cdcmple)
                  00004106    00000086                                   : fd_cmp_t2.asm.obj (.text:__aeabi_cdrcmple)
                  0000418c    00000084     ti_drivers_config.obj (.text:Board_sendExtFlashByte)
                  00004210    00000084     drivers_cc26x2.a : UARTCC26XX.oem4f (.text:UARTCC26XX_close)
                  00004294    00000084     rom_sysbios.aem4f : rom_sysbios.obj (.text:ti_sysbios_family_arm_m3_Hwi_excHandlerMin__I)
                  00004318    00000080     driverlib.lib : sys_ctrl.obj (.text:NOROM_SysCtrlSetRechargeBeforePowerDown)
                  00004398    00000080     rom_sysbios.aem4f : rom_sysbios.obj (.text:ti_sysbios_family_arm_cc26xx_Timer_start__E)
                  00004418    0000007a     rtsv7M4_T_le_v4SPD16_eabi.lib : memset_t2.asm.obj (.text)
                  00004492    00000002     release_pem4f.oem4f (.text:ti_sysbios_BIOS_nullFunc__I)
                  00004494    00000074     drivers_cc26x2.a : PowerCC26X2_calibrateRCOSC.oem4f (.text:PowerCC26X2_auxISR)
                  00004508    00000072                      : SPICC26X2DMA.oem4f (.text:csnCallback)
                  0000457a    00000002     rom_sysbios.aem4f : rom_sysbios.obj (.text:xdc_runtime_SysCallback_defaultAbort)
                  0000457c    00000070     drivers_cc26x2.a : PINCC26XX.oem4f (.text:PIN_add)
                  000045ec    0000006e     rtsv7M4_T_le_v4SPD16_eabi.lib : ll_div_t2.asm.obj (.text)
                  0000465a    00000002     rom_sysbios.aem4f : rom_sysbios.obj (.text:xdc_runtime_SysCallback_defaultExit)
                  0000465c    0000006d                       : rom_sysbios.obj (.text:xdc_runtime_System_formatNum__I)
                  000046c9    00000001     --HOLE-- [fill = 0]
                  000046ca    00000002                       : rom_sysbios.obj (.text:xdc_runtime_SysCallback_defaultFlush)
                  000046cc    0000006c     driverlib.lib : chipinfo.obj (.text:NOROM_ChipInfo_GetChipType)
                  00004738    00000068                   : osc.obj (.text:NOROM_OSCHF_SwitchToRcOscTurnOffXosc)
                  000047a0    00000068     rtsv7M4_T_le_v4SPD16_eabi.lib : copy_decompress_lzss.c.obj (.text:decompress:lzss:__TI_decompress_lzss)
                  00004808    00000064     drivers_cc26x2.a : UARTCC26XX.oem4f (.text:UARTCC26XX_control)
                  0000486c    00000064     main_tirtos.obj (.text:main)
                  000048d0    00000062     drivers_cc26x2.a : UARTCC26XX.oem4f (.text:UARTCC26XX_swiIntFxn)
                  00004932    00000002     rom_sysbios.aem4f : rom_sysbios.obj (.text:xdc_runtime_SysCallback_defaultPutch)
                  00004934    00000060     drivers_cc26x2.a : GPIOCC26XX.oem4f (.text:GPIO_write)
                  00004994    00000060     rom_sysbios.aem4f : rom_sysbios.obj (.text:ti_sysbios_family_arm_cc26xx_Seconds_getTime__E)
                  000049f4    0000005c     display.a : Display.oem4f (.text:Display_doOpen)
                  00004a50    0000005c     drivers_cc26x2.a : PINCC26XX.oem4f (.text:PIN_remove)
                  00004aac    0000005c                      : SPICC26X2DMA.oem4f (.text:initHw)
                  00004b08    0000005c                      : UARTCC26XX.oem4f (.text:startTxFifoEmptyClk)
                  00004b64    0000005c     rom_sysbios.aem4f : rom_sysbios.obj (.text:ti_sysbios_heaps_HeapMem_initPrimary__I)
                  00004bc0    0000005c     release_pem4f.oem4f (.text:xdc_runtime_Startup_getState__I)
                  00004c1c    0000005a     display.a : DisplaySharp.oem4f (.text:DisplaySharp_clearLines)
                  00004c76    00000002     --HOLE-- [fill = 0]
                  00004c78    00000058     drivers_cc26x2.a : PowerCC26X2_calibrateRCOSC.oem4f (.text:PowerCC26X2_initiateCalibration)
                  00004cd0    00000058     display.a : SharpGrLib.oem4f (.text:SharpGrLib_lineDrawV)
                  00004d28    00000058     boot.aem4f : boot.oem4f (.text)
                  00004d80    00000058     rom_sysbios.aem4f : rom_sysbios.obj (.text:pthread_exit)
                  00004dd8    00000054     driverlib.lib : prcm.obj (.text:NOROM_PRCMPowerDomainsAllOff)
                  00004e2c    00000054     dpl_cc26x2.a : SwiP_tirtos.oem4f (.text:SwiP_construct)
                  00004e80    00000052     grlib.a : context.obj (.text:Graphics_initContext)
                  00004ed2    00000002     --HOLE-- [fill = 0]
                  00004ed4    00000050     display.obj (.text:Knowledge)
                  00004f24    00000050     drivers_cc26x2.a : SPICC26X2DMA.oem4f (.text:SPICC26X2DMA_close)
                  00004f74    0000004c     ti_drivers_config.obj (.text:Board_wakeUpExtFlash)
                  00004fc0    0000004c     driverlib.lib : prcm.obj (.text:NOROM_PRCMPowerDomainsAllOn)
                  0000500c    0000004c     drivers_cc26x2.a : UARTCC26XX.oem4f (.text:UARTCC26XX_readCancel)
                  00005058    0000004c                      : UDMACC26XX.oem4f (.text:UDMACC26XX_open)
                  000050a4    0000004c     rtsv7M4_T_le_v4SPD16_eabi.lib : cpy_tbl.c.obj (.text:copy_in)
                  000050f0    00000048     drivers_cc26x2.a : PINCC26XX.oem4f (.text:PIN_setOutputEnable)
                  00005138    00000048                      : PowerCC26X2_calibrateRCOSC.oem4f (.text:PowerCC26X2_RCOSC_clockFunc)
                  00005180    00000048     rtsv7M4_T_le_v4SPD16_eabi.lib : fd_toi_t2.asm.obj (.text)
                  000051c8    00000048     drivers_cc26x2.a : PowerCC26X2.oem4f (.text:switchXOSCHF)
                  00005210    00000048                      : UARTCC26XX.oem4f (.text:writeFinishedDoCallback)
                  00005258    00000046                      : RingBuf.oem4f (.text:RingBuf_put)
                  0000529e    00000046     display.a : SharpGrLib.oem4f (.text:SharpGrLib_drawMultiple)
                  000052e4    00000044     driverlib.lib : chipinfo.obj (.text:NOROM_ChipInfo_GetHwRevision)
                  00005328    00000044     drivers_cc26x2.a : PINCC26XX.oem4f (.text:PIN_swi)
                  0000536c    00000044                      : SPI.oem4f (.text:SPI_init)
                  000053b0    00000044                      : UART.oem4f (.text:UART_init)
                  000053f4    00000044     rtsv7M4_T_le_v4SPD16_eabi.lib : fd_tou_t2.asm.obj (.text)
                  00005438    00000042     drivers_cc26x2.a : SPICC26X2DMA.oem4f (.text:SPICC26X2DMA_swiFxn)
                  0000547a    00000042     display.a : SharpGrLib.oem4f (.text:SharpGrLib_pixelDraw)
                  000054bc    00000040     ti_drivers_config.obj (.text:Board_shutDownExtFlash)
                  000054fc    00000040     dpl_cc26x2.a : ClockP_tirtos.oem4f (.text:ClockP_construct)
                  0000553c    00000040     grlib.a : string.obj (.text:Graphics_getNumberOfLeadingZeros)
                  0000557c    00000040     driverlib.lib : osc.obj (.text:NOROM_OSC_HPOSCRelativeFrequencyOffsetGet)
                  000055bc    00000040     drivers_cc26x2.a : RingBuf.oem4f (.text:RingBuf_get)
                  000055fc    00000040                      : SPI.oem4f (.text:SPI_open)
                  0000563c    00000040                      : UART.oem4f (.text:UART_open)
                  0000567c    00000040     rtsv7M4_T_le_v4SPD16_eabi.lib : u_divt2.asm.obj (.text)
                  000056bc    00000040     rom_sysbios.aem4f : rom_sysbios.obj (.text:ti_sysbios_family_arm_cc26xx_Timer_setThreshold__I)
                  000056fc    0000003e     dpl_cc26x2.a : HwiP_tirtos.oem4f (.text:HwiP_construct)
                  0000573a    00000002     --HOLE-- [fill = 0]
                  0000573c    0000003c     drivers_cc26x2.a : PINCC26XX.oem4f (.text:PIN_setInterrupt)
                  00005778    0000003c                      : PINCC26XX.oem4f (.text:PIN_setOutputValue)
                  000057b4    0000003c     rom_sysbios.aem4f : rom_sysbios.obj (.text:ti_sysbios_family_arm_m3_Hwi_construct2__E)
                  000057f0    00000038     drivers_cc26x2.a : PINCC26XX.oem4f (.text:PIN_setConfig)
                  00005828    00000038     rom_sysbios.aem4f : rom_sysbios.obj (.text:getTime$13)
                  00005860    00000038     drivers_cc26x2.a : PowerCC26X2.oem4f (.text:notify)
                  00005898    00000038                      : UARTCC26XX.oem4f (.text:readData)
                  000058d0    00000038     rtsv7M4_T_le_v4SPD16_eabi.lib : fs_tod_t2.asm.obj (.text)
                  00005908    00000038     drivers_cc26x2.a : UARTCC26XX.oem4f (.text:writeData)
                  00005940    00000036     grlib.a : display.obj (.text:Graphics_drawHorizontalLineOnDisplay)
                  00005976    00000036     drivers_cc26x2.a : UDMACC26XX.oem4f (.text:UDMACC26XX_close)
                  000059ac    00000036     rom_sysbios.aem4f : rom_sysbios.obj (.text:ti_sysbios_family_arm_cc26xx_Timer_setNextTick__E)
                  000059e2    00000034     display.a : DisplaySharp.oem4f (.text:DisplaySharp_close)
                  00005a16    00000002     --HOLE-- [fill = 0]
                  00005a18    00000034     driverlib.lib : aux_sysif.obj (.text:NOROM_AUXSYSIFOpModeChange)
                  00005a4c    00000034                   : sys_ctrl.obj (.text:NOROM_SysCtrlIdle)
                  00005a80    00000034     rtsv7M4_T_le_v4SPD16_eabi.lib : rand.c.obj (.text:rand)
                  00005ab4    00000034     drivers_cc26x2.a : UARTCC26XX.oem4f (.text:readData2RingBuf)
                  00005ae8    00000030                      : GPIOCC26XX.oem4f (.text:GPIO_hwiIntFxn)
                  00005b18    00000030                      : GPIOCC26XX.oem4f (.text:GPIO_setCallback)
                  00005b48    00000030                      : PINCC26XX.oem4f (.text:PINCC26XX_setMux)
                  00005b78    00000030                      : PowerCC26X2.oem4f (.text:Power_releaseConstraint)
                  00005ba8    00000030                      : PowerCC26X2.oem4f (.text:Power_setConstraint)
                  00005bd8    00000030     release_pem4f.oem4f (.text:ti_sysbios_BIOS_atExitFunc__I)
                  00005c08    00000030     release_pem4f.oem4f (.text:ti_sysbios_BIOS_startFunc__I)
                  00005c38    00000030     rom_sysbios.aem4f : rom_sysbios.obj (.text:ti_sysbios_family_arm_cc26xx_Timer_getCurrentTick__E)
                  00005c68    00000030                       : rom_sysbios.obj (.text:ti_sysbios_family_arm_cc26xx_Timer_initDevice__I)
                  00005c98    0000002e     display.a : SharpGrLib.oem4f (.text:SharpGrLib_initializeDisplayBuffer)
                  00005cc6    0000002e     rtsv7M4_T_le_v4SPD16_eabi.lib : i_tofd_t2.asm.obj (.text)
                  00005cf4    0000002c     grlib.a : display.obj (.text:Graphics_drawPixelOnDisplay)
                  00005d20    0000002c     dpl_cc26x2.a : SemaphoreP_tirtos.oem4f (.text:SemaphoreP_constructBinary)
                  00005d4c    0000002c                  : SemaphoreP_tirtos.oem4f (.text:SemaphoreP_createBinary)
                  00005d78    0000002c     display.obj (.text:Time)
                  00005da4    0000002c     rom_sysbios.aem4f : rom_sysbios.obj (.text:_pthread_delete$45)
                  00005dd0    0000002c                       : rom_sysbios.obj (.text:pthread_setcancelstate)
                  00005dfc    0000002c                       : rom_sysbios.obj (.text:ti_sysbios_knl_Clock_getTicksUntilInterrupt__E)
                  00005e28    0000002a     display.a : DisplayUart.oem4f (.text:DisplayUartAnsi_clear)
                  00005e52    0000002a               : Display.oem4f (.text:Display_doPrintf)
                  00005e7c    00000028               : Display.oem4f (.text:Display_doInit)
                  00005ea4    00000028     drivers_cc26x2.a : PowerCC26X2.oem4f (.text:Power_registerNotify)
                  00005ecc    00000028                      : SPICC26X2DMA.oem4f (.text:flushFifos)
                  00005ef4    00000028                      : PowerCC26X2.oem4f (.text:oscillatorISR)
                  00005f1c    00000026                      : List.oem4f (.text:List_put)
                  00005f42    00000026                      : List.oem4f (.text:List_remove)
                  00005f68    00000024     display.a : DisplaySharp.oem4f (.text:DisplaySharp_clear)
                  00005f8c    00000024     driverlib.lib : osc.obj (.text:NOROM_OSCHF_TurnOnXosc)
                  00005fb0    00000024     display.a : SharpGrLib.oem4f (.text:SharpGrLib_init)
                  00005fd4    00000024     rom_sysbios.aem4f : rom_sysbios.obj (.text:_pthread_cleanupFxn)
                  00005ff8    00000024     drivers_cc26x2.a : PowerCC26X2_calibrateRCOSC.oem4f (.text:getTdcSemaphore)
                  0000601c    00000024     rom_sysbios.aem4f : rom_sysbios.obj (.text:pthread_attr_init)
                  00006040    00000024     release_pem4f.oem4f (.text:ti_sysbios_BIOS_registerRTSLock__I)
                  00006064    00000024     release_pem4f.oem4f (.text:ti_sysbios_BIOS_removeRTSLock__I)
                  00006088    00000024     rom_sysbios.aem4f : rom_sysbios.obj (.text:ti_sysbios_family_arm_cc26xx_Timer_getMaxTicks__E)
                  000060ac    00000020     ti_drivers_config.obj (.text:Board_init)
                  000060cc    00000020     drivers_cc26x2.a : PINCC26XX.oem4f (.text:PINCC26XX_setIoCfgMux)
                  000060ec    00000020                      : PowerCC26X2.oem4f (.text:Power_unregisterNotify)
                  0000610c    00000020                      : UARTCC26XX.oem4f (.text:threadSafeStdbyDisRelease)
                  0000612c    00000020                      : UARTCC26XX.oem4f (.text:threadSafeStdbyDisSet)
                  0000614c    00000020     release_pem4f.oem4f (.text:ti_sysbios_BIOS_rtsLock__I)
                  0000616c    00000020     rom_sysbios.aem4f : rom_sysbios.obj (.text:ti_sysbios_family_arm_cc26xx_Timer_dynamicStub__E)
                  0000618c    00000020                       : rom_sysbios.obj (.text:xdc_runtime_Error_policyMin__E)
                  000061ac    0000001e     grlib.a : display.obj (.text:Graphics_fillRectangleOnDisplay)
                  000061ca    0000001e     drivers_cc26x2.a : PINCC26XX.oem4f (.text:PIN_close)
                  000061e8    0000001e                      : PowerCC26X2.oem4f (.text:Power_getTransitionLatency)
                  00006206    00000002     --HOLE-- [fill = 0]
                  00006208    0000001c     driverlib.lib : chipinfo.obj (.text:NOROM_ChipInfo_GetChipFamily)
                  00006224    0000001c     drivers_cc26x2.a : PINCC26XX.oem4f (.text:PIN_hwi)
                  00006240    0000001c     dpl_cc26x2.a : PowerCC26X2_tirtos.oem4f (.text:PowerCC26XX_schedulerDisable)
                  0000625c    0000001c                  : PowerCC26X2_tirtos.oem4f (.text:PowerCC26XX_schedulerRestore)
                  00006278    0000001c     drivers_cc26x2.a : UDMACC26XX.oem4f (.text:UDMACC26XX_initHw)
                  00006294    0000001c     rom_sysbios.aem4f : rom_sysbios.obj (.text:ti_sysbios_family_arm_m3_Hwi_clearInterrupt__E)
                  000062b0    0000001c                       : rom_sysbios.obj (.text:ti_sysbios_knl_Swi_construct2__E)
                  000062cc    0000001c     release_pem4f.oem4f (.text:xdc_runtime_Startup_exec__I)
                  000062e8    0000001a     grlib.a : display.obj (.text:Graphics_clearDisplayOnDisplay)
                  00006302    0000001a             : context.obj (.text:Graphics_setBackgroundColor)
                  0000631c    0000001a             : context.obj (.text:Graphics_setFont)
                  00006336    0000001a     drivers_cc26x2.a : PowerCC26X2.oem4f (.text:PowerCC26XX_calibrate)
                  00006350    0000001a     dpl_cc26x2.a : SystemP_tirtos.oem4f (.text:SystemP_snprintf)
                  0000636a    00000002     --HOLE-- [fill = 0]
                  0000636c    00000018     driverlib.lib : chipinfo.obj (.text:NOROM_ChipInfo_GetPackageType)
                  00006384    00000018     drivers_cc26x2.a : PowerCC26X2.oem4f (.text:Power_idleFunc)
                  0000639c    00000018     display.a : SharpGrLib.oem4f (.text:SharpGrLib_reverse)
                  000063b4    00000018     drivers_cc26x2.a : UART.oem4f (.text:UART_Params_init)
                  000063cc    00000018     rtsv7M4_T_le_v4SPD16_eabi.lib : args_main.c.obj (.text:_args_main)
                  000063e4    00000018                                   : ll_mul_t2.asm.obj (.text)
                  000063fc    00000018     drivers_cc26x2.a : PowerCC26X2.oem4f (.text:switchToTCXO)
                  00006414    00000018     release_pem4f.oem4f (.text:ti_sysbios_BIOS_rtsUnlock__I)
                  0000642c    00000018     rom_sysbios.aem4f : rom_sysbios.obj (.text:ti_sysbios_knl_Swi_or__E)
                  00006444    00000018     release_pem4f.oem4f (.text:time)
                  0000645c    00000018     rom_sysbios.aem4f : rom_sysbios.obj (.text:xdc_runtime_Error_init__E)
                  00006474    00000016     display.a : DisplayUart.oem4f (.text:DisplayUartAnsi_close)
                  0000648a    00000016     grlib.a : context.obj (.text:Graphics_setForegroundColor)
                  000064a0    00000016             : display.obj (.text:Graphics_translateColorOnDisplay)
                  000064b6    00000016     driverlib.lib : chipinfo.obj (.text:NOROM_ThisLibraryIsFor_CC13x2_CC26x2_HwRev20AndLater_HaltIfViolated)
                  000064cc    00000016     rom_sysbios.aem4f : rom_sysbios.obj (.text:_pthread_cleanup_pop)
                  000064e2    00000016     release_pem4f.oem4f (.text:ti_sysbios_BIOS_exitFunc__I)
                  000064f8    00000014     dpl_cc26x2.a : ClockP_tirtos.oem4f (.text:ClockP_usleep)
                  0000650c    00000014     drivers_cc26x2.a : PINCC26XX.oem4f (.text:PINCC26XX_getInputValue)
                  00006520    00000014                      : PowerCC26X2_calibrateRCOSC.oem4f (.text:PowerCC26X2_calibrate)
                  00006534    00000014                      : SPI.oem4f (.text:SPI_Params_init)
                  00006548    00000014     rom_sysbios.aem4f : rom_sysbios.obj (.text:pthread_attr_setschedparam)
                  0000655c    00000014                       : rom_sysbios.obj (.text:ti_sysbios_family_arm_cc26xx_Timer_getCount64__E)
                  00006570    00000014     release_pem4f.oem4f (.text:ti_sysbios_knl_Clock_doTick__I)
                  00006584    00000012     grlib.a : context.obj (.text:Graphics_clearDisplay)
                  00006596    00000012             : display.obj (.text:Graphics_flushOnDisplay)
                  000065a8    00000012     drivers_cc26x2.a : RingBuf.oem4f (.text:RingBuf_construct)
                  000065ba    00000012     dpl_cc26x2.a : SemaphoreP_tirtos.oem4f (.text:SemaphoreP_pend)
                  000065cc    00000012     rom_sysbios.aem4f : rom_sysbios.obj (.text:_pthread_runStub$45)
                  000065de    00000010     dpl_cc26x2.a : HwiP_tirtos.oem4f (.text:HwiP_Params_init)
                  000065ee    00000002     --HOLE-- [fill = 0]
                  000065f0    00000010     drivers_cc26x2.a : PINCC26XX.oem4f (.text:PINCC26XX_getPinCount)
                  00006600    00000010     dpl_cc26x2.a : SwiP_tirtos.oem4f (.text:SwiP_Params_init)
                  00006610    00000010     drivers_cc26x2.a : UARTCC26XX.oem4f (.text:uartPostNotify)
                  00006620    0000000e     grlib.a : context.obj (.text:Graphics_flushBuffer)
                  0000662e    0000000e     rtsv7M4_T_le_v4SPD16_eabi.lib : copy_decompress_none.c.obj (.text:decompress:none:__TI_decompress_none)
                  0000663c    0000000e     rom_sysbios.aem4f : rom_sysbios.obj (.text:pthread_attr_setdetachstate)
                  0000664a    0000000e                       : rom_sysbios.obj (.text:ti_sysbios_family_arm_cc26xx_TimestampProvider_get32__E)
                  00006658    0000000c     dpl_cc26x2.a : ClockP_tirtos.oem4f (.text:ClockP_getSystemTickPeriod)
                  00006664    0000000c     driverlib.lib : cpu.obj (.text:NOROM_CPUcpsid)
                  00006670    0000000c                   : cpu.obj (.text:NOROM_CPUcpsie)
                  0000667c    0000000c     drivers_cc26x2.a : PINCC26XX.oem4f (.text:PIN_registerIntCb)
                  00006688    0000000c                      : PowerCC26X2.oem4f (.text:Power_getConstraintMask)
                  00006694    0000000c                      : PowerCC26X2.oem4f (.text:Power_getDependencyCount)
                  000066a0    0000000c     dpl_cc26x2.a : SemaphoreP_tirtos.oem4f (.text:SemaphoreP_delete)
                  000066ac    0000000c     rtsv7M4_T_le_v4SPD16_eabi.lib : _lock.c.obj (.text:_register_lock)
                  000066b8    0000000c                                   : _lock.c.obj (.text:_register_unlock)
                  000066c4    0000000c                                   : copy_zero_init.c.obj (.text:decompress:ZI:__TI_zero_init)
                  000066d0    0000000c     rom_sysbios.aem4f : rom_sysbios.obj (.text:pthread_self)
                  000066dc    0000000c     drivers_cc26x2.a : SPICC26X2DMA.oem4f (.text:spiPostNotify)
                  000066e8    0000000c     rom_sysbios.aem4f : rom_sysbios.obj (.text:ti_sysbios_family_arm_cc26xx_Seconds_get__E)
                  000066f4    0000000c                       : rom_sysbios.obj (.text:ti_sysbios_knl_Queue_insert__E)
                  00006700    0000000c                       : rom_sysbios.obj (.text:ti_sysbios_knl_Swi_getTrigger__E)
                  0000670c    0000000a     dpl_cc26x2.a : ClockP_tirtos.oem4f (.text:ClockP_Params_init)
                  00006716    0000000a     drivers_cc26x2.a : SPICC26X2DMA.oem4f (.text:SPICC26X2DMA_init)
                  00006720    0000000a                      : SPI.oem4f (.text:SPI_close)
                  0000672a    0000000a                      : SPI.oem4f (.text:SPI_transfer)
                  00006734    0000000a     display.a : SharpGrLib.oem4f (.text:SharpGrLib_colorTranslate)
                  0000673e    0000000a     drivers_cc26x2.a : UART.oem4f (.text:UART_close)
                  00006748    0000000a                      : UART.oem4f (.text:UART_control)
                  00006752    0000000a                      : UART.oem4f (.text:UART_write)
                  0000675c    0000000a                      : UDMACC26XX.oem4f (.text:UDMACC26XX_hwiIntFxn)
                  00006766    0000000a                      : UARTCC26XX.oem4f (.text:readSemCallback)
                  00006770    00000008     display.a : DisplaySharp.oem4f (.text:DisplaySharp_getType)
                  00006778    00000008     drivers_cc26x2.a : UARTCC26XX.oem4f (.text:UARTCC26XX_init)
                  00006780    00000008                      : SPICC26X2DMA.oem4f (.text:blockingTransferCallback)
                  00006788    00000008                      : UARTCC26XX.oem4f (.text:writeSemCallback)
                  00006790    00000008     release_pem4f.oem4f (.text:xdc_runtime_Text_visitRope__I)
                  00006798    00000006     display.a : DisplayUart.oem4f (.text:DisplayUartAnsi_control)
                  0000679e    00000006               : DisplayUart.oem4f (.text:DisplayUartAnsi_getType)
                  000067a4    00000006     driverlib.lib : cpu.obj (.text:NOROM_CPUdelay)
                  000067aa    00000006     drivers_cc26x2.a : UARTCC26XX.oem4f (.text:UARTCC26XX_readPolling)
                  000067b0    00000006                      : UARTCC26XX.oem4f (.text:UARTCC26XX_writePolling)
                  000067b6    00000006                      : PowerCC26X2.oem4f (.text:delayUs)
                  000067bc    00000006     rom_sysbios.aem4f : rom_sysbios.obj (.text:pthread_attr_setstacksize)
                  000067c2    00000004     dpl_cc26x2.a : PowerCC26X2_tirtos.oem4f (.text:CPUwfi)
                  000067c6    00000004                  : ClockP_tirtos.oem4f (.text:ClockP_destruct)
                  000067ca    00000004                  : ClockP_tirtos.oem4f (.text:ClockP_getCpuFreq)
                  000067ce    00000004                  : ClockP_tirtos.oem4f (.text:ClockP_setTimeout)
                  000067d2    00000004                  : ClockP_tirtos.oem4f (.text:ClockP_start)
                  000067d6    00000004                  : ClockP_tirtos.oem4f (.text:ClockP_stop)
                  000067da    00000004                  : HwiP_tirtos.oem4f (.text:HwiP_clearInterrupt)
                  000067de    00000004                  : HwiP_tirtos.oem4f (.text:HwiP_destruct)
                  000067e2    00000004                  : HwiP_tirtos.oem4f (.text:HwiP_disable)
                  000067e6    00000004                  : HwiP_tirtos.oem4f (.text:HwiP_disableInterrupt)
                  000067ea    00000004                  : HwiP_tirtos.oem4f (.text:HwiP_enableInterrupt)
                  000067ee    00000004                  : SemaphoreP_tirtos.oem4f (.text:SemaphoreP_destruct)
                  000067f2    00000004                  : SemaphoreP_tirtos.oem4f (.text:SemaphoreP_post)
                  000067f6    00000004                  : SwiP_tirtos.oem4f (.text:SwiP_destruct)
                  000067fa    00000004                  : SwiP_tirtos.oem4f (.text:SwiP_getTrigger)
                  000067fe    00000004                  : SwiP_tirtos.oem4f (.text:SwiP_or)
                  00006802    00000004                  : SwiP_tirtos.oem4f (.text:SwiP_post)
                  00006806    00000004                  : SystemP_tirtos.oem4f (.text:SystemP_vsnprintf)
                  0000680a    00000004     drivers_cc26x2.a : PowerCC26X2.oem4f (.text:configureRFCoreClocks)
                  0000680e    00000004                      : PowerCC26X2.oem4f (.text:nopResourceHandler)
                  00006812    00000004     rom_sysbios.aem4f : rom_sysbios.obj (.text:ti_sysbios_knl_Task_getArg1__E)
                  00006816    00000004                       : rom_sysbios.obj (.text:ti_sysbios_knl_Task_getEnv__E)
                  0000681a    00000004     release_pem4f.oem4f (.text:xdc_runtime_Startup_reset__I)
                  0000681e    00000004     rom_sysbios.aem4f : rom_sysbios.obj (.text:xdc_runtime_SysCallback_defaultReady)
                  00006822    00000002     --HOLE-- [fill = 0]
                  00006824    00000008     (.tramp.ti_sysbios_knl_Swi_destruct.1)
                  0000682c    00000008     (.tramp.ti_sysbios_family_arm_m3_Hwi_enableInterrupt__E.1)
                  00006834    00000008     (.tramp.ti_sysbios_family_arm_m3_Hwi_disableInterrupt__E.1)
                  0000683c    00000008     (.tramp.ti_sysbios_family_arm_m3_Hwi_disableFxn__E.1)
                  00006844    00000008     (.tramp.ti_sysbios_family_arm_m3_Hwi_destruct.1)
                  0000684c    00000008     (.tramp.ti_sysbios_BIOS_getCpuFreq__E.1)
                  00006854    00000008     (.tramp.ti_sysbios_knl_Clock_destruct.1)
                  0000685c    00000008     (.tramp.ti_sysbios_knl_Task_self__E.1)
                  00006864    00000008     (.tramp.ti_sysbios_knl_Semaphore_delete.1)
                  0000686c    00000008     (.tramp.ti_sysbios_knl_Clock_logTick__E.1)
                  00006874    00000008     (.tramp.ti_sysbios_knl_Task_sleep__E.1)
                  0000687c    00000008     (.tramp.ti_sysbios_knl_Swi_post__E.1)
                  00006884    00000008     (.tramp.ti_sysbios_BIOS_RtsGateProxy_leave__E.1)
                  0000688c    00000008     (.tramp.xdc_runtime_System_vsnprintf__E.1)
                  00006894    00000008     (.tramp.ti_sysbios_knl_Swi_construct.1)
                  0000689c    00000008     (.tramp.ti_sysbios_knl_Swi_restore__E.1)
                  000068a4    00000008     (.tramp.ti_sysbios_BIOS_RtsGateProxy_enter__E.1)
                  000068ac    00000008     (.tramp.ti_sysbios_knl_Clock_TimerProxy_getCurrentTick__E.1)
                  000068b4    00000008     (.tramp.ti_sysbios_knl_Task_delete.1)
                  000068bc    00000008     (.tramp.ti_sysbios_knl_Semaphore_destruct.1)
                  000068c4    00000008     (.tramp.ti_sysbios_knl_Semaphore_create.1)
                  000068cc    00000008     (.tramp.ti_sysbios_knl_Task_startup__E.1)
                  000068d4    00000008     (.tramp.ti_sysbios_knl_Swi_startup__E.1)
                  000068dc    00000008     (.tramp.ti_sysbios_hal_Hwi_startup__E.1)
                  000068e4    00000008     (.tramp.ti_sysbios_family_arm_cc26xx_Timer_startup__E.1)
                  000068ec    00000008     (.tramp.xdc_runtime_System_atexit__E.1)
                  000068f4    00000008     (.tramp.ti_sysbios_BIOS_linkedWithIncorrectBootLibrary__E.1)
                  000068fc    00000008     (.tramp.xdc_runtime_Startup_rtsDone__E.1)
                  00006904    00000008     (.tramp.ti_sysbios_knl_Swi_disable__E.1)
                  0000690c    00000008     (.tramp.ti_sysbios_family_arm_m3_Hwi_construct.1)
                  00006914    00000008     (.tramp.ti_sysbios_family_arm_m3_Hwi_Params__init__S.1)
                  0000691c    00000008     (.tramp.ti_sysbios_knl_Clock_construct.1)
                  00006924    00000008     (.tramp.ti_sysbios_knl_Clock_Params__init__S.1)
                  0000692c    00000008     (.tramp.ti_sysbios_knl_Swi_Params__init__S.1)
                  00006934    00000008     (.tramp.xdc_runtime_System_exit__E.1)
                  0000693c    00000008     (.tramp.ti_sysbios_heaps_HeapMem_restore__E.1)
                  00006944    00000008     (.tramp.ti_sysbios_heaps_HeapMem_Object__get__S.1)
                  0000694c    00000008     (.tramp.ti_sysbios_BIOS_start__E.1)
                  00006954    00000008     (.tramp.xdc_runtime_Error_raiseX__E.1)
                  0000695c    00000008     (.tramp.ti_sysbios_BIOS_setThreadType__E.1)
                  00006964    00000008     (.tramp.ti_sysbios_family_arm_m3_Hwi_excFillContext__I.1)
                  0000696c    00000008     (.tramp.ti_sysbios_knl_Semaphore_post__E.1)
                  00006974    00000008     (.tramp.xdc_runtime_Memory_free__E.1)
                  0000697c    00000008     (.tramp.ti_sysbios_knl_Queue_next__E.1)
                  00006984    00000008     (.tramp.ti_sysbios_knl_Queue_head__E.1)
                  0000698c    00000008     (.tramp.ti_sysbios_knl_Semaphore_pend__E.1)
                  00006994    00000008     (.tramp.ti_sysbios_knl_Task_restore__E.1)
                  0000699c    00000008     (.tramp.ti_sysbios_knl_Queue_enqueue__E.1)
                  000069a4    00000008     (.tramp.ti_sysbios_knl_Queue_empty__E.1)
                  000069ac    00000008     (.tramp.ti_sysbios_knl_Queue_remove__E.1)
                  000069b4    00000008     (.tramp.ti_sysbios_knl_Task_disable__E.1)
                  000069bc    00000008     (.tramp.ti_sysbios_knl_Clock_stop__E.1)
                  000069c4    00000008     (.tramp.ti_sysbios_knl_Clock_start__E.1)
                  000069cc    00000008     (.tramp.ti_sysbios_knl_Clock_setTimeout__E.1)
                  000069d4    00000008     (.tramp.ti_sysbios_knl_Task_create.1)
                  000069dc    00000008     (.tramp.ti_sysbios_knl_Semaphore_construct.1)
                  000069e4    00000008     (.tramp.ti_sysbios_knl_Semaphore_Params__init__S.1)
                  000069ec    00000008     (.tramp.ti_sysbios_knl_Queue_construct.1)
                  000069f4    00000008     (.tramp.xdc_runtime_Memory_alloc__E.1)
                  000069fc    00000008     (.tramp.ti_sysbios_knl_Task_Params__init__S.1)
                  00006a04    00000008     (.tramp.xdc_runtime_System_doPrint__I.1)
                  00006a0c    00000008     (.tramp.ti_sysbios_family_arm_m3_Hwi_restoreFxn__E.1)

.const     0    00006a14    00000c14     
                  00006a14    000003b8     release_pem4f.oem4f (.const:ROM_constStruct)
                  00006dcc    000002f8     grlib.a : fontfixed6x8.obj (.const:.string:g_pucFontFixed6x8Data)
                  000070c4    000000c8             : fontfixed6x8.obj (.const:g_sFontFixed6x8)
                  0000718c    00000060     rtsv7M4_T_le_v4SPD16_eabi.lib : mktime.c.obj (.const:$O1$$)
                  000071ec    00000054     drivers_cc26x2.a : PowerCC26X2.oem4f (.const:resourceDB)
                  00007240    00000048     release_pem4f.oem4f (.const:.string)
                  00007288    00000048     release_pem4f.oem4f (.const:ROM_externFuncPtrs)
                  000072d0    00000028     ti_drivers_config.obj (.const:BoardGpioInitTable)
                  000072f8    00000028     drivers_cc26x2.a : UARTCC26XX.oem4f (.const:UARTCC26XX_fxnTable)
                  00007320    00000028     ti_drivers_config.obj (.const:uartCC26XXHWAttrs)
                  00007348    00000024     drivers_cc26x2.a : UART.oem4f (.const:UART_defaultParams)
                  0000736c    00000024     release_pem4f.oem4f (.const:xdc_runtime_Startup_sfxnTab__A)
                  00007390    00000020     display.a : DisplaySharp.oem4f (.const:DisplaySharp_fxnTable)
                  000073b0    00000020               : DisplayUart.oem4f (.const:DisplayUartAnsi_fxnTable)
                  000073d0    00000020     drivers_cc26x2.a : SPI.oem4f (.const:SPI_defaultParams)
                  000073f0    00000020     display.a : SharpGrLib.oem4f (.const:g_sharpFxns)
                  00007410    00000020     ti_drivers_config.obj (.const:spiCC26X2DMAHWAttrs)
                  00007430    00000018     ti_drivers_config.obj (.const:Display_config)
                  00007448    00000018     drivers_cc26x2.a : SPICC26X2DMA.oem4f (.const:SPICC26X2DMA_fxnTable)
                  00007460    00000018     ti_drivers_config.obj (.const:displayLcdHWattrs)
                  00007478    00000018     drivers_cc26x2.a : SPICC26X2DMA.oem4f (.const:frameFormat)
                  00007490    00000018                      : GPIOCC26XX.oem4f (.const:interruptType)
                  000074a8    00000014     ti_drivers_config.obj (.const:$P$T1$2)
                  000074bc    00000014     ti_drivers_config.obj (.const:GPIOCC26XX_config)
                  000074d0    00000014     ti_drivers_config.obj (.const:PowerCC26X2_config)
                  000074e4    00000014     ti_drivers_config.obj (.const:displayUartHWAttrs)
                  000074f8    00000014     drivers_cc26x2.a : UARTCC26XX.oem4f (.const:parityType)
                  0000750c    00000012     release_pem4f.oem4f (.const:xdc_runtime_Startup_sfxnRts__A)
                  0000751e    00000010     display.a : SharpGrLib.oem4f (.const:.string:referse_data)
                  0000752e    00000001               : Display.oem4f (.const:Display_defaultParams)
                  0000752f    00000001     release_pem4f.oem4f (.const:xdc_runtime_Text_charTab__A)
                  00007530    00000010     drivers_cc26x2.a : UARTCC26XX.oem4f (.const:dataLength)
                  00007540    00000010                      : GPIOCC26XX.oem4f (.const:outPinTypes)
                  00007550    0000000d     ti_drivers_config.obj (.const)
                  0000755d    00000003     --HOLE-- [fill = 0]
                  00007560    0000000c     ti_drivers_config.obj (.const:SPI_config)
                  0000756c    0000000c     ti_drivers_config.obj (.const:UART_config)
                  00007578    0000000c     drivers_cc26x2.a : GPIOCC26XX.oem4f (.const:inPinTypes)
                  00007584    0000000c                      : GPIOCC26XX.oem4f (.const:outPinStrengths)
                  00007590    0000000c     release_pem4f.oem4f (.const:xdc_runtime_Startup_firstFxns__A)
                  0000759c    00000008     driverlib.lib : aux_sysif.obj (.const:$O1$$)
                  000075a4    00000008     ti_drivers_config.obj (.const:$P$T0$1)
                  000075ac    00000008     ti_drivers_config.obj (.const:PINCC26XX_hwAttrs)
                  000075b4    00000008     ti_drivers_config.obj (.const:UDMACC26XX_config)
                  000075bc    00000008     drivers_cc26x2.a : SPICC26X2DMA.oem4f (.const:dmaNullConfig)
                  000075c4    00000008                      : SPICC26X2DMA.oem4f (.const:dmaRxConfig)
                  000075cc    00000008                      : SPICC26X2DMA.oem4f (.const:dmaTxConfig)
                  000075d4    00000008                      : UARTCC26XX.oem4f (.const:stopBits)
                  000075dc    00000008     release_pem4f.oem4f (.const:ti_sysbios_family_arm_m3_Hwi_excHookFuncs__A)
                  000075e4    00000008     release_pem4f.oem4f (.const:ti_sysbios_knl_Idle_funcList__A)
                  000075ec    00000008     ti_drivers_config.obj (.const:udmaCC26XXHWAttrs)
                  000075f4    00000007     display.a : DisplayUart.oem4f (.const:.string:$P$T0$1)
                  000075fb    00000006     drivers_cc26x2.a : UARTCC26XX.oem4f (.const:.string:rxFifoBytes)
                  00007601    00000006                      : UARTCC26XX.oem4f (.const:.string:rxFifoThreshold)
                  00007607    00000006                      : UARTCC26XX.oem4f (.const:.string:txFifoBytes)
                  0000760d    00000006                      : UARTCC26XX.oem4f (.const:.string:txFifoThreshold)
                  00007613    00000001     --HOLE-- [fill = 0]
                  00007614    00000004     release_pem4f.oem4f (.const:ti_sysbios_family_arm_m3_Hwi_E_exception__C)
                  00007618    00000004     release_pem4f.oem4f (.const:ti_sysbios_heaps_HeapMem_primaryHeapBaseAddr__C)
                  0000761c    00000004     release_pem4f.oem4f (.const:ti_sysbios_heaps_HeapMem_primaryHeapEndAddr__C)
                  00007620    00000004     release_pem4f.oem4f (.const:ti_sysbios_knl_Clock_tickPeriod__C)
                  00007624    00000004     release_pem4f.oem4f (.const:ti_sysbios_knl_Task_Object__heap__C)

MODULE SUMMARY

       Module                             code    ro data   rw data
       ------                             ----    -------   -------
    ./
       display.obj                        268     0         3004   
       main_tirtos.obj                    100     0         0      
    +--+----------------------------------+-------+---------+---------+
       Total:                             368     0         3004   
                                                                   
    ./syscfg/
       ti_drivers_config.obj              306     309       3948   
       ti_devices_config.obj              0       88        0      
    +--+----------------------------------+-------+---------+---------+
       Total:                             306     397       3948   
                                                                   
    /home/vestel/workspace_ccs/tirtos_builds_cc13x2_cc26x2_release_ccs/Debug/configPkg/package/cfg/
       release_pem4f.oem4f                816     1259      1850   
    +--+----------------------------------+-------+---------+---------+
       Total:                             816     1259      1850   
                                                                   
    /home/vestel/ti/simplelink_cc13x2_26x2_sdk_4_30_00_54/kernel/tirtos/packages/ti/dpl/lib/ccs/m4f/dpl_cc26x2.a
       PowerCC26X2_tirtos.oem4f           260     0         8      
       ClockP_tirtos.oem4f                126     0         0      
       SemaphoreP_tirtos.oem4f            126     0         0      
       SwiP_tirtos.oem4f                  116     0         0      
       HwiP_tirtos.oem4f                  98      0         0      
       SystemP_tirtos.oem4f               30      0         0      
    +--+----------------------------------+-------+---------+---------+
       Total:                             756     0         8      
                                                                   
    /home/vestel/ti/simplelink_cc13x2_26x2_sdk_4_30_00_54/kernel/tirtos/packages/ti/targets/arm/rtsarm/lib/auto_init.aem4f
       auto_init.oem4f                    160     0         0      
    +--+----------------------------------+-------+---------+---------+
       Total:                             160     0         0      
                                                                   
    /home/vestel/ti/simplelink_cc13x2_26x2_sdk_4_30_00_54/kernel/tirtos/packages/ti/targets/arm/rtsarm/lib/boot.aem4f
       boot.oem4f                         88      0         0      
    +--+----------------------------------+-------+---------+---------+
       Total:                             88      0         0      
                                                                   
    /home/vestel/ti/simplelink_cc13x2_26x2_sdk_4_30_00_54/source/ti/devices/cc13x2_cc26x2/driverlib/bin/ccs/driverlib.lib
       sys_ctrl.obj                       428     0         0      
       osc.obj                            340     0         36     
       setup.obj                          324     0         0      
       chipinfo.obj                       250     0         0      
       prcm.obj                           160     0         0      
       aux_sysif.obj                      52      8         0      
       cpu.obj                            30      0         0      
       driverlib_release.obj              0       0         1      
    +--+----------------------------------+-------+---------+---------+
       Total:                             1584    8         37     
                                                                   
    /home/vestel/ti/simplelink_cc13x2_26x2_sdk_4_30_00_54/source/ti/display/lib/ccs/m4f/display.a
       SharpGrLib.oem4f                   1112    48        34     
       DisplaySharp.oem4f                 792     32        0      
       DisplayUart.oem4f                  576     39        0      
       Display.oem4f                      174     1         0      
    +--+----------------------------------+-------+---------+---------+
       Total:                             2654    120       34     
                                                                   
    /home/vestel/ti/simplelink_cc13x2_26x2_sdk_4_30_00_54/source/ti/drivers/lib/ccs/m4f/drivers_cc26x2.a
       SPICC26X2DMA.oem4f                 3390    72        128    
       UARTCC26XX.oem4f                   2760    108       0      
       PowerCC26X2.oem4f                  2060    84        368    
       PINCC26XX.oem4f                    1586    0         328    
       PowerCC26X2_calibrateRCOSC.oem4f   1400    0         0      
       GPIOCC26XX.oem4f                   660     64        61     
       UART.oem4f                         186     36        1      
       SPI.oem4f                          172     32        1      
       UDMACC26XX.oem4f                   168     0         0      
       RingBuf.oem4f                      152     0         0      
       List.oem4f                         76      0         0      
    +--+----------------------------------+-------+---------+---------+
       Total:                             12610   396       887    
                                                                   
    /home/vestel/ti/simplelink_cc13x2_26x2_sdk_4_30_00_54/source/ti/grlib/lib/ccs/m4f/grlib.a
       string.obj                         1214    0         0      
       fontfixed6x8.obj                   0       960       0      
       rectangle.obj                      274     0         0      
       display.obj                        194     0         0      
       context.obj                        188     0         0      
       line.obj                           156     0         0      
    +--+----------------------------------+-------+---------+---------+
       Total:                             2026    960       0      
                                                                   
    /home/vestel/workspace_ccs/tirtos_builds_cc13x2_cc26x2_release_ccs/src/sysbios/rom_sysbios.aem4f
       rom_sysbios.obj                    2097    0         136    
    +--+----------------------------------+-------+---------+---------+
       Total:                             2097    0         136    
                                                                   
    /opt/ti/ccs1011/ccs/tools/compiler/ti-cgt-arm_20.2.1.LTS/lib/rtsv7M4_T_le_v4SPD16_eabi.lib
       mktime.c.obj                       672     96        0      
       fd_add_t2.asm.obj                  438     0         0      
       localtim.c.obj                     308     0         36     
       fd_cmp_t2.asm.obj                  268     0         0      
       fd_mul_t2.asm.obj                  252     0         0      
       memcpy_t2.asm.obj                  156     0         0      
       ull_div_t2.asm.obj                 150     0         0      
       memset_t2.asm.obj                  122     0         0      
       ll_div_t2.asm.obj                  110     0         0      
       copy_decompress_lzss.c.obj         104     0         0      
       cpy_tbl.c.obj                      76      0         0      
       fd_toi_t2.asm.obj                  72      0         0      
       fd_tou_t2.asm.obj                  68      0         0      
       u_divt2.asm.obj                    64      0         0      
       fs_tod_t2.asm.obj                  56      0         0      
       rand.c.obj                         52      0         4      
       i_tofd_t2.asm.obj                  46      0         0      
       _lock.c.obj                        26      0         8      
       args_main.c.obj                    24      0         0      
       ll_mul_t2.asm.obj                  24      0         0      
       tmzone.c.obj                       0       0         16     
       copy_decompress_none.c.obj         14      0         0      
       copy_zero_init.c.obj               12      0         0      
       stkdepth_vars.c.obj                0       0         4      
       div0.asm.obj                       2       0         0      
    +--+----------------------------------+-------+---------+---------+
       Total:                             3116    96        68     
                                                                   
       Stack:                             0       0         1024   
       Linker Generated:                  496     632       0      
    +--+----------------------------------+-------+---------+---------+
       Grand Total:                       27077   3868      10996  


LINKER GENERATED COPY TABLES

__TI_cinit_table @ 00007838 records: 13, size/record: 8, table size: 104
	.data: load addr=00007628, load size=000001a4 bytes, run addr=20000110, run size=00000613 bytes, compression=lzss
	.TI.bound:dmaSpi0RxAltControlTableEntry: load addr=000077d8, load size=00000008 bytes, run addr=20001a30, run size=00000010 bytes, compression=zero_init
	.TI.bound:dmaSpi0RxControlTableEntry: load addr=000077e0, load size=00000008 bytes, run addr=20001830, run size=00000010 bytes, compression=zero_init
	.TI.bound:dmaSpi0TxAltControlTableEntry: load addr=000077e8, load size=00000008 bytes, run addr=20001a40, run size=00000010 bytes, compression=zero_init
	.TI.bound:dmaSpi0TxControlTableEntry: load addr=000077f0, load size=00000008 bytes, run addr=20001840, run size=00000010 bytes, compression=zero_init
	.TI.bound:dmaSpi1RxAltControlTableEntry: load addr=000077f8, load size=00000008 bytes, run addr=20001b00, run size=00000010 bytes, compression=zero_init
	.TI.bound:dmaSpi1RxControlTableEntry: load addr=00007800, load size=00000008 bytes, run addr=20001900, run size=00000010 bytes, compression=zero_init
	.TI.bound:dmaSpi1TxAltControlTableEntry: load addr=00007808, load size=00000008 bytes, run addr=20001b10, run size=00000010 bytes, compression=zero_init
	.TI.bound:dmaSpi1TxControlTableEntry: load addr=00007810, load size=00000008 bytes, run addr=20001910, run size=00000010 bytes, compression=zero_init
	.bss: load addr=00007818, load size=00000008 bytes, run addr=20005b20, run size=00001f7d bytes, compression=zero_init
	.data:xdcRomConstPtr: load addr=00007820, load size=00000008 bytes, run addr=20000100, run size=00000004 bytes, compression=lzss
	.data:xdcRomExternFuncPtr: load addr=00007828, load size=00000008 bytes, run addr=20000104, run size=00000004 bytes, compression=lzss
	.data:xdcRomStatePtr: load addr=00007830, load size=00000008 bytes, run addr=20000108, run size=00000004 bytes, compression=lzss


LINKER GENERATED HANDLER TABLE

__TI_handler_table @ 000077cc records: 3, size/record: 4, table size: 12
	index: 0, handler: __TI_decompress_lzss
	index: 1, handler: __TI_decompress_none
	index: 2, handler: __TI_zero_init


FAR CALL TRAMPOLINES

callee name               trampoline name
   callee addr  tramp addr   call addr  call info
--------------  -----------  ---------  ----------------
ti_sysbios_knl_Swi_destruct  $Tramp$TT$L$PI$$ti_sysbios_knl_Swi_destruct
   1002e8bd     00006824     000067f6   dpl_cc26x2.a : SwiP_tirtos.oem4f (.text:SwiP_destruct)
ti_sysbios_family_arm_m3_Hwi_enableInterrupt__E  $Tramp$TT$L$PI$$ti_sysbios_family_arm_m3_Hwi_enableInterrupt__E
   1002d91d     0000682c     000067ea   dpl_cc26x2.a : HwiP_tirtos.oem4f (.text:HwiP_enableInterrupt)
ti_sysbios_family_arm_m3_Hwi_disableInterrupt__E  $Tramp$TT$L$PI$$ti_sysbios_family_arm_m3_Hwi_disableInterrupt__E
   1002d8d9     00006834     000067e6   dpl_cc26x2.a : HwiP_tirtos.oem4f (.text:HwiP_disableInterrupt)
ti_sysbios_family_arm_m3_Hwi_disableFxn__E  $Tramp$TT$L$PI$$ti_sysbios_family_arm_m3_Hwi_disableFxn__E
   1002eb55     0000683c     000067e2   dpl_cc26x2.a : HwiP_tirtos.oem4f (.text:HwiP_disable)
ti_sysbios_family_arm_m3_Hwi_destruct  $Tramp$TT$L$PI$$ti_sysbios_family_arm_m3_Hwi_destruct
   1002e475     00006844     000067de   dpl_cc26x2.a : HwiP_tirtos.oem4f (.text:HwiP_destruct)
ti_sysbios_BIOS_getCpuFreq__E  $Tramp$TT$L$PI$$ti_sysbios_BIOS_getCpuFreq__E
   1002e9fd     0000684c     000067ca   dpl_cc26x2.a : ClockP_tirtos.oem4f (.text:ClockP_getCpuFreq)
ti_sysbios_knl_Clock_destruct  $Tramp$TT$L$PI$$ti_sysbios_knl_Clock_destruct
   1002e649     00006854     000067c6   dpl_cc26x2.a : ClockP_tirtos.oem4f (.text:ClockP_destruct)
ti_sysbios_knl_Task_self__E  $Tramp$TT$L$PI$$ti_sysbios_knl_Task_self__E
   1002eaf5     0000685c     000066d2   rom_sysbios.aem4f : rom_sysbios.obj (.text:pthread_self)
ti_sysbios_knl_Semaphore_delete  $Tramp$TT$L$PI$$ti_sysbios_knl_Semaphore_delete
   1002ecdb     00006864     000066a6   dpl_cc26x2.a : SemaphoreP_tirtos.oem4f (.text:SemaphoreP_delete)
ti_sysbios_knl_Clock_logTick__E  $Tramp$TT$L$PI$$ti_sysbios_knl_Clock_logTick__E
   1002dbd7     0000686c     00006572   release_pem4f.oem4f (.text:ti_sysbios_knl_Clock_doTick__I)
ti_sysbios_knl_Task_sleep__E  $Tramp$TT$L$PI$$ti_sysbios_knl_Task_sleep__E
   1002ce01     00006874     00006504   dpl_cc26x2.a : ClockP_tirtos.oem4f (.text:ClockP_usleep)
ti_sysbios_knl_Swi_post__E  $Tramp$TT$L$PI$$ti_sysbios_knl_Swi_post__E
   1002d891     0000687c     00006440   rom_sysbios.aem4f : rom_sysbios.obj (.text:ti_sysbios_knl_Swi_or__E)
                             0000657a   release_pem4f.oem4f (.text:ti_sysbios_knl_Clock_doTick__I)
                             00006802   dpl_cc26x2.a : SwiP_tirtos.oem4f (.text:SwiP_post)
ti_sysbios_BIOS_RtsGateProxy_leave__E  $Tramp$TT$L$PI$$ti_sysbios_BIOS_RtsGateProxy_leave__E
   1002ec7b     00006884     00006422   release_pem4f.oem4f (.text:ti_sysbios_BIOS_rtsUnlock__I)
xdc_runtime_System_vsnprintf__E  $Tramp$TT$L$PI$$xdc_runtime_System_vsnprintf__E
   1002f8b9     0000688c     0000635e   dpl_cc26x2.a : SystemP_tirtos.oem4f (.text:SystemP_snprintf)
                             00006806                : SystemP_tirtos.oem4f (.text:SystemP_vsnprintf)
ti_sysbios_knl_Swi_construct  $Tramp$TT$L$PI$$ti_sysbios_knl_Swi_construct
   1002d719     00006894     000062b6   rom_sysbios.aem4f : rom_sysbios.obj (.text:ti_sysbios_knl_Swi_construct2__E)
ti_sysbios_knl_Swi_restore__E  $Tramp$TT$L$PI$$ti_sysbios_knl_Swi_restore__E
   1002db61     0000689c     00006262   dpl_cc26x2.a : PowerCC26X2_tirtos.oem4f (.text:PowerCC26XX_schedulerRestore)
ti_sysbios_BIOS_RtsGateProxy_enter__E  $Tramp$TT$L$PI$$ti_sysbios_BIOS_RtsGateProxy_enter__E
   1002ec77     000068a4     00006152   release_pem4f.oem4f (.text:ti_sysbios_BIOS_rtsLock__I)
ti_sysbios_knl_Clock_TimerProxy_getCurrentTick__E  $Tramp$TT$L$PI$$ti_sysbios_knl_Clock_TimerProxy_getCurrentTick__E
   1002eac5     000068ac     00005e0e   rom_sysbios.aem4f : rom_sysbios.obj (.text:ti_sysbios_knl_Clock_getTicksUntilInterrupt__E)
ti_sysbios_knl_Task_delete  $Tramp$TT$L$PI$$ti_sysbios_knl_Task_delete
   1002ece7     000068b4     00005db8   rom_sysbios.aem4f : rom_sysbios.obj (.text:_pthread_delete$45)
ti_sysbios_knl_Semaphore_destruct  $Tramp$TT$L$PI$$ti_sysbios_knl_Semaphore_destruct
   1002e6fd     000068bc     00005dac   rom_sysbios.aem4f : rom_sysbios.obj (.text:_pthread_delete$45)
                             000067ee   dpl_cc26x2.a : SemaphoreP_tirtos.oem4f (.text:SemaphoreP_destruct)
ti_sysbios_knl_Semaphore_create  $Tramp$TT$L$PI$$ti_sysbios_knl_Semaphore_create
   1002dc49     000068c4     00005d6c   dpl_cc26x2.a : SemaphoreP_tirtos.oem4f (.text:SemaphoreP_createBinary)
ti_sysbios_knl_Task_startup__E  $Tramp$TT$L$PI$$ti_sysbios_knl_Task_startup__E
   1002eceb     000068cc     00005c2c   release_pem4f.oem4f (.text:ti_sysbios_BIOS_startFunc__I)
ti_sysbios_knl_Swi_startup__E  $Tramp$TT$L$PI$$ti_sysbios_knl_Swi_startup__E
   1002ec6b     000068d4     00005c28   release_pem4f.oem4f (.text:ti_sysbios_BIOS_startFunc__I)
ti_sysbios_hal_Hwi_startup__E  $Tramp$TT$L$PI$$ti_sysbios_hal_Hwi_startup__E
   1002ec31     000068dc     00005c24   release_pem4f.oem4f (.text:ti_sysbios_BIOS_startFunc__I)
ti_sysbios_family_arm_cc26xx_Timer_startup__E  $Tramp$TT$L$PI$$ti_sysbios_family_arm_cc26xx_Timer_startup__E
   1002dcf1     000068e4     00005c20   release_pem4f.oem4f (.text:ti_sysbios_BIOS_startFunc__I)
xdc_runtime_System_atexit__E  $Tramp$TT$L$PI$$xdc_runtime_System_atexit__E
   1002f559     000068ec     00005c18   release_pem4f.oem4f (.text:ti_sysbios_BIOS_startFunc__I)
ti_sysbios_BIOS_linkedWithIncorrectBootLibrary__E  $Tramp$TT$L$PI$$ti_sysbios_BIOS_linkedWithIncorrectBootLibrary__E
   1002d01b     000068f4     00005c12   release_pem4f.oem4f (.text:ti_sysbios_BIOS_startFunc__I)
xdc_runtime_Startup_rtsDone__E  $Tramp$TT$L$PI$$xdc_runtime_Startup_rtsDone__E
   1002f8e5     000068fc     00005c0a   release_pem4f.oem4f (.text:ti_sysbios_BIOS_startFunc__I)
ti_sysbios_knl_Swi_disable__E  $Tramp$TT$L$PI$$ti_sysbios_knl_Swi_disable__E
   1002ea25     00006904     00005bda   release_pem4f.oem4f (.text:ti_sysbios_BIOS_atExitFunc__I)
                             0000624a   dpl_cc26x2.a : PowerCC26X2_tirtos.oem4f (.text:PowerCC26XX_schedulerDisable)
ti_sysbios_family_arm_m3_Hwi_construct  $Tramp$TT$L$PI$$ti_sysbios_family_arm_m3_Hwi_construct
   1002d421     0000690c     000057ce   rom_sysbios.aem4f : rom_sysbios.obj (.text:ti_sysbios_family_arm_m3_Hwi_construct2__E)
ti_sysbios_family_arm_m3_Hwi_Params__init__S  $Tramp$TT$L$PI$$ti_sysbios_family_arm_m3_Hwi_Params__init__S
   1002eb49     00006914     00005718   dpl_cc26x2.a : HwiP_tirtos.oem4f (.text:HwiP_construct)
ti_sysbios_knl_Clock_construct  $Tramp$TT$L$PI$$ti_sysbios_knl_Clock_construct
   1002dd8d     0000691c     00005532   dpl_cc26x2.a : ClockP_tirtos.oem4f (.text:ClockP_construct)
ti_sysbios_knl_Clock_Params__init__S  $Tramp$TT$L$PI$$ti_sysbios_knl_Clock_Params__init__S
   1002eb9d     00006924     00005518   dpl_cc26x2.a : ClockP_tirtos.oem4f (.text:ClockP_construct)
ti_sysbios_knl_Swi_Params__init__S  $Tramp$TT$L$PI$$ti_sysbios_knl_Swi_Params__init__S
   1002ebf1     0000692c     00004e56   dpl_cc26x2.a : SwiP_tirtos.oem4f (.text:SwiP_construct)
xdc_runtime_System_exit__E  $Tramp$TT$L$PI$$xdc_runtime_System_exit__E
   1002f7b1     00006934     00004d68   boot.aem4f : boot.oem4f (.text)
                             000064f2   release_pem4f.oem4f (.text:ti_sysbios_BIOS_exitFunc__I)
ti_sysbios_heaps_HeapMem_restore__E  $Tramp$TT$L$PI$$ti_sysbios_heaps_HeapMem_restore__E
   1002eb13     0000693c     00004ba8   rom_sysbios.aem4f : rom_sysbios.obj (.text:ti_sysbios_heaps_HeapMem_initPrimary__I)
ti_sysbios_heaps_HeapMem_Object__get__S  $Tramp$TT$L$PI$$ti_sysbios_heaps_HeapMem_Object__get__S
   1002e275     00006944     00004b78   rom_sysbios.aem4f : rom_sysbios.obj (.text:ti_sysbios_heaps_HeapMem_initPrimary__I)
ti_sysbios_BIOS_start__E  $Tramp$TT$L$PI$$ti_sysbios_BIOS_start__E
   1002eaa5     0000694c     000048c2   main_tirtos.obj (.text:main)
xdc_runtime_Error_raiseX__E  $Tramp$TT$L$PI$$xdc_runtime_Error_raiseX__E
   1002f739     00006954     000042f6   rom_sysbios.aem4f : rom_sysbios.obj (.text:ti_sysbios_family_arm_m3_Hwi_excHandlerMin__I)
ti_sysbios_BIOS_setThreadType__E  $Tramp$TT$L$PI$$ti_sysbios_BIOS_setThreadType__E
[...]
1002eb49  ti_sysbios_hal_Hwi_HwiProxy_Params__init__S                        
1002eb55  ti_sysbios_family_arm_m3_Hwi_disableFxn__E                         
1002eb61  ti_sysbios_family_arm_m3_Hwi_enableFxn__E                          
1002eb6d  ti_sysbios_gates_GateHwi_enter__E                                  
1002eb79  ti_sysbios_BIOS_RtsGateProxy_Params__init__S                       
1002eb79  ti_sysbios_gates_GateMutex_Params__init__S                         
1002eb79  ti_sysbios_heaps_HeapMem_Module_GateProxy_Params__init__S          
1002eb85  ti_sysbios_heaps_HeapTrack_Params__init__S                         
1002eb91  ti_sysbios_heaps_HeapTrack_isBlocking__E                           
1002eb9d  ti_sysbios_knl_Clock_Params__init__S                               
1002eba9  ti_sysbios_knl_Clock_getTimerHandle__E                             
1002ebb5  ti_sysbios_knl_Event_Params__init__S                               
1002ebc1  ti_sysbios_knl_Mailbox_Params__init__S                             
1002ebcd  ti_sysbios_knl_Queue_dequeue__E                                    
1002ebd9  ti_sysbios_knl_Queue_enqueue__E                                    
1002ebe5  ti_sysbios_knl_Semaphore_Params__init__S                           
1002ebf1  ti_sysbios_knl_Swi_Params__init__S                                 
1002ebfd  ti_sysbios_knl_Swi_self__E                                         
1002ec09  ti_sysbios_knl_Task_Params__init__S                                
1002ec15  ti_sysbios_hal_Hwi_Instance_finalize__E                            
1002ec1f  ti_sysbios_knl_Event_Instance_init__E                              
1002ec29  ti_sysbios_family_arm_m3_Hwi_doSwiRestore__I                       
1002ec31  ti_sysbios_family_arm_m3_Hwi_startup__E                            
1002ec31  ti_sysbios_hal_Hwi_HwiProxy_startup__E                             
1002ec31  ti_sysbios_hal_Hwi_HwiProxy_startup__E                             
1002ec31  ti_sysbios_hal_Hwi_startup__E                                      
1002ec31  ti_sysbios_hal_Hwi_startup__E                                      
1002ec39  ti_sysbios_knl_Idle_loop__E                                        
1002ec41  ti_sysbios_family_arm_m3_Hwi_doTaskRestore__I                      
1002ec47  HwiP_restore                                                       
1002ec47  ti_sysbios_family_arm_m3_Hwi_restoreFxn__E                         
1002ec4d  ti_sysbios_gates_GateHwi_leave__E                                  
1002ec53  ti_sysbios_gates_GateMutex_Instance_finalize__E                    
1002ec59  ti_sysbios_heaps_HeapMem_isBlocking__E                             
1002ec5f  ti_sysbios_knl_Queue_Instance_init__E                              
1002ec65  ti_sysbios_knl_Queue_elemClear__E                                  
1002ec6b  ti_sysbios_knl_Swi_startup__E                                      
1002ec71  ti_sysbios_knl_Task_enable__E                                      
1002ec77  ti_sysbios_BIOS_RtsGateProxy_enter__E                              
1002ec7b  ti_sysbios_BIOS_RtsGateProxy_leave__E                              
1002ec7f  ti_sysbios_family_arm_cc26xx_Timer_getExpiredTicks__E              
1002ec83  ti_sysbios_family_arm_cc26xx_Timer_getPeriod__E                    
1002ec87  ti_sysbios_family_arm_cc26xx_Timer_setPeriod__E                    
1002ec8b  ti_sysbios_family_arm_m3_Hwi_delete                                
1002ec8f  ti_sysbios_family_arm_m3_TaskSupport_Module__startupDone__S        
1002ec8f  ti_sysbios_knl_Task_SupportProxy_Module__startupDone__S            
1002ec93  ti_sysbios_gates_GateHwi_query__E                                  
1002ec93  xdc_runtime_Main_Module_GateProxy_query__E                         
1002ec93  xdc_runtime_System_Module_GateProxy_query__E                       
1002ec93  xdc_runtime_System_Module_GateProxy_query__E                       
1002ec97  ti_sysbios_gates_GateMutex_delete                                  
1002ec9b  ti_sysbios_BIOS_RtsGateProxy_query__E                              
1002ec9b  ti_sysbios_BIOS_RtsGateProxy_query__E                              
1002ec9b  ti_sysbios_gates_GateMutex_query__E                                
1002ec9b  ti_sysbios_heaps_HeapMem_Module_GateProxy_query__E                 
1002ec9b  ti_sysbios_heaps_HeapMem_Module_GateProxy_query__E                 
1002ec9f  ti_sysbios_hal_Hwi_HwiProxy_create                                 
1002eca3  ti_sysbios_hal_Hwi_HwiProxy_delete                                 
1002eca7  ti_sysbios_hal_Hwi_delete                                          
1002ecab  ti_sysbios_heaps_HeapMem_Module_GateProxy_enter__E                 
1002ecaf  ti_sysbios_heaps_HeapMem_Module_GateProxy_leave__E                 
1002ecb3  ti_sysbios_knl_Clock_TimerProxy_getExpiredTicks__E                 
1002ecb7  ti_sysbios_knl_Clock_TimerProxy_getPeriod__E                       
1002ecbb  ti_sysbios_knl_Clock_delete                                        
1002ecbf  ti_sysbios_knl_Clock_removeI__E                                    
1002ecc3  ti_sysbios_knl_Clock_setTimeout__E                                 
1002ecc7  ti_sysbios_knl_Event_delete                                        
1002eccb  ti_sysbios_knl_Mailbox_delete                                      
1002eccf  ti_sysbios_knl_Queue_delete                                        
1002ecd3  ti_sysbios_knl_Queue_head__E                                       
1002ecd7  ti_sysbios_knl_Queue_next__E                                       
1002ecdb  ti_sysbios_knl_Semaphore_delete                                    
1002ecdf  ti_sysbios_knl_Swi_delete                                          
1002ece3  ti_sysbios_knl_Swi_postInit__I                                     
1002ece7  ti_sysbios_knl_Task_delete                                         
1002eceb  ti_sysbios_knl_Task_startup__E                                     
1002ecf1  xdc_runtime_System_doPrint__I                                      
1002f055  xdc_runtime_Startup_startMods__I                                   
1002f15d  xdc_runtime_Text_putSite__E                                        
1002f1f7  xdc_runtime_Error_policySpin__E                                    
1002f1f9  xdc_runtime_Text_putMod__E                                         
1002f289  xdc_runtime_Memory_alloc__E                                        
1002f2f9  xdc_runtime_Core_createObject__I                                   
1002f367  xdc_runtime_Core_deleteObject__I                                   
1002f3c5  xdc_runtime_Text_putLab__E                                         
1002f421  xdc_runtime_Assert_raise__I                                        
1002f475  xdc_runtime_Startup_exec__E                                        
1002f4c9  xdc_runtime_Core_assignParams__I                                   
1002f511  xdc_runtime_Core_constructObject__I                                
1002f559  xdc_runtime_System_atexit__E                                       
1002f5a1  xdc_runtime_Text_xprintf__I                                        
1002f5e5  xdc_runtime_System_processAtExit__E                                
1002f625  xdc_runtime_System_putchar__I                                      
1002f659  xdc_runtime_Core_assignLabel__I                                    
1002f689  xdc_runtime_Text_printVisFxn__I                                    
1002f6b9  xdc_runtime_System_vprintf__E                                      
1002f6e5  xdc_runtime_Text_cordText__E                                       
1002f711  xdc_runtime_System_abort__E                                        
1002f739  xdc_runtime_Error_raiseX__E                                        
1002f759  xdc_runtime_Registry_findById__E                                   
1002f779  xdc_runtime_Error_check__E                                         
1002f795  xdc_runtime_Memory_valloc__E                                       
1002f7b1  xdc_runtime_System_exit__E                                         
1002f7cd  xdc_runtime_Text_ropeText__E                                       
1002f7e9  xdc_runtime_System_printf__E                                       
1002f803  xdc_runtime_Core_destructObject__I                                 
1002f81b  xdc_runtime_System_abortSpin__E                                    
1002f81d  xdc_runtime_Memory_free__E                                         
1002f831  xdc_runtime_Memory_getStats__E                                     
1002f845  xdc_runtime_SysCallback_abort__E                                   
1002f845  xdc_runtime_System_SupportProxy_abort__E                           
1002f859  xdc_runtime_SysCallback_exit__E                                    
1002f859  xdc_runtime_System_SupportProxy_exit__E                            
1002f86d  xdc_runtime_SysCallback_flush__E                                   
1002f86d  xdc_runtime_System_SupportProxy_flush__E                           
1002f86d  xdc_runtime_System_flush__E                                        
1002f881  xdc_runtime_SysCallback_putch__E                                   
1002f881  xdc_runtime_System_SupportProxy_putch__E                           
1002f895  xdc_runtime_SysCallback_ready__E                                   
1002f895  xdc_runtime_System_SupportProxy_ready__E                           
1002f8a9  xdc_runtime_Memory_getMaxDefaultTypeAlign__E                       
1002f8b9  xdc_runtime_System_vsnprintf__E                                    
1002f8c9  xdc_runtime_Timestamp_SupportProxy_get32__E                        
1002f8c9  xdc_runtime_Timestamp_SupportProxy_get32__E                        
1002f8c9  xdc_runtime_Timestamp_get32__E                                     
1002f8c9  xdc_runtime_Timestamp_get32__E                                     
1002f8d9  xdc_runtime_Memory_calloc__E                                       
1002f8e5  xdc_runtime_Startup_rtsDone__E                                     
1002f8f1  xdc_runtime_Memory_HeapProxy_alloc__E                              
1002f8fb  xdc_runtime_Memory_HeapProxy_free__E                               
1002f905  xdc_runtime_Memory_HeapProxy_getStats__E                           
1002f90f  xdc_runtime_Gate_leaveSystem__E                                    
1002f915  xdc_runtime_System_Module_startup__E                               
1002f91b  xdc_runtime_Gate_enterSystem__E                                    
1002f91f  xdc_runtime_SysCallback_Module__startupDone__S                     
1002f91f  xdc_runtime_System_SupportProxy_Module__startupDone__S             
1002f923  xdc_runtime_System_Module_GateProxy_enter__E                       
1002f927  xdc_runtime_System_Module_GateProxy_leave__E                       
1002f92b  xdc_runtime_System_printf_va__F                                    
1002f92f  xdc_runtime_System_exitSpin__E                                     
1002f931  ti_sysbios_family_arm_m3_Hwi_dispatch__I                           
1002fa11  ti_sysbios_family_arm_m3_Hwi_interruptsAreDisabledButShouldNotBe   
1002fa2d  ti_sysbios_family_arm_m3_TaskSupport_buildTaskStack                
1002fab9  ti_sysbios_family_arm_m3_Hwi_initStacks__E                         
1002fb11  ti_sysbios_family_arm_m3_Hwi_pendSV__I                             
1002fb35  ti_sysbios_family_arm_m3_Hwi_return                                
1002fb39  ti_sysbios_family_arm_m3_Hwi_excHandlerAsm__I                      
1002fb59  ti_sysbios_family_xxx_Hwi_switchAndRunFunc                         
1002fb77  ti_sysbios_family_arm_m3_TaskSupport_swap__E                       
1002fb77  ti_sysbios_knl_Task_SupportProxy_swap__E                           
1002fb77  ti_sysbios_knl_Task_SupportProxy_swap__E                           
1002fb83  ti_sysbios_knl_Task_swapReturn                                     
1002fb8f  ti_sysbios_family_arm_m3_TaskSupport_glue                          
1002fba0  ti_sysbios_knl_Task_Object__PARAMS__C                              
1002fbdc  ti_sysbios_knl_Mailbox_Object__PARAMS__C                           
1002fc10  ti_sysbios_family_arm_m3_Hwi_Object__PARAMS__C                     
1002fc40  ti_sysbios_hal_Hwi_Object__PARAMS__C                               
1002fc6c  ti_sysbios_knl_Swi_Object__PARAMS__C                               
1002fc94  ti_sysbios_heaps_HeapMem_Object__PARAMS__C                         
1002fcb8  ti_sysbios_knl_Clock_Object__PARAMS__C                             
1002fcdc  ti_sysbios_knl_Semaphore_Object__PARAMS__C                         
1002fd00  ti_sysbios_gates_GateHwi_Object__PARAMS__C                         
1002fd18  ti_sysbios_gates_GateMutex_Object__PARAMS__C                       
1002fd30  ti_sysbios_knl_Event_Object__PARAMS__C                             
1002fd48  ti_sysbios_knl_Queue_Object__PARAMS__C                             
1002fd80  ti_sysbios_heaps_HeapTrack_Object__PARAMS__C                       
1002fd9c  ti_sysbios_heaps_HeapTrack_Instance_State_trackQueue__O            
1002fda0  ti_sysbios_heaps_HeapTrack_Module__diagsEnabled__C                 
1002fda4  ti_sysbios_heaps_HeapTrack_Module__diagsIncluded__C                
1002fda8  ti_sysbios_heaps_HeapTrack_Module__diagsMask__C                    
1002fddb  strlen                                                             
20000000  __start___llvm_prf_cnts                                            
20000000  __stop___llvm_prf_cnts                                             
20000000  ti_sysbios_family_arm_m3_Hwi_ramVectors                            
20000100  xdcRomConstPtr                                                     
20000104  xdcRomExternFuncPtr                                                
20000108  xdcRomStatePtr                                                     
20000110  PowerCC26X2_module                                                 
20000280  ROM_stateStruct                                                    
20000280  ti_sysbios_knl_Clock_Module__state__V                              
200002ac  ti_sysbios_family_arm_cc26xx_TimestampProvider_Module__state__V    
200002b0  xdc_runtime_Startup_Module__state__V                               
200002b8  xdc_runtime_Registry_Module__state__V                              
200002c0  ti_sysbios_BIOS_Module__state__V                                   
200002e4  ti_sysbios_knl_Swi_Module__state__V                                
20000300  ti_sysbios_knl_Task_Module__state__V                               
20000344  xdc_runtime_Memory_Module__state__V                                
20000348  xdc_runtime_System_Module__state__V                                
20000350  ti_sysbios_family_arm_m3_Hwi_Module__state__V                      
20000384  ti_sysbios_family_arm_cc26xx_Timer_Module__state__V                
20000414  ti_sysbios_gates_GateMutex_Object__table__V                        
20000468  ti_sysbios_knl_Task_Object__table__V                               
200004b8  ti_sysbios_family_arm_cc26xx_Timer_Object__table__V                
20000500  ti_sysbios_knl_Swi_Module_State_0_readyQ__A                        
20000530  ti_sysbios_knl_Swi_Object__table__V                                
20000560  ti_sysbios_knl_Task_Module_State_0_readyQ__A                       
20000590  _hposcCoeffs                                                       
200005d8  ti_sysbios_knl_Clock_Object__table__V                              
200005f8  xdc_runtime_Error_IgnoreBlock                                      
20000618  ti_sysbios_family_arm_m3_Hwi_Object__table__V                      
20000630  ti_sysbios_heaps_HeapMem_Object__table__V                          
20000648  ti_sysbios_family_arm_cc26xx_Seconds_Module__state__V              
2000065c  _tz                                                                
2000066c  gpioCallbackFunctions                                              
2000067c  gpioPinConfigs                                                     
2000068c  _lock                                                              
20000690  _unlock                                                            
20000694  pinUpperBound                                                      
20000698  pinLowerBound                                                      
2000069c  ti_sysbios_family_arm_m3_Hwi_Module__root__V                       
200006a4  ti_sysbios_gates_GateHwi_Module__root__V                           
200006ac  ti_sysbios_gates_GateMutex_Module__root__V                         
200006b4  ti_sysbios_hal_Hwi_Module__root__V                                 
200006bc  ti_sysbios_heaps_HeapMem_Module__root__V                           
200006c4  ti_sysbios_knl_Clock_Module__root__V                               
200006cc  ti_sysbios_knl_Event_Module__root__V                               
200006d4  ti_sysbios_knl_Mailbox_Module__root__V                             
200006dc  ti_sysbios_knl_Queue_Module__root__V                               
200006e4  ti_sysbios_knl_Semaphore_Module__root__V                           
200006ec  ti_sysbios_knl_Swi_Module__root__V                                 
200006f4  ti_sysbios_knl_Task_Module__root__V                                
200006fc  xdc_runtime_System_Module_State_0_atexitHandlers__A                
20000710  main_func_sp                                                       
20000714  ti_sysbios_family_arm_m3_Hwi_Module_State_0_excContext__A          
20000718  ti_sysbios_family_arm_m3_Hwi_Module_State_0_excStack__A            
2000071c  ti_sysbios_knl_Task_Module_State_0_idleTask__A                     
20000720  ti_sysbios_family_arm_m3_Hwi_Module_State_0_excActive__A           
20001b20  __primary_heap_start__                                             
20005b20  __primary_heap_end__                                               
20006320  ID                                                                 
200068fc  RSSI                                                               
200072d8  ti_sysbios_knl_Task_Instance_State_0_stack__A                      
200074d8  uartCC26XXObjects                                                  
2000768c  spiCC26X2DMAObjects                                                
20007794  ti_sysbios_family_arm_m3_Hwi_dispatchTable                         
2000786c  pinHandleTable                                                     
20007938  displayLcdObject                                                   
20007a10  udmaCC26XXObject                                                   
20007a70  displayUartObject                                                  
20007a90  PowerCC26XX_swiKey                                                 
20007a94  PowerCC26XX_taskKey                                                
20007a98  i                                                                  
20007a9c  driverlib_release_0_58048                                          
20013c00  __stack                                                            
20014000  __STACK_END                                                        
e000e000  ti_sysbios_family_arm_m3_Hwi_nvic                                  
ffffffff  __TI_pprof_out_hndl                                                
ffffffff  __TI_prof_data_size                                                
ffffffff  __TI_prof_data_start                                               
ffffffff  __binit__                                                          
ffffffff  __c_args__                                                         
ffffffff  binit                                                              
UNDEFED   ITM_flush                                                          
UNDEFED   ITM_restore                                                        
UNDEFED   SHT$$INIT_ARRAY$$Base                                              
UNDEFED   SHT$$INIT_ARRAY$$Limit                                             

[954 symbols]
