******************************************************************************
                  TI ARM Linker Unix v20.2.1                   
******************************************************************************
>> Linked Wed Dec 16 16:49:28 2020

OUTPUT FILE NAME:   <nvsexternal_CC26X2R1_LAUNCHXL_tirtos_ccs.out>
ENTRY POINT SYMBOL: "ResetISR"  address: 00004015


MEMORY CONFIGURATION

         name            origin    length      used     unused   attr    fill
----------------------  --------  ---------  --------  --------  ----  --------
  FLASH                 00000000   00058000  000067e1  0005181f  R  X
  GPRAM                 11000000   00002000  00000000  00002000  RW X
  SRAM                  20000000   00014000  000056db  0000e925  RW X
  LOG_DATA              90000000   00040000  00000000  00040000  R   


SEGMENT ALLOCATION MAP

run origin  load origin   length   init length attrs members
----------  ----------- ---------- ----------- ----- -------
00000000    00000000    00006790   00006790    r-x
  00000000    00000000    0000003c   0000003c    r-- .resetVecs
  0000003c    0000003c    00005cf8   00005cf8    r-x .text
  00005d34    00005d34    000007fd   000007fd    r-- .const
  00006538    00006538    00000258   00000258    r-- .cinit
00057fa8    00057fa8    00000058   00000058    r--
  00057fa8    00057fa8    00000058   00000058    r-- .ccfg
20000100    20000100    0000118e   00000000    rw-
  20000100    20000100    00000004   00000000    rw- .data:xdcRomConstPtr
  20000104    20000104    00000004   00000000    rw- .data:xdcRomExternFuncPtr
  20000108    20000108    00000004   00000000    rw- .data:xdcRomStatePtr
  20000110    20000110    00000bc9   00000000    rw- .bss
  20000ce0    20000ce0    000005ae   00000000    rw- .data
20001830    20001830    00000010   00000000    rw-
  20001830    20001830    00000010   00000000    rw- .TI.bound:dmaSpi0RxControlTableEntry
20001840    20001840    00000010   00000000    rw-
  20001840    20001840    00000010   00000000    rw- .TI.bound:dmaSpi0TxControlTableEntry
20001900    20001900    00000010   00000000    rw-
  20001900    20001900    00000010   00000000    rw- .TI.bound:dmaSpi1RxControlTableEntry
20001910    20001910    00000010   00000000    rw-
  20001910    20001910    00000010   00000000    rw- .TI.bound:dmaSpi1TxControlTableEntry
20001a30    20001a30    00000010   00000000    rw-
  20001a30    20001a30    00000010   00000000    rw- .TI.bound:dmaSpi0RxAltControlTableEntry
20001a40    20001a40    00000010   00000000    rw-
  20001a40    20001a40    00000010   00000000    rw- .TI.bound:dmaSpi0TxAltControlTableEntry
20001b00    20001b00    00000010   00000000    rw-
  20001b00    20001b00    00000010   00000000    rw- .TI.bound:dmaSpi1RxAltControlTableEntry
20001b10    20001b10    00000010   00000000    rw-
  20001b10    20001b10    00000010   00000000    rw- .TI.bound:dmaSpi1TxAltControlTableEntry
20001b20    20001b20    00004000   00000000    r--
  20001b20    20001b20    00004000   00000000    r-- .priheap
20013c00    20013c00    00000400   00000000    rw-
  20013c00    20013c00    00000400   00000000    rw- .stack


SECTION ALLOCATION MAP

 output                                  attributes/
section   page    origin      length       input sections
--------  ----  ----------  ----------   ----------------
.binit     0    00000000    00000000     

.cinit     0    00006538    00000258     
                  00006538    00000182     (.cinit..data.load) [load image, compression = lzss]
                  000066ba    00000002     --HOLE-- [fill = 0]
                  000066bc    0000000c     (__TI_handler_table)
                  000066c8    00000008     (.cinit..TI.bound:dmaSpi0RxAltControlTableEntry.load) [load image, compression = zero_init]
                  000066d0    00000008     (.cinit..TI.bound:dmaSpi0RxControlTableEntry.load) [load image, compression = zero_init]
                  000066d8    00000008     (.cinit..TI.bound:dmaSpi0TxAltControlTableEntry.load) [load image, compression = zero_init]
                  000066e0    00000008     (.cinit..TI.bound:dmaSpi0TxControlTableEntry.load) [load image, compression = zero_init]
                  000066e8    00000008     (.cinit..TI.bound:dmaSpi1RxAltControlTableEntry.load) [load image, compression = zero_init]
                  000066f0    00000008     (.cinit..TI.bound:dmaSpi1RxControlTableEntry.load) [load image, compression = zero_init]
                  000066f8    00000008     (.cinit..TI.bound:dmaSpi1TxAltControlTableEntry.load) [load image, compression = zero_init]
                  00006700    00000008     (.cinit..TI.bound:dmaSpi1TxControlTableEntry.load) [load image, compression = zero_init]
                  00006708    00000008     (.cinit..bss.load) [load image, compression = zero_init]
                  00006710    00000008     (.cinit..data:xdcRomConstPtr.load) [load image, compression = lzss]
                  00006718    00000008     (.cinit..data:xdcRomExternFuncPtr.load) [load image, compression = lzss]
                  00006720    00000008     (.cinit..data:xdcRomStatePtr.load) [load image, compression = lzss]
                  00006728    00000068     (__TI_cinit_table)

.init_array 
*          0    00000000    00000000     UNINITIALIZED

.ccfg      0    00057fa8    00000058     
                  00057fa8    00000058     ti_devices_config.obj (.ccfg:retain)

.bss       0    20000110    00000bc9     UNINITIALIZED
                  20000110    00000400     ti_drivers_config.obj (.bss:displayUARTBuffer)
                  20000510    00000200     release_pem4f.oem4f (.bss:taskStackSection)
                  20000710    000001b4     (.common:uartCC26XXObjects)
                  200008c4    00000108     (.common:spiCC26X2DMAObjects)
                  200009cc    000000d8     (.common:ti_sysbios_family_arm_m3_Hwi_dispatchTable)
                  20000aa4    0000007c     (.common:pinHandleTable)
                  20000b20    00000050     drivers_cc26x2.a : PINCC26XX.oem4f (.bss:pinSemaphore)
                  20000b70    00000040     nvsexternal.obj (.bss:buffer)
                  20000bb0    00000034     drivers_cc26x2.a : PINCC26XX.oem4f (.bss:pinSwi)
                  20000be4    00000020                      : GPIOCC26XX.oem4f (.bss:gpioCallbackInfo)
                  20000c04    00000020                      : PINCC26XX.oem4f (.bss:pinGpioConfigTable)
                  20000c24    00000020     ti_drivers_config.obj (.bss:uartCC26XXRingBuffer0)
                  20000c44    00000020     (.common:udmaCC26XXObject)
                  20000c64    0000001c     drivers_cc26x2.a : PINCC26XX.oem4f (.bss:pinHwi)
                  20000c80    00000010                      : NVSSPI25X.oem4f (.bss:spiHandles)
                  20000c90    0000000c                      : NVSSPI25X.oem4f (.bss)
                  20000c9c    0000000c                      : GPIOCC26XX.oem4f (.bss:gpioPinState)
                  20000ca8    0000000c     (.common:displayUartObject)
                  20000cb4    0000000c     (.common:nvsSPI25XObjects)
                  20000cc0    00000008                      : GPIOCC26XX.oem4f (.bss)
                  20000cc8    00000004                      : PINCC26XX.oem4f (.bss)
                  20000ccc    00000004                      : NVSSPI25X.oem4f (.bss:spiHandleUsers)
                  20000cd0    00000004     (.common:PowerCC26XX_swiKey)
                  20000cd4    00000004     (.common:PowerCC26XX_taskKey)
                  20000cd8    00000001     (.common:driverlib_release_0_58048)

.data      0    20000ce0    000005ae     UNINITIALIZED
                  20000ce0    00000170     drivers_cc26x2.a : PowerCC26X2.oem4f (.data:PowerCC26X2_module)
                  20000e50    0000010c     release_pem4f.oem4f (.data:ROM_stateStruct)
                  20000f5c    00000088     rom_sysbios.aem4f : rom_sysbios.obj (.data:$O1$$)
                  20000fe4    00000054     release_pem4f.oem4f (.data:ti_sysbios_gates_GateMutex_Object__table__V)
                  20001038    0000004c     release_pem4f.oem4f (.data:ti_sysbios_knl_Task_Object__table__V)
                  20001084    00000004     ti_drivers_config.obj (.data:gpioCallbackFunctions)
                  20001088    00000048     release_pem4f.oem4f (.data:ti_sysbios_family_arm_cc26xx_Timer_Object__table__V)
                  200010d0    00000030     release_pem4f.oem4f (.data:ti_sysbios_knl_Swi_Module_State_0_readyQ__A)
                  20001100    00000030     release_pem4f.oem4f (.data:ti_sysbios_knl_Swi_Object__table__V)
                  20001130    00000030     release_pem4f.oem4f (.data:ti_sysbios_knl_Task_Module_State_0_readyQ__A)
                  20001160    00000024     driverlib.lib : osc.obj (.data:$O1$$)
                  20001184    00000020     release_pem4f.oem4f (.data:ti_sysbios_knl_Clock_Object__table__V)
                  200011a4    00000020     release_pem4f.oem4f (.data:xdc_runtime_Error_IgnoreBlock)
                  200011c4    00000018     release_pem4f.oem4f (.data:ti_sysbios_family_arm_m3_Hwi_Object__table__V)
                  200011dc    00000018     release_pem4f.oem4f (.data:ti_sysbios_heaps_HeapMem_Object__table__V)
                  200011f4    00000008     rtsv7M4_T_le_v4SPD16_eabi.lib : _lock.c.obj (.data:$O1$$)
                  200011fc    00000008     drivers_cc26x2.a : PINCC26XX.oem4f (.data)
                  20001204    00000008     release_pem4f.oem4f (.data:ti_sysbios_family_arm_m3_Hwi_Module__root__V)
                  2000120c    00000008     release_pem4f.oem4f (.data:ti_sysbios_gates_GateHwi_Module__root__V)
                  20001214    00000008     release_pem4f.oem4f (.data:ti_sysbios_gates_GateMutex_Module__root__V)
                  2000121c    00000008     release_pem4f.oem4f (.data:ti_sysbios_hal_Hwi_Module__root__V)
                  20001224    00000008     release_pem4f.oem4f (.data:ti_sysbios_heaps_HeapMem_Module__root__V)
                  2000122c    00000008     release_pem4f.oem4f (.data:ti_sysbios_knl_Clock_Module__root__V)
                  20001234    00000008     release_pem4f.oem4f (.data:ti_sysbios_knl_Event_Module__root__V)
                  2000123c    00000008     release_pem4f.oem4f (.data:ti_sysbios_knl_Mailbox_Module__root__V)
                  20001244    00000008     release_pem4f.oem4f (.data:ti_sysbios_knl_Queue_Module__root__V)
                  2000124c    00000008     release_pem4f.oem4f (.data:ti_sysbios_knl_Semaphore_Module__root__V)
                  20001254    00000008     release_pem4f.oem4f (.data:ti_sysbios_knl_Swi_Module__root__V)
                  2000125c    00000008     release_pem4f.oem4f (.data:ti_sysbios_knl_Task_Module__root__V)
                  20001264    00000008     release_pem4f.oem4f (.data:xdc_runtime_System_Module_State_0_atexitHandlers__A)
                  2000126c    00000005     drivers_cc26x2.a : GPIOCC26XX.oem4f (.data)
                  20001271    00000001                      : NVS.oem4f (.data)
                  20001272    00000002     release_pem4f.oem4f (.data:ti_sysbios_family_arm_m3_Hwi_Module_State_0_excActive__A)
                  20001274    00000004     ti_drivers_config.obj (.data:gpioPinConfigs)
                  20001278    00000004     drivers_cc26x2.a : GPIOCC26XX.oem4f (.data:gpioPinTable)
                  2000127c    00000004     rtsv7M4_T_le_v4SPD16_eabi.lib : stkdepth_vars.c.obj (.data)
                  20001280    00000004     release_pem4f.oem4f (.data:ti_sysbios_family_arm_m3_Hwi_Module_State_0_excContext__A)
                  20001284    00000004     release_pem4f.oem4f (.data:ti_sysbios_family_arm_m3_Hwi_Module_State_0_excStack__A)
                  20001288    00000004     release_pem4f.oem4f (.data:ti_sysbios_knl_Task_Module_State_0_idleTask__A)
                  2000128c    00000001     drivers_cc26x2.a : SPI.oem4f (.data)
                  2000128d    00000001                      : UART.oem4f (.data)

.stack     0    20013c00    00000400     UNINITIALIZED
                  20013c00    00000400     --HOLE--

.priheap   0    20001b20    00004000     UNINITIALIZED
                  20001b20    00004000     --HOLE--

.log_data 
*          0    90000000    00000000     COPY SECTION

.data:xdcRomConstPtr 
*          0    20000100    00000004     UNINITIALIZED
                  20000100    00000004     release_pem4f.oem4f (.data:xdcRomConstPtr)

.data:xdcRomExternFuncPtr 
*          0    20000104    00000004     UNINITIALIZED
                  20000104    00000004     release_pem4f.oem4f (.data:xdcRomExternFuncPtr)

.data:xdcRomStatePtr 
*          0    20000108    00000004     UNINITIALIZED
                  20000108    00000004     release_pem4f.oem4f (.data:xdcRomStatePtr)

.bootVecs 
*          0    00000000    00000008     DSECT
                  00000000    00000008     boot.aem4f : boot.oem4f (.bootVecs)

.resetVecs 
*          0    00000000    0000003c     
                  00000000    0000003c     release_pem4f.oem4f (.resetVecs)

.vecs      0    20000000    000000d8     NOLOAD SECTION
                  20000000    000000d8     release_pem4f.oem4f (.vecs)

xdc.meta   0    00000000    000000fe     COPY SECTION
                  00000000    000000fe     release_pem4f.oem4f (xdc.meta)

xdc.noload 
*          0    00000000    00000000     COPY SECTION

__llvm_prf_cnts 
*          0    20000000    00000000     UNINITIALIZED

.TI.bound:dmaSpi0RxControlTableEntry 
*          0    20001830    00000010     UNINITIALIZED
                  20001830    00000010     drivers_cc26x2.a : SPICC26X2DMA.oem4f (.TI.bound:dmaSpi0RxControlTableEntry)

.TI.bound:dmaSpi0TxControlTableEntry 
*          0    20001840    00000010     UNINITIALIZED
                  20001840    00000010     drivers_cc26x2.a : SPICC26X2DMA.oem4f (.TI.bound:dmaSpi0TxControlTableEntry)

.TI.bound:dmaSpi1RxControlTableEntry 
*          0    20001900    00000010     UNINITIALIZED
                  20001900    00000010     drivers_cc26x2.a : SPICC26X2DMA.oem4f (.TI.bound:dmaSpi1RxControlTableEntry)

.TI.bound:dmaSpi1TxControlTableEntry 
*          0    20001910    00000010     UNINITIALIZED
                  20001910    00000010     drivers_cc26x2.a : SPICC26X2DMA.oem4f (.TI.bound:dmaSpi1TxControlTableEntry)

.TI.bound:dmaSpi0RxAltControlTableEntry 
*          0    20001a30    00000010     UNINITIALIZED
                  20001a30    00000010     drivers_cc26x2.a : SPICC26X2DMA.oem4f (.TI.bound:dmaSpi0RxAltControlTableEntry)

.TI.bound:dmaSpi0TxAltControlTableEntry 
*          0    20001a40    00000010     UNINITIALIZED
                  20001a40    00000010     drivers_cc26x2.a : SPICC26X2DMA.oem4f (.TI.bound:dmaSpi0TxAltControlTableEntry)

.TI.bound:dmaSpi1RxAltControlTableEntry 
*          0    20001b00    00000010     UNINITIALIZED
                  20001b00    00000010     drivers_cc26x2.a : SPICC26X2DMA.oem4f (.TI.bound:dmaSpi1RxAltControlTableEntry)

.TI.bound:dmaSpi1TxAltControlTableEntry 
*          0    20001b10    00000010     UNINITIALIZED
                  20001b10    00000010     drivers_cc26x2.a : SPICC26X2DMA.oem4f (.TI.bound:dmaSpi1TxAltControlTableEntry)

.text      0    0000003c    00005cf8     
                  0000003c    000002f4     drivers_cc26x2.a : SPICC26X2DMA.oem4f (.text:SPICC26X2DMA_transfer)
                  00000330    00000234                      : SPICC26X2DMA.oem4f (.text:SPICC26X2DMA_hwiFxn)
                  00000564    000001cc                      : PINCC26XX.oem4f (.text:PIN_init)
                  00000730    000001cc     nvsexternal.obj (.text:mainThread)
                  000008fc    000001b6     rtsv7M4_T_le_v4SPD16_eabi.lib : fd_add_t2.asm.obj (.text)
                  00000ab2    00000002     ti_drivers_config.obj (.text:Board_initHook)
                  00000ab4    00000198     drivers_cc26x2.a : PowerCC26X2.oem4f (.text:Power_sleep)
                  00000c4c    00000190                      : PowerCC26X2_calibrateRCOSC.oem4f (.text:calibrateRcoscHf1)
                  00000ddc    0000018c                      : PowerCC26X2_calibrateRCOSC.oem4f (.text:runCalibrateFsm)
                  00000f68    00000188     release_pem4f.oem4f (.text:xdc_runtime_System_printfExtend__I)
                  000010f0    00000178     drivers_cc26x2.a : SPICC26X2DMA.oem4f (.text:SPICC26X2DMA_transferCancel)
                  00001268    00000174                      : PowerCC26X2.oem4f (.text:Power_init)
                  000013dc    00000174                      : SPICC26X2DMA.oem4f (.text:configNextTransfer)
                  00001550    00000168                      : NVSSPI25X.oem4f (.text:NVSSPI25X_write)
                  000016b8    00000164                      : UARTCC26XX.oem4f (.text:UARTCC26XX_open)
                  0000181c    00000154                      : UARTCC26XX.oem4f (.text:UARTCC26XX_hwiIntFxn)
                  00001970    00000150                      : SPICC26X2DMA.oem4f (.text:SPICC26X2DMA_open)
                  00001ac0    00000140                      : SPICC26X2DMA.oem4f (.text:initIO)
                  00001c00    0000013a                      : UARTCC26XX.oem4f (.text:UARTCC26XX_read)
                  00001d3a    00000002     display.a : DisplayUart.oem4f (.text:DisplayUartMin_clear)
                  00001d3c    00000120     drivers_cc26x2.a : PowerCC26X2.oem4f (.text:configureXOSCHF)
                  00001e5c    00000110                      : GPIOCC26XX.oem4f (.text:GPIO_setConfig)
                  00001f6c    000000fc     rtsv7M4_T_le_v4SPD16_eabi.lib : fd_mul_t2.asm.obj (.text)
                  00002068    000000f8     driverlib.lib : sys_ctrl.obj (.text:NOROM_SysCtrlStandby)
                  00002160    000000f8     drivers_cc26x2.a : NVSSPI25X.oem4f (.text:NVSSPI25X_open)
                  00002258    000000f8                      : PINCC26XX.oem4f (.text:PINCC26XX_setIoCfg)
                  00002350    000000f4                      : SPICC26X2DMA.oem4f (.text:SPICC26X2DMA_control)
                  00002444    000000ec     rom_sysbios.aem4f : rom_sysbios.obj (.text:pthread_create)
                  00002530    000000e0     drivers_cc26x2.a : UARTCC26XX.oem4f (.text:UARTCC26XX_write)
                  00002610    000000c8     dpl_cc26x2.a : PowerCC26X2_tirtos.oem4f (.text:PowerCC26XX_standbyPolicy)
                  000026d8    000000c4     drivers_cc26x2.a : GPIOCC26XX.oem4f (.text:GPIO_init)
                  0000279c    000000c0                      : PowerCC26X2.oem4f (.text:Power_releaseDependency)
                  0000285c    000000c0                      : UARTCC26XX.oem4f (.text:UARTCC26XX_initIO)
                  0000291c    000000b8                      : PowerCC26X2.oem4f (.text:Power_setDependency)
                  000029d4    000000b8                      : UARTCC26XX.oem4f (.text:UARTCC26XX_initHw)
                  00002a8c    000000b8                      : NVSSPI25X.oem4f (.text:doErase)
                  00002b44    000000ac                      : PINCC26XX.oem4f (.text:PIN_open)
                  00002bf0    000000ac     driverlib.lib : setup.obj (.text:TrimAfterColdResetWakeupFromShutDown)
                  00002c9c    000000a0     auto_init.aem4f : auto_init.oem4f (.text)
                  00002d3c    000000a0     rom_sysbios.aem4f : rom_sysbios.obj (.text:ti_sysbios_knl_Task_setPri__E)
                  00002ddc    0000009c     rtsv7M4_T_le_v4SPD16_eabi.lib : memcpy_t2.asm.obj (.text)
                  00002e78    00000098     driverlib.lib : setup.obj (.text:NOROM_SetupTrimDevice)
                  00002f10    00000098     drivers_cc26x2.a : UARTCC26XX.oem4f (.text:writeTxFifoFlush)
                  00002fa8    00000096     rtsv7M4_T_le_v4SPD16_eabi.lib : ull_div_t2.asm.obj (.text)
                  0000303e    00000092     drivers_cc26x2.a : UARTCC26XX.oem4f (.text:UARTCC26XX_writeCancel)
                  000030d0    00000088     driverlib.lib : osc.obj (.text:NOROM_OSCHF_AttemptToSwitchToXosc)
                  00003158    00000088     rom_sysbios.aem4f : rom_sysbios.obj (.text:_pthread_removeThreadKeys)
                  000031e0    00000088     drivers_cc26x2.a : PowerCC26X2_calibrateRCOSC.oem4f (.text:calibrateRcoscHf2)
                  00003268    00000088                      : PowerCC26X2.oem4f (.text:disableLFClockQualifiers)
                  000032f0    00000088                      : PowerCC26X2_calibrateRCOSC.oem4f (.text:updateSubSecInc)
                  00003378    00000086     rtsv7M4_T_le_v4SPD16_eabi.lib : fd_cmp_t2.asm.obj (.text:__aeabi_cdcmple)
                  000033fe    00000086                                   : fd_cmp_t2.asm.obj (.text:__aeabi_cdrcmple)
                  00003484    00000084     ti_drivers_config.obj (.text:Board_sendExtFlashByte)
                  00003508    00000084     drivers_cc26x2.a : NVSSPI25X.oem4f (.text:NVSSPI25X_close)
                  0000358c    00000084                      : UARTCC26XX.oem4f (.text:UARTCC26XX_close)
                  00003610    00000084     rom_sysbios.aem4f : rom_sysbios.obj (.text:ti_sysbios_family_arm_m3_Hwi_excHandlerMin__I)
                  00003694    00000080     driverlib.lib : sys_ctrl.obj (.text:NOROM_SysCtrlSetRechargeBeforePowerDown)
                  00003714    00000080     rom_sysbios.aem4f : rom_sysbios.obj (.text:ti_sysbios_family_arm_cc26xx_Timer_start__E)
                  00003794    0000007c     drivers_cc26x2.a : NVSSPI25X.oem4f (.text:doRead)
                  00003810    0000007a     rtsv7M4_T_le_v4SPD16_eabi.lib : memset_t2.asm.obj (.text)
                  0000388a    00000078     drivers_cc26x2.a : NVSSPI25X.oem4f (.text:doWriteVerify)
                  00003902    00000002     display.a : DisplayUart.oem4f (.text:DisplayUartMin_clearLines)
                  00003904    00000074     drivers_cc26x2.a : PowerCC26X2_calibrateRCOSC.oem4f (.text:PowerCC26X2_auxISR)
                  00003978    00000072                      : SPICC26X2DMA.oem4f (.text:csnCallback)
                  000039ea    00000002     display.a : DisplayUart.oem4f (.text:DisplayUartMin_init)
                  000039ec    00000070     drivers_cc26x2.a : PINCC26XX.oem4f (.text:PIN_add)
                  00003a5c    0000006d     rom_sysbios.aem4f : rom_sysbios.obj (.text:xdc_runtime_System_formatNum__I)
                  00003ac9    00000001     --HOLE-- [fill = 0]
                  00003aca    00000002     drivers_cc26x2.a : NVSSPI25X.oem4f (.text:NVSSPI25X_deinitSpiCs)
                  00003acc    0000006c     driverlib.lib : chipinfo.obj (.text:NOROM_ChipInfo_GetChipType)
                  00003b38    00000068                   : osc.obj (.text:NOROM_OSCHF_SwitchToRcOscTurnOffXosc)
                  00003ba0    00000068     rtsv7M4_T_le_v4SPD16_eabi.lib : copy_decompress_lzss.c.obj (.text:decompress:lzss:__TI_decompress_lzss)
                  00003c08    00000064     drivers_cc26x2.a : UARTCC26XX.oem4f (.text:UARTCC26XX_control)
                  00003c6c    00000064     main_tirtos.obj (.text:main)
                  00003cd0    00000062     drivers_cc26x2.a : UARTCC26XX.oem4f (.text:UARTCC26XX_swiIntFxn)
                  00003d32    00000002     rtsv7M4_T_le_v4SPD16_eabi.lib : _lock.c.obj (.text:_nop)
                  00003d34    00000060     drivers_cc26x2.a : GPIOCC26XX.oem4f (.text:GPIO_write)
                  00003d94    0000005c     display.a : Display.oem4f (.text:Display_doOpen)
                  00003df0    0000005c     drivers_cc26x2.a : PINCC26XX.oem4f (.text:PIN_remove)
                  00003e4c    0000005c                      : SPICC26X2DMA.oem4f (.text:initHw)
                  00003ea8    0000005c                      : UARTCC26XX.oem4f (.text:startTxFifoEmptyClk)
                  00003f04    0000005c     rom_sysbios.aem4f : rom_sysbios.obj (.text:ti_sysbios_heaps_HeapMem_initPrimary__I)
                  00003f60    0000005c     release_pem4f.oem4f (.text:xdc_runtime_Startup_getState__I)
                  00003fbc    00000058     drivers_cc26x2.a : PowerCC26X2_calibrateRCOSC.oem4f (.text:PowerCC26X2_initiateCalibration)
                  00004014    00000058     boot.aem4f : boot.oem4f (.text)
                  0000406c    00000058     drivers_cc26x2.a : NVSSPI25X.oem4f (.text:extFlashWaitReady)
                  000040c4    00000058     rom_sysbios.aem4f : rom_sysbios.obj (.text:pthread_exit)
                  0000411c    00000054     driverlib.lib : prcm.obj (.text:NOROM_PRCMPowerDomainsAllOff)
                  00004170    00000054     dpl_cc26x2.a : SwiP_tirtos.oem4f (.text:SwiP_construct)
                  000041c4    00000050     drivers_cc26x2.a : SPICC26X2DMA.oem4f (.text:SPICC26X2DMA_close)
                  00004214    00000050                      : NVSSPI25X.oem4f (.text:extFlashSpiWrite)
                  00004264    0000004c     ti_drivers_config.obj (.text:Board_wakeUpExtFlash)
                  000042b0    0000004c     driverlib.lib : prcm.obj (.text:NOROM_PRCMPowerDomainsAllOn)
                  000042fc    0000004c     drivers_cc26x2.a : UARTCC26XX.oem4f (.text:UARTCC26XX_readCancel)
                  00004348    0000004c                      : UDMACC26XX.oem4f (.text:UDMACC26XX_open)
                  00004394    0000004c     rtsv7M4_T_le_v4SPD16_eabi.lib : cpy_tbl.c.obj (.text:copy_in)
                  000043e0    0000004a     display.a : DisplayUart.oem4f (.text:DisplayUartMin_open)
                  0000442a    00000002     drivers_cc26x2.a : PowerCC26X2.oem4f (.text:emptyClockFunc)
                  0000442c    00000048                      : NVSSPI25X.oem4f (.text:NVSSPI25X_read)
                  00004474    00000048                      : NVS.oem4f (.text:NVS_open)
                  000044bc    00000048                      : PINCC26XX.oem4f (.text:PIN_setOutputEnable)
                  00004504    00000048                      : PowerCC26X2_calibrateRCOSC.oem4f (.text:PowerCC26X2_RCOSC_clockFunc)
                  0000454c    00000048                      : NVSSPI25X.oem4f (.text:extFlashMassErase)
                  00004594    00000048     rtsv7M4_T_le_v4SPD16_eabi.lib : fd_toi_t2.asm.obj (.text)
                  000045dc    00000048     drivers_cc26x2.a : PowerCC26X2.oem4f (.text:switchXOSCHF)
                  00004624    00000048                      : UARTCC26XX.oem4f (.text:writeFinishedDoCallback)
                  0000466c    00000046     display.a : DisplayUart.oem4f (.text:DisplayUartMin_vprintf)
                  000046b2    00000046     drivers_cc26x2.a : RingBuf.oem4f (.text:RingBuf_put)
                  000046f8    00000044     driverlib.lib : chipinfo.obj (.text:NOROM_ChipInfo_GetHwRevision)
                  0000473c    00000044     drivers_cc26x2.a : PINCC26XX.oem4f (.text:PIN_swi)
                  00004780    00000044                      : SPI.oem4f (.text:SPI_init)
                  000047c4    00000044                      : UART.oem4f (.text:UART_init)
                  00004808    00000044     rtsv7M4_T_le_v4SPD16_eabi.lib : fd_tou_t2.asm.obj (.text)
                  0000484c    00000042     drivers_cc26x2.a : SPICC26X2DMA.oem4f (.text:SPICC26X2DMA_swiFxn)
                  0000488e    00000002     rtsv7M4_T_le_v4SPD16_eabi.lib : div0.asm.obj (.text)
                  00004890    00000040     ti_drivers_config.obj (.text:Board_shutDownExtFlash)
                  000048d0    00000040     dpl_cc26x2.a : ClockP_tirtos.oem4f (.text:ClockP_construct)
                  00004910    00000040     driverlib.lib : osc.obj (.text:NOROM_OSC_HPOSCRelativeFrequencyOffsetGet)
                  00004950    00000040     drivers_cc26x2.a : RingBuf.oem4f (.text:RingBuf_get)
                  00004990    00000040                      : SPI.oem4f (.text:SPI_open)
                  000049d0    00000040                      : UART.oem4f (.text:UART_open)
                  00004a10    00000040     rtsv7M4_T_le_v4SPD16_eabi.lib : u_divt2.asm.obj (.text)
                  00004a50    00000040     rom_sysbios.aem4f : rom_sysbios.obj (.text:ti_sysbios_family_arm_cc26xx_Timer_setThreshold__I)
                  00004a90    0000003e     dpl_cc26x2.a : HwiP_tirtos.oem4f (.text:HwiP_construct)
                  00004ace    00000002     release_pem4f.oem4f (.text:ti_sysbios_BIOS_nullFunc__I)
                  00004ad0    0000003c     drivers_cc26x2.a : PINCC26XX.oem4f (.text:PIN_setInterrupt)
                  00004b0c    0000003c                      : PINCC26XX.oem4f (.text:PIN_setOutputValue)
                  00004b48    0000003c     rom_sysbios.aem4f : rom_sysbios.obj (.text:ti_sysbios_family_arm_m3_Hwi_construct2__E)
                  00004b84    0000003a     drivers_cc26x2.a : NVSSPI25X.oem4f (.text:checkEraseRange)
                  00004bbe    00000002     rom_sysbios.aem4f : rom_sysbios.obj (.text:xdc_runtime_SysCallback_defaultAbort)
                  00004bc0    00000038     drivers_cc26x2.a : PINCC26XX.oem4f (.text:PIN_setConfig)
                  00004bf8    00000038                      : PowerCC26X2.oem4f (.text:notify)
                  00004c30    00000038                      : UARTCC26XX.oem4f (.text:readData)
                  00004c68    00000038     rtsv7M4_T_le_v4SPD16_eabi.lib : fs_tod_t2.asm.obj (.text)
                  00004ca0    00000038     drivers_cc26x2.a : UARTCC26XX.oem4f (.text:writeData)
                  00004cd8    00000036                      : UDMACC26XX.oem4f (.text:UDMACC26XX_close)
                  00004d0e    00000036     rom_sysbios.aem4f : rom_sysbios.obj (.text:ti_sysbios_family_arm_cc26xx_Timer_setNextTick__E)
                  00004d44    00000034     driverlib.lib : aux_sysif.obj (.text:NOROM_AUXSYSIFOpModeChange)
                  00004d78    00000034                   : sys_ctrl.obj (.text:NOROM_SysCtrlIdle)
                  00004dac    00000034     drivers_cc26x2.a : NVSSPI25X.oem4f (.text:NVSSPI25X_init)
                  00004de0    00000034                      : NVSSPI25X.oem4f (.text:extFlashPowerStandby)
                  00004e14    00000034                      : NVSSPI25X.oem4f (.text:extFlashWriteEnable)
                  00004e48    00000034                      : UARTCC26XX.oem4f (.text:readData2RingBuf)
                  00004e7c    00000030                      : GPIOCC26XX.oem4f (.text:GPIO_hwiIntFxn)
                  00004eac    00000030                      : GPIOCC26XX.oem4f (.text:GPIO_setCallback)
                  00004edc    00000030                      : NVSSPI25X.oem4f (.text:NVSSPI25X_erase)
                  00004f0c    00000030                      : PINCC26XX.oem4f (.text:PINCC26XX_setMux)
                  00004f3c    00000030                      : PowerCC26X2.oem4f (.text:Power_releaseConstraint)
                  00004f6c    00000030                      : PowerCC26X2.oem4f (.text:Power_setConstraint)
                  00004f9c    00000030     release_pem4f.oem4f (.text:ti_sysbios_BIOS_atExitFunc__I)
                  00004fcc    00000030     release_pem4f.oem4f (.text:ti_sysbios_BIOS_startFunc__I)
                  00004ffc    00000030     rom_sysbios.aem4f : rom_sysbios.obj (.text:ti_sysbios_family_arm_cc26xx_Timer_getCurrentTick__E)
                  0000502c    00000030                       : rom_sysbios.obj (.text:ti_sysbios_family_arm_cc26xx_Timer_initDevice__I)
                  0000505c    0000002e     rtsv7M4_T_le_v4SPD16_eabi.lib : i_tofd_t2.asm.obj (.text)
                  0000508a    00000002     rom_sysbios.aem4f : rom_sysbios.obj (.text:xdc_runtime_SysCallback_defaultExit)
                  0000508c    0000002c     drivers_cc26x2.a : NVSSPI25X.oem4f (.text:NVSSPI25X_control)
                  000050b8    0000002c                      : NVS.oem4f (.text:NVS_init)
                  000050e4    0000002c     dpl_cc26x2.a : SemaphoreP_tirtos.oem4f (.text:SemaphoreP_constructBinary)
                  00005110    0000002c                  : SemaphoreP_tirtos.oem4f (.text:SemaphoreP_createBinary)
                  0000513c    0000002c     rom_sysbios.aem4f : rom_sysbios.obj (.text:_pthread_delete$45)
                  00005168    0000002c     drivers_cc26x2.a : NVSSPI25X.oem4f (.text:extFlashPowerDown)
                  00005194    0000002c                      : NVSSPI25X.oem4f (.text:extFlashSpiRead)
                  000051c0    0000002c     rom_sysbios.aem4f : rom_sysbios.obj (.text:pthread_setcancelstate)
                  000051ec    0000002c                       : rom_sysbios.obj (.text:ti_sysbios_knl_Clock_getTicksUntilInterrupt__E)
                  00005218    0000002a     display.a : Display.oem4f (.text:Display_doPrintf)
                  00005242    00000002     rom_sysbios.aem4f : rom_sysbios.obj (.text:xdc_runtime_SysCallback_defaultFlush)
                  00005244    00000028     display.a : Display.oem4f (.text:Display_doInit)
                  0000526c    00000028     drivers_cc26x2.a : PowerCC26X2.oem4f (.text:Power_registerNotify)
                  00005294    00000028                      : SPICC26X2DMA.oem4f (.text:flushFifos)
                  000052bc    00000028                      : PowerCC26X2.oem4f (.text:oscillatorISR)
                  000052e4    00000026                      : List.oem4f (.text:List_put)
                  0000530a    00000026                      : List.oem4f (.text:List_remove)
                  00005330    00000024     driverlib.lib : osc.obj (.text:NOROM_OSCHF_TurnOnXosc)
                  00005354    00000024     rom_sysbios.aem4f : rom_sysbios.obj (.text:_pthread_cleanupFxn)
                  00005378    00000024     drivers_cc26x2.a : PowerCC26X2_calibrateRCOSC.oem4f (.text:getTdcSemaphore)
                  0000539c    00000024     rom_sysbios.aem4f : rom_sysbios.obj (.text:pthread_attr_init)
                  000053c0    00000024     release_pem4f.oem4f (.text:ti_sysbios_BIOS_registerRTSLock__I)
                  000053e4    00000024     release_pem4f.oem4f (.text:ti_sysbios_BIOS_removeRTSLock__I)
                  00005408    00000024     rom_sysbios.aem4f : rom_sysbios.obj (.text:ti_sysbios_family_arm_cc26xx_Timer_getMaxTicks__E)
                  0000542c    00000020     ti_drivers_config.obj (.text:Board_init)
                  0000544c    00000020     drivers_cc26x2.a : PINCC26XX.oem4f (.text:PINCC26XX_setIoCfgMux)
                  0000546c    00000020                      : PowerCC26X2.oem4f (.text:Power_unregisterNotify)
                  0000548c    00000020                      : UARTCC26XX.oem4f (.text:threadSafeStdbyDisRelease)
                  000054ac    00000020                      : UARTCC26XX.oem4f (.text:threadSafeStdbyDisSet)
                  000054cc    00000020     release_pem4f.oem4f (.text:ti_sysbios_BIOS_rtsLock__I)
                  000054ec    00000020     rom_sysbios.aem4f : rom_sysbios.obj (.text:ti_sysbios_family_arm_cc26xx_Timer_dynamicStub__E)
                  0000550c    00000020                       : rom_sysbios.obj (.text:xdc_runtime_Error_policyMin__E)
                  0000552c    0000001e     drivers_cc26x2.a : PINCC26XX.oem4f (.text:PIN_close)
                  0000554a    0000001e                      : PowerCC26X2.oem4f (.text:Power_getTransitionLatency)
                  00005568    0000001c     driverlib.lib : chipinfo.obj (.text:NOROM_ChipInfo_GetChipFamily)
                  00005584    0000001c     drivers_cc26x2.a : NVSSPI25X.oem4f (.text:NVSSPI25X_initSpiCs)
                  000055a0    0000001c                      : NVSSPI25X.oem4f (.text:NVSSPI25X_lock)
                  000055bc    0000001c                      : PINCC26XX.oem4f (.text:PIN_hwi)
                  000055d8    0000001c     dpl_cc26x2.a : PowerCC26X2_tirtos.oem4f (.text:PowerCC26XX_schedulerDisable)
                  000055f4    0000001c                  : PowerCC26X2_tirtos.oem4f (.text:PowerCC26XX_schedulerRestore)
                  00005610    0000001c     drivers_cc26x2.a : UDMACC26XX.oem4f (.text:UDMACC26XX_initHw)
                  0000562c    0000001c     rom_sysbios.aem4f : rom_sysbios.obj (.text:ti_sysbios_family_arm_m3_Hwi_clearInterrupt__E)
                  00005648    0000001c                       : rom_sysbios.obj (.text:ti_sysbios_knl_Swi_construct2__E)
                  00005664    0000001c     release_pem4f.oem4f (.text:xdc_runtime_Startup_exec__I)
                  00005680    0000001a     drivers_cc26x2.a : PowerCC26X2.oem4f (.text:PowerCC26XX_calibrate)
                  0000569a    00000002     rom_sysbios.aem4f : rom_sysbios.obj (.text:xdc_runtime_SysCallback_defaultPutch)
                  0000569c    00000018     driverlib.lib : chipinfo.obj (.text:NOROM_ChipInfo_GetPackageType)
                  000056b4    00000018     drivers_cc26x2.a : PowerCC26X2.oem4f (.text:Power_idleFunc)
                  000056cc    00000018                      : UART.oem4f (.text:UART_Params_init)
                  000056e4    00000018     rtsv7M4_T_le_v4SPD16_eabi.lib : args_main.c.obj (.text:_args_main)
                  000056fc    00000018                                   : ll_mul_t2.asm.obj (.text)
                  00005714    00000018                                   : strcmp.c.obj (.text:strcmp)
                  0000572c    00000018     drivers_cc26x2.a : PowerCC26X2.oem4f (.text:switchToTCXO)
                  00005744    00000018     release_pem4f.oem4f (.text:ti_sysbios_BIOS_rtsUnlock__I)
                  0000575c    00000018     rom_sysbios.aem4f : rom_sysbios.obj (.text:ti_sysbios_knl_Swi_or__E)
                  00005774    00000018                       : rom_sysbios.obj (.text:xdc_runtime_Error_init__E)
                  0000578c    00000016     display.a : DisplayUart.oem4f (.text:DisplayUartMin_close)
                  000057a2    00000016     driverlib.lib : chipinfo.obj (.text:NOROM_ThisLibraryIsFor_CC13x2_CC26x2_HwRev20AndLater_HaltIfViolated)
                  000057b8    00000016     rom_sysbios.aem4f : rom_sysbios.obj (.text:_pthread_cleanup_pop)
                  000057ce    00000016     release_pem4f.oem4f (.text:ti_sysbios_BIOS_exitFunc__I)
                  000057e4    00000014     dpl_cc26x2.a : ClockP_tirtos.oem4f (.text:ClockP_usleep)
                  000057f8    00000014     drivers_cc26x2.a : PINCC26XX.oem4f (.text:PINCC26XX_getInputValue)
                  0000580c    00000014                      : PowerCC26X2_calibrateRCOSC.oem4f (.text:PowerCC26X2_calibrate)
                  00005820    00000014                      : SPI.oem4f (.text:SPI_Params_init)
                  00005834    00000014     rom_sysbios.aem4f : rom_sysbios.obj (.text:pthread_attr_setschedparam)
                  00005848    00000014                       : rom_sysbios.obj (.text:ti_sysbios_family_arm_cc26xx_Timer_getCount64__E)
                  0000585c    00000014     release_pem4f.oem4f (.text:ti_sysbios_knl_Clock_doTick__I)
                  00005870    00000012     drivers_cc26x2.a : NVSSPI25X.oem4f (.text:NVSSPI25X_assertSpiCs)
                  00005882    00000012                      : NVSSPI25X.oem4f (.text:NVSSPI25X_deassertSpiCs)
                  00005894    00000012                      : NVSSPI25X.oem4f (.text:NVSSPI25X_getAttrs)
                  000058a6    00000012                      : RingBuf.oem4f (.text:RingBuf_construct)
                  000058b8    00000012     dpl_cc26x2.a : SemaphoreP_tirtos.oem4f (.text:SemaphoreP_pend)
                  000058ca    00000012     rom_sysbios.aem4f : rom_sysbios.obj (.text:_pthread_runStub$45)
                  000058dc    00000010     dpl_cc26x2.a : HwiP_tirtos.oem4f (.text:HwiP_Params_init)
                  000058ec    00000010     drivers_cc26x2.a : PINCC26XX.oem4f (.text:PINCC26XX_getPinCount)
                  000058fc    00000010     dpl_cc26x2.a : SwiP_tirtos.oem4f (.text:SwiP_Params_init)
                  0000590c    00000010     drivers_cc26x2.a : UARTCC26XX.oem4f (.text:uartPostNotify)
                  0000591c    0000000e                      : NVS.oem4f (.text:NVS_write)
                  0000592a    0000000e     rtsv7M4_T_le_v4SPD16_eabi.lib : copy_decompress_none.c.obj (.text:decompress:none:__TI_decompress_none)
                  00005938    0000000e     rom_sysbios.aem4f : rom_sysbios.obj (.text:pthread_attr_setdetachstate)
                  00005946    0000000e                       : rom_sysbios.obj (.text:ti_sysbios_family_arm_cc26xx_TimestampProvider_get32__E)
                  00005954    0000000c     dpl_cc26x2.a : ClockP_tirtos.oem4f (.text:ClockP_getSystemTickPeriod)
                  00005960    0000000c     driverlib.lib : cpu.obj (.text:NOROM_CPUcpsid)
                  0000596c    0000000c                   : cpu.obj (.text:NOROM_CPUcpsie)
                  00005978    0000000c     drivers_cc26x2.a : NVSSPI25X.oem4f (.text:NVSSPI25X_unlock)
                  00005984    0000000c                      : PINCC26XX.oem4f (.text:PIN_registerIntCb)
                  00005990    0000000c                      : PowerCC26X2.oem4f (.text:Power_getConstraintMask)
                  0000599c    0000000c                      : PowerCC26X2.oem4f (.text:Power_getDependencyCount)
                  000059a8    0000000c     dpl_cc26x2.a : SemaphoreP_tirtos.oem4f (.text:SemaphoreP_delete)
                  000059b4    0000000c     rtsv7M4_T_le_v4SPD16_eabi.lib : _lock.c.obj (.text:_register_lock)
                  000059c0    0000000c                                   : _lock.c.obj (.text:_register_unlock)
                  000059cc    0000000c                                   : copy_zero_init.c.obj (.text:decompress:ZI:__TI_zero_init)
                  000059d8    0000000c     rom_sysbios.aem4f : rom_sysbios.obj (.text:pthread_self)
                  000059e4    0000000c     drivers_cc26x2.a : SPICC26X2DMA.oem4f (.text:spiPostNotify)
                  000059f0    0000000c     rom_sysbios.aem4f : rom_sysbios.obj (.text:ti_sysbios_knl_Queue_insert__E)
                  000059fc    0000000c                       : rom_sysbios.obj (.text:ti_sysbios_knl_Swi_getTrigger__E)
                  00005a08    0000000a     dpl_cc26x2.a : ClockP_tirtos.oem4f (.text:ClockP_Params_init)
                  00005a12    0000000a     drivers_cc26x2.a : NVS.oem4f (.text:NVS_close)
                  00005a1c    0000000a                      : NVS.oem4f (.text:NVS_erase)
                  00005a26    0000000a                      : NVS.oem4f (.text:NVS_getAttrs)
                  00005a30    0000000a                      : NVS.oem4f (.text:NVS_read)
                  00005a3a    0000000a                      : SPICC26X2DMA.oem4f (.text:SPICC26X2DMA_init)
                  00005a44    0000000a                      : SPI.oem4f (.text:SPI_close)
                  00005a4e    0000000a                      : SPI.oem4f (.text:SPI_transfer)
                  00005a58    0000000a                      : UART.oem4f (.text:UART_close)
                  00005a62    0000000a                      : UART.oem4f (.text:UART_control)
                  00005a6c    0000000a                      : UART.oem4f (.text:UART_write)
                  00005a76    0000000a                      : UDMACC26XX.oem4f (.text:UDMACC26XX_hwiIntFxn)
                  00005a80    0000000a                      : UARTCC26XX.oem4f (.text:readSemCallback)
                  00005a8a    00000008                      : UARTCC26XX.oem4f (.text:UARTCC26XX_init)
                  00005a92    00000008                      : SPICC26X2DMA.oem4f (.text:blockingTransferCallback)
                  00005a9a    00000008                      : UARTCC26XX.oem4f (.text:writeSemCallback)
                  00005aa2    00000008     release_pem4f.oem4f (.text:xdc_runtime_Text_visitRope__I)
                  00005aaa    00000006     display.a : DisplayUart.oem4f (.text:DisplayUartMin_control)
                  00005ab0    00000006               : DisplayUart.oem4f (.text:DisplayUartMin_getType)
                  00005ab6    00000006     driverlib.lib : cpu.obj (.text:NOROM_CPUdelay)
                  00005abc    00000006     drivers_cc26x2.a : NVS.oem4f (.text:NVS_Params_init)
                  00005ac2    00000006                      : UARTCC26XX.oem4f (.text:UARTCC26XX_readPolling)
                  00005ac8    00000006                      : UARTCC26XX.oem4f (.text:UARTCC26XX_writePolling)
                  00005ace    00000006                      : PowerCC26X2.oem4f (.text:delayUs)
                  00005ad4    00000006     rom_sysbios.aem4f : rom_sysbios.obj (.text:pthread_attr_setstacksize)
                  00005ada    00000004     dpl_cc26x2.a : PowerCC26X2_tirtos.oem4f (.text:CPUwfi)
                  00005ade    00000004                  : ClockP_tirtos.oem4f (.text:ClockP_destruct)
                  00005ae2    00000004                  : ClockP_tirtos.oem4f (.text:ClockP_getCpuFreq)
                  00005ae6    00000004                  : ClockP_tirtos.oem4f (.text:ClockP_setTimeout)
                  00005aea    00000004                  : ClockP_tirtos.oem4f (.text:ClockP_start)
                  00005aee    00000004                  : ClockP_tirtos.oem4f (.text:ClockP_stop)
                  00005af2    00000004                  : HwiP_tirtos.oem4f (.text:HwiP_clearInterrupt)
                  00005af6    00000004                  : HwiP_tirtos.oem4f (.text:HwiP_destruct)
                  00005afa    00000004                  : HwiP_tirtos.oem4f (.text:HwiP_disable)
                  00005afe    00000004                  : HwiP_tirtos.oem4f (.text:HwiP_disableInterrupt)
                  00005b02    00000004                  : HwiP_tirtos.oem4f (.text:HwiP_enableInterrupt)
                  00005b06    00000004                  : SemaphoreP_tirtos.oem4f (.text:SemaphoreP_destruct)
                  00005b0a    00000004                  : SemaphoreP_tirtos.oem4f (.text:SemaphoreP_post)
                  00005b0e    00000004                  : SwiP_tirtos.oem4f (.text:SwiP_destruct)
                  00005b12    00000004                  : SwiP_tirtos.oem4f (.text:SwiP_getTrigger)
                  00005b16    00000004                  : SwiP_tirtos.oem4f (.text:SwiP_or)
                  00005b1a    00000004                  : SwiP_tirtos.oem4f (.text:SwiP_post)
                  00005b1e    00000004                  : SystemP_tirtos.oem4f (.text:SystemP_vsnprintf)
                  00005b22    00000004     drivers_cc26x2.a : PowerCC26X2.oem4f (.text:configureRFCoreClocks)
                  00005b26    00000004                      : PowerCC26X2.oem4f (.text:nopResourceHandler)
                  00005b2a    00000004     rom_sysbios.aem4f : rom_sysbios.obj (.text:ti_sysbios_knl_Task_getArg1__E)
                  00005b2e    00000004                       : rom_sysbios.obj (.text:ti_sysbios_knl_Task_getEnv__E)
                  00005b32    00000004     release_pem4f.oem4f (.text:xdc_runtime_Startup_reset__I)
                  00005b36    00000004     rom_sysbios.aem4f : rom_sysbios.obj (.text:xdc_runtime_SysCallback_defaultReady)
                  00005b3a    00000002     --HOLE-- [fill = 0]
                  00005b3c    00000008     (.tramp.xdc_runtime_System_vsnprintf__E.1)
                  00005b44    00000008     (.tramp.ti_sysbios_knl_Swi_destruct.1)
                  00005b4c    00000008     (.tramp.ti_sysbios_family_arm_m3_Hwi_enableInterrupt__E.1)
                  00005b54    00000008     (.tramp.ti_sysbios_family_arm_m3_Hwi_disableInterrupt__E.1)
                  00005b5c    00000008     (.tramp.ti_sysbios_family_arm_m3_Hwi_disableFxn__E.1)
                  00005b64    00000008     (.tramp.ti_sysbios_family_arm_m3_Hwi_destruct.1)
                  00005b6c    00000008     (.tramp.ti_sysbios_BIOS_getCpuFreq__E.1)
                  00005b74    00000008     (.tramp.ti_sysbios_knl_Clock_destruct.1)
                  00005b7c    00000008     (.tramp.ti_sysbios_knl_Task_self__E.1)
                  00005b84    00000008     (.tramp.ti_sysbios_knl_Semaphore_delete.1)
                  00005b8c    00000008     (.tramp.ti_sysbios_knl_Clock_logTick__E.1)
                  00005b94    00000008     (.tramp.ti_sysbios_knl_Task_sleep__E.1)
                  00005b9c    00000008     (.tramp.ti_sysbios_knl_Swi_post__E.1)
                  00005ba4    00000008     (.tramp.ti_sysbios_BIOS_RtsGateProxy_leave__E.1)
                  00005bac    00000008     (.tramp.ti_sysbios_knl_Swi_construct.1)
                  00005bb4    00000008     (.tramp.ti_sysbios_knl_Swi_restore__E.1)
                  00005bbc    00000008     (.tramp.ti_sysbios_BIOS_RtsGateProxy_enter__E.1)
                  00005bc4    00000008     (.tramp.ti_sysbios_knl_Clock_TimerProxy_getCurrentTick__E.1)
                  00005bcc    00000008     (.tramp.ti_sysbios_knl_Task_delete.1)
                  00005bd4    00000008     (.tramp.ti_sysbios_knl_Semaphore_destruct.1)
                  00005bdc    00000008     (.tramp.ti_sysbios_knl_Semaphore_create.1)
                  00005be4    00000008     (.tramp.ti_sysbios_knl_Task_startup__E.1)
                  00005bec    00000008     (.tramp.ti_sysbios_knl_Swi_startup__E.1)
                  00005bf4    00000008     (.tramp.ti_sysbios_hal_Hwi_startup__E.1)
                  00005bfc    00000008     (.tramp.ti_sysbios_family_arm_cc26xx_Timer_startup__E.1)
                  00005c04    00000008     (.tramp.xdc_runtime_System_atexit__E.1)
                  00005c0c    00000008     (.tramp.ti_sysbios_BIOS_linkedWithIncorrectBootLibrary__E.1)
                  00005c14    00000008     (.tramp.xdc_runtime_Startup_rtsDone__E.1)
                  00005c1c    00000008     (.tramp.ti_sysbios_knl_Swi_disable__E.1)
                  00005c24    00000008     (.tramp.ti_sysbios_family_arm_m3_Hwi_construct.1)
                  00005c2c    00000008     (.tramp.ti_sysbios_family_arm_m3_Hwi_Params__init__S.1)
                  00005c34    00000008     (.tramp.ti_sysbios_knl_Clock_construct.1)
                  00005c3c    00000008     (.tramp.ti_sysbios_knl_Clock_Params__init__S.1)
                  00005c44    00000008     (.tramp.strlen.1)
                  00005c4c    00000008     (.tramp.ti_sysbios_knl_Swi_Params__init__S.1)
                  00005c54    00000008     (.tramp.xdc_runtime_System_exit__E.1)
                  00005c5c    00000008     (.tramp.ti_sysbios_heaps_HeapMem_restore__E.1)
                  00005c64    00000008     (.tramp.ti_sysbios_heaps_HeapMem_Object__get__S.1)
                  00005c6c    00000008     (.tramp.ti_sysbios_BIOS_start__E.1)
                  00005c74    00000008     (.tramp.xdc_runtime_Error_raiseX__E.1)
                  00005c7c    00000008     (.tramp.ti_sysbios_BIOS_setThreadType__E.1)
                  00005c84    00000008     (.tramp.ti_sysbios_family_arm_m3_Hwi_excFillContext__I.1)
                  00005c8c    00000008     (.tramp.ti_sysbios_knl_Semaphore_post__E.1)
                  00005c94    00000008     (.tramp.xdc_runtime_Memory_free__E.1)
                  00005c9c    00000008     (.tramp.ti_sysbios_knl_Queue_next__E.1)
                  00005ca4    00000008     (.tramp.ti_sysbios_knl_Queue_head__E.1)
                  00005cac    00000008     (.tramp.ti_sysbios_knl_Semaphore_pend__E.1)
                  00005cb4    00000008     (.tramp.ti_sysbios_knl_Task_restore__E.1)
                  00005cbc    00000008     (.tramp.ti_sysbios_knl_Queue_enqueue__E.1)
                  00005cc4    00000008     (.tramp.ti_sysbios_knl_Queue_empty__E.1)
                  00005ccc    00000008     (.tramp.ti_sysbios_knl_Queue_remove__E.1)
                  00005cd4    00000008     (.tramp.ti_sysbios_knl_Task_disable__E.1)
                  00005cdc    00000008     (.tramp.ti_sysbios_knl_Clock_stop__E.1)
                  00005ce4    00000008     (.tramp.ti_sysbios_knl_Clock_start__E.1)
                  00005cec    00000008     (.tramp.ti_sysbios_knl_Clock_setTimeout__E.1)
                  00005cf4    00000008     (.tramp.ti_sysbios_knl_Task_create.1)
                  00005cfc    00000008     (.tramp.ti_sysbios_knl_Semaphore_construct.1)
                  00005d04    00000008     (.tramp.ti_sysbios_knl_Semaphore_Params__init__S.1)
                  00005d0c    00000008     (.tramp.ti_sysbios_knl_Queue_construct.1)
                  00005d14    00000008     (.tramp.xdc_runtime_Memory_alloc__E.1)
                  00005d1c    00000008     (.tramp.ti_sysbios_knl_Task_Params__init__S.1)
                  00005d24    00000008     (.tramp.xdc_runtime_System_doPrint__I.1)
                  00005d2c    00000008     (.tramp.ti_sysbios_family_arm_m3_Hwi_restoreFxn__E.1)

.const     0    00005d34    000007fd     
                  00005d34    000003b8     release_pem4f.oem4f (.const:ROM_constStruct)
                  000060ec    00000054     drivers_cc26x2.a : PowerCC26X2.oem4f (.const:resourceDB)
                  00006140    00000048     release_pem4f.oem4f (.const:.string)
                  00006188    00000048     release_pem4f.oem4f (.const:ROM_externFuncPtrs)
                  000061d0    00000037     nvsexternal.obj (.const:.string:signature)
                  00006207    00000001     drivers_cc26x2.a : NVSSPI25X.oem4f (.const:.string:$P$T0$1)
                  00006208    00000028                      : NVSSPI25X.oem4f (.const:NVSSPI25X_fxnTable)
                  00006230    00000028                      : UARTCC26XX.oem4f (.const:UARTCC26XX_fxnTable)
                  00006258    00000028     ti_drivers_config.obj (.const:nvsSPI25XHWAttrs)
                  00006280    00000028     ti_drivers_config.obj (.const:uartCC26XXHWAttrs)
                  000062a8    00000024     drivers_cc26x2.a : UART.oem4f (.const:UART_defaultParams)
                  000062cc    00000024     release_pem4f.oem4f (.const:xdc_runtime_Startup_sfxnTab__A)
                  000062f0    00000020     display.a : DisplayUart.oem4f (.const:DisplayUartMin_fxnTable)
                  00006310    00000020     drivers_cc26x2.a : SPI.oem4f (.const:SPI_defaultParams)
                  00006330    00000020     ti_drivers_config.obj (.const:spiCC26X2DMAHWAttrs)
                  00006350    0000001c     ti_drivers_config.obj (.const:BoardGpioInitTable)
                  0000636c    00000018     drivers_cc26x2.a : SPICC26X2DMA.oem4f (.const:SPICC26X2DMA_fxnTable)
                  00006384    00000018                      : SPICC26X2DMA.oem4f (.const:frameFormat)
                  0000639c    00000018                      : GPIOCC26XX.oem4f (.const:interruptType)
                  000063b4    00000014     ti_drivers_config.obj (.const:$P$T1$2)
                  000063c8    00000014     ti_drivers_config.obj (.const:GPIOCC26XX_config)
                  000063dc    00000014     ti_drivers_config.obj (.const:PowerCC26X2_config)
                  000063f0    00000014     ti_drivers_config.obj (.const:displayUartHWAttrs)
                  00006404    00000014     drivers_cc26x2.a : UARTCC26XX.oem4f (.const:parityType)
                  00006418    00000012     release_pem4f.oem4f (.const:xdc_runtime_Startup_sfxnRts__A)
                  0000642a    00000001     drivers_cc26x2.a : NVSSPI25X.oem4f (.const:.string:$P$T1$2)
                  0000642b    00000001     display.a : Display.oem4f (.const:Display_defaultParams)
                  0000642c    00000010     drivers_cc26x2.a : UARTCC26XX.oem4f (.const:dataLength)
                  0000643c    00000010                      : GPIOCC26XX.oem4f (.const:outPinTypes)
                  0000644c    0000000c     ti_drivers_config.obj (.const:Display_config)
                  00006458    0000000c     ti_drivers_config.obj (.const:NVS_config)
                  00006464    0000000c     ti_drivers_config.obj (.const:SPI_config)
                  00006470    0000000c     ti_drivers_config.obj (.const:UART_config)
                  0000647c    0000000c     drivers_cc26x2.a : GPIOCC26XX.oem4f (.const:inPinTypes)
                  00006488    0000000c                      : GPIOCC26XX.oem4f (.const:outPinStrengths)
                  00006494    0000000c     release_pem4f.oem4f (.const:xdc_runtime_Startup_firstFxns__A)
                  000064a0    00000008     driverlib.lib : aux_sysif.obj (.const:$O1$$)
                  000064a8    00000008     ti_drivers_config.obj (.const:$P$T0$1)
                  000064b0    00000008     ti_drivers_config.obj (.const:PINCC26XX_hwAttrs)
                  000064b8    00000008     ti_drivers_config.obj (.const:UDMACC26XX_config)
                  000064c0    00000008     drivers_cc26x2.a : SPICC26X2DMA.oem4f (.const:dmaNullConfig)
                  000064c8    00000008                      : SPICC26X2DMA.oem4f (.const:dmaRxConfig)
                  000064d0    00000008                      : SPICC26X2DMA.oem4f (.const:dmaTxConfig)
                  000064d8    00000008                      : UARTCC26XX.oem4f (.const:stopBits)
                  000064e0    00000008     ti_drivers_config.obj (.const)
                  000064e8    00000008     release_pem4f.oem4f (.const:ti_sysbios_family_arm_m3_Hwi_excHookFuncs__A)
                  000064f0    00000008     release_pem4f.oem4f (.const:ti_sysbios_knl_Idle_funcList__A)
                  000064f8    00000008     ti_drivers_config.obj (.const:udmaCC26XXHWAttrs)
                  00006500    00000006     drivers_cc26x2.a : UARTCC26XX.oem4f (.const:.string:rxFifoBytes)
                  00006506    00000006                      : UARTCC26XX.oem4f (.const:.string:rxFifoThreshold)
                  0000650c    00000006                      : UARTCC26XX.oem4f (.const:.string:txFifoBytes)
                  00006512    00000006                      : UARTCC26XX.oem4f (.const:.string:txFifoThreshold)
                  00006518    00000004                      : NVS.oem4f (.const:NVS_defaultParams)
                  0000651c    00000004     release_pem4f.oem4f (.const:ti_sysbios_family_arm_m3_Hwi_E_exception__C)
                  00006520    00000004     release_pem4f.oem4f (.const:ti_sysbios_heaps_HeapMem_primaryHeapBaseAddr__C)
                  00006524    00000004     release_pem4f.oem4f (.const:ti_sysbios_heaps_HeapMem_primaryHeapEndAddr__C)
                  00006528    00000004     release_pem4f.oem4f (.const:ti_sysbios_knl_Clock_tickPeriod__C)
                  0000652c    00000004     release_pem4f.oem4f (.const:ti_sysbios_knl_Task_Object__heap__C)
                  00006530    00000001     release_pem4f.oem4f (.const:xdc_runtime_Text_charTab__A)

MODULE SUMMARY

       Module                             code    ro data   rw data
       ------                             ----    -------   -------
    ./
       nvsexternal.obj                    460     55        64     
       main_tirtos.obj                    100     0         0      
    +--+----------------------------------+-------+---------+---------+
       Total:                             560     55        64     
                                                                   
    ./syscfg/
       ti_drivers_config.obj              306     308       1820   
       ti_devices_config.obj              0       88        0      
    +--+----------------------------------+-------+---------+---------+
       Total:                             306     396       1820   
                                                                   
    /home/vestel/workspace_ccs/tirtos_builds_cc13x2_cc26x2_release_ccs/Debug/configPkg/package/cfg/
       release_pem4f.oem4f                792     1259      1830   
    +--+----------------------------------+-------+---------+---------+
       Total:                             792     1259      1830   
                                                                   
    /home/vestel/ti/simplelink_cc13x2_26x2_sdk_4_30_00_54/kernel/tirtos/packages/ti/dpl/lib/ccs/m4f/dpl_cc26x2.a
       PowerCC26X2_tirtos.oem4f           260     0         8      
       ClockP_tirtos.oem4f                126     0         0      
       SemaphoreP_tirtos.oem4f            126     0         0      
       SwiP_tirtos.oem4f                  116     0         0      
       HwiP_tirtos.oem4f                  98      0         0      
       SystemP_tirtos.oem4f               4       0         0      
    +--+----------------------------------+-------+---------+---------+
       Total:                             730     0         8      
                                                                   
    /home/vestel/ti/simplelink_cc13x2_26x2_sdk_4_30_00_54/kernel/tirtos/packages/ti/targets/arm/rtsarm/lib/auto_init.aem4f
       auto_init.oem4f                    160     0         0      
    +--+----------------------------------+-------+---------+---------+
       Total:                             160     0         0      
                                                                   
    /home/vestel/ti/simplelink_cc13x2_26x2_sdk_4_30_00_54/kernel/tirtos/packages/ti/targets/arm/rtsarm/lib/boot.aem4f
       boot.oem4f                         88      0         0      
    +--+----------------------------------+-------+---------+---------+
       Total:                             88      0         0      
                                                                   
    /home/vestel/ti/simplelink_cc13x2_26x2_sdk_4_30_00_54/source/ti/devices/cc13x2_cc26x2/driverlib/bin/ccs/driverlib.lib
       sys_ctrl.obj                       428     0         0      
       osc.obj                            340     0         36     
       setup.obj                          324     0         0      
       chipinfo.obj                       250     0         0      
       prcm.obj                           160     0         0      
       aux_sysif.obj                      52      8         0      
       cpu.obj                            30      0         0      
       driverlib_release.obj              0       0         1      
    +--+----------------------------------+-------+---------+---------+
       Total:                             1584    8         37     
                                                                   
    /home/vestel/ti/simplelink_cc13x2_26x2_sdk_4_30_00_54/source/ti/display/lib/ccs/m4f/display.a
       DisplayUart.oem4f                  184     32        0      
       Display.oem4f                      174     1         0      
    +--+----------------------------------+-------+---------+---------+
       Total:                             358     33        0      
                                                                   
    /home/vestel/ti/simplelink_cc13x2_26x2_sdk_4_30_00_54/source/ti/drivers/lib/ccs/m4f/drivers_cc26x2.a
       SPICC26X2DMA.oem4f                 3390    72        128    
       UARTCC26XX.oem4f                   2760    108       0      
       PowerCC26X2.oem4f                  2060    84        368    
       NVSSPI25X.oem4f                    1998    42        32     
       PINCC26XX.oem4f                    1586    0         328    
       PowerCC26X2_calibrateRCOSC.oem4f   1400    0         0      
       GPIOCC26XX.oem4f                   660     64        61     
       UART.oem4f                         186     36        1      
       SPI.oem4f                          172     32        1      
       NVS.oem4f                          176     4         1      
       UDMACC26XX.oem4f                   168     0         0      
       RingBuf.oem4f                      152     0         0      
       List.oem4f                         76      0         0      
    +--+----------------------------------+-------+---------+---------+
       Total:                             14784   442       920    
                                                                   
    /home/vestel/workspace_ccs/tirtos_builds_cc13x2_cc26x2_release_ccs/src/sysbios/rom_sysbios.aem4f
       rom_sysbios.obj                    1933    0         136    
    +--+----------------------------------+-------+---------+---------+
       Total:                             1933    0         136    
                                                                   
    /opt/ti/ccs1011/ccs/tools/compiler/ti-cgt-arm_20.2.1.LTS/lib/rtsv7M4_T_le_v4SPD16_eabi.lib
       fd_add_t2.asm.obj                  438     0         0      
       fd_cmp_t2.asm.obj                  268     0         0      
       fd_mul_t2.asm.obj                  252     0         0      
       memcpy_t2.asm.obj                  156     0         0      
       ull_div_t2.asm.obj                 150     0         0      
       memset_t2.asm.obj                  122     0         0      
       copy_decompress_lzss.c.obj         104     0         0      
       cpy_tbl.c.obj                      76      0         0      
       fd_toi_t2.asm.obj                  72      0         0      
       fd_tou_t2.asm.obj                  68      0         0      
       u_divt2.asm.obj                    64      0         0      
       fs_tod_t2.asm.obj                  56      0         0      
       i_tofd_t2.asm.obj                  46      0         0      
       _lock.c.obj                        26      0         8      
       args_main.c.obj                    24      0         0      
       ll_mul_t2.asm.obj                  24      0         0      
       strcmp.c.obj                       24      0         0      
       copy_decompress_none.c.obj         14      0         0      
       copy_zero_init.c.obj               12      0         0      
       stkdepth_vars.c.obj                0       0         4      
       div0.asm.obj                       2       0         0      
    +--+----------------------------------+-------+---------+---------+
       Total:                             1998    0         12     
                                                                   
       Stack:                             0       0         1024   
       Linker Generated:                  504     598       0      
    +--+----------------------------------+-------+---------+---------+
       Grand Total:                       23797   2791      5851   


LINKER GENERATED COPY TABLES

__TI_cinit_table @ 00006728 records: 13, size/record: 8, table size: 104
	.data: load addr=00006538, load size=00000182 bytes, run addr=20000ce0, run size=000005ae bytes, compression=lzss
	.TI.bound:dmaSpi0RxAltControlTableEntry: load addr=000066c8, load size=00000008 bytes, run addr=20001a30, run size=00000010 bytes, compression=zero_init
	.TI.bound:dmaSpi0RxControlTableEntry: load addr=000066d0, load size=00000008 bytes, run addr=20001830, run size=00000010 bytes, compression=zero_init
	.TI.bound:dmaSpi0TxAltControlTableEntry: load addr=000066d8, load size=00000008 bytes, run addr=20001a40, run size=00000010 bytes, compression=zero_init
	.TI.bound:dmaSpi0TxControlTableEntry: load addr=000066e0, load size=00000008 bytes, run addr=20001840, run size=00000010 bytes, compression=zero_init
	.TI.bound:dmaSpi1RxAltControlTableEntry: load addr=000066e8, load size=00000008 bytes, run addr=20001b00, run size=00000010 bytes, compression=zero_init
	.TI.bound:dmaSpi1RxControlTableEntry: load addr=000066f0, load size=00000008 bytes, run addr=20001900, run size=00000010 bytes, compression=zero_init
	.TI.bound:dmaSpi1TxAltControlTableEntry: load addr=000066f8, load size=00000008 bytes, run addr=20001b10, run size=00000010 bytes, compression=zero_init
	.TI.bound:dmaSpi1TxControlTableEntry: load addr=00006700, load size=00000008 bytes, run addr=20001910, run size=00000010 bytes, compression=zero_init
	.bss: load addr=00006708, load size=00000008 bytes, run addr=20000110, run size=00000bc9 bytes, compression=zero_init
	.data:xdcRomConstPtr: load addr=00006710, load size=00000008 bytes, run addr=20000100, run size=00000004 bytes, compression=lzss
	.data:xdcRomExternFuncPtr: load addr=00006718, load size=00000008 bytes, run addr=20000104, run size=00000004 bytes, compression=lzss
	.data:xdcRomStatePtr: load addr=00006720, load size=00000008 bytes, run addr=20000108, run size=00000004 bytes, compression=lzss


LINKER GENERATED HANDLER TABLE

__TI_handler_table @ 000066bc records: 3, size/record: 4, table size: 12
	index: 0, handler: __TI_decompress_lzss
	index: 1, handler: __TI_decompress_none
	index: 2, handler: __TI_zero_init


FAR CALL TRAMPOLINES

callee name               trampoline name
   callee addr  tramp addr   call addr  call info
--------------  -----------  ---------  ----------------
xdc_runtime_System_vsnprintf__E  $Tramp$TT$L$PI$$xdc_runtime_System_vsnprintf__E
   1002f8b9     00005b3c     00005b1e   dpl_cc26x2.a : SystemP_tirtos.oem4f (.text:SystemP_vsnprintf)
ti_sysbios_knl_Swi_destruct  $Tramp$TT$L$PI$$ti_sysbios_knl_Swi_destruct
   1002e8bd     00005b44     00005b0e   dpl_cc26x2.a : SwiP_tirtos.oem4f (.text:SwiP_destruct)
ti_sysbios_family_arm_m3_Hwi_enableInterrupt__E  $Tramp$TT$L$PI$$ti_sysbios_family_arm_m3_Hwi_enableInterrupt__E
   1002d91d     00005b4c     00005b02   dpl_cc26x2.a : HwiP_tirtos.oem4f (.text:HwiP_enableInterrupt)
ti_sysbios_family_arm_m3_Hwi_disableInterrupt__E  $Tramp$TT$L$PI$$ti_sysbios_family_arm_m3_Hwi_disableInterrupt__E
   1002d8d9     00005b54     00005afe   dpl_cc26x2.a : HwiP_tirtos.oem4f (.text:HwiP_disableInterrupt)
ti_sysbios_family_arm_m3_Hwi_disableFxn__E  $Tramp$TT$L$PI$$ti_sysbios_family_arm_m3_Hwi_disableFxn__E
   1002eb55     00005b5c     00005afa   dpl_cc26x2.a : HwiP_tirtos.oem4f (.text:HwiP_disable)
ti_sysbios_family_arm_m3_Hwi_destruct  $Tramp$TT$L$PI$$ti_sysbios_family_arm_m3_Hwi_destruct
   1002e475     00005b64     00005af6   dpl_cc26x2.a : HwiP_tirtos.oem4f (.text:HwiP_destruct)
ti_sysbios_BIOS_getCpuFreq__E  $Tramp$TT$L$PI$$ti_sysbios_BIOS_getCpuFreq__E
   1002e9fd     00005b6c     00005ae2   dpl_cc26x2.a : ClockP_tirtos.oem4f (.text:ClockP_getCpuFreq)
ti_sysbios_knl_Clock_destruct  $Tramp$TT$L$PI$$ti_sysbios_knl_Clock_destruct
   1002e649     00005b74     00005ade   dpl_cc26x2.a : ClockP_tirtos.oem4f (.text:ClockP_destruct)
ti_sysbios_knl_Task_self__E  $Tramp$TT$L$PI$$ti_sysbios_knl_Task_self__E
   1002eaf5     00005b7c     000059da   rom_sysbios.aem4f : rom_sysbios.obj (.text:pthread_self)
ti_sysbios_knl_Semaphore_delete  $Tramp$TT$L$PI$$ti_sysbios_knl_Semaphore_delete
   1002ecdb     00005b84     000059ae   dpl_cc26x2.a : SemaphoreP_tirtos.oem4f (.text:SemaphoreP_delete)
ti_sysbios_knl_Clock_logTick__E  $Tramp$TT$L$PI$$ti_sysbios_knl_Clock_logTick__E
   1002dbd7     00005b8c     0000585e   release_pem4f.oem4f (.text:ti_sysbios_knl_Clock_doTick__I)
ti_sysbios_knl_Task_sleep__E  $Tramp$TT$L$PI$$ti_sysbios_knl_Task_sleep__E
   1002ce01     00005b94     000057f0   dpl_cc26x2.a : ClockP_tirtos.oem4f (.text:ClockP_usleep)
ti_sysbios_knl_Swi_post__E  $Tramp$TT$L$PI$$ti_sysbios_knl_Swi_post__E
   1002d891     00005b9c     00005770   rom_sysbios.aem4f : rom_sysbios.obj (.text:ti_sysbios_knl_Swi_or__E)
                             00005866   release_pem4f.oem4f (.text:ti_sysbios_knl_Clock_doTick__I)
                             00005b1a   dpl_cc26x2.a : SwiP_tirtos.oem4f (.text:SwiP_post)
ti_sysbios_BIOS_RtsGateProxy_leave__E  $Tramp$TT$L$PI$$ti_sysbios_BIOS_RtsGateProxy_leave__E
   1002ec7b     00005ba4     00005752   release_pem4f.oem4f (.text:ti_sysbios_BIOS_rtsUnlock__I)
ti_sysbios_knl_Swi_construct  $Tramp$TT$L$PI$$ti_sysbios_knl_Swi_construct
   1002d719     00005bac     0000564e   rom_sysbios.aem4f : rom_sysbios.obj (.text:ti_sysbios_knl_Swi_construct2__E)
ti_sysbios_knl_Swi_restore__E  $Tramp$TT$L$PI$$ti_sysbios_knl_Swi_restore__E
   1002db61     00005bb4     000055fa   dpl_cc26x2.a : PowerCC26X2_tirtos.oem4f (.text:PowerCC26XX_schedulerRestore)
ti_sysbios_BIOS_RtsGateProxy_enter__E  $Tramp$TT$L$PI$$ti_sysbios_BIOS_RtsGateProxy_enter__E
   1002ec77     00005bbc     000054d2   release_pem4f.oem4f (.text:ti_sysbios_BIOS_rtsLock__I)
ti_sysbios_knl_Clock_TimerProxy_getCurrentTick__E  $Tramp$TT$L$PI$$ti_sysbios_knl_Clock_TimerProxy_getCurrentTick__E
   1002eac5     00005bc4     000051fe   rom_sysbios.aem4f : rom_sysbios.obj (.text:ti_sysbios_knl_Clock_getTicksUntilInterrupt__E)
ti_sysbios_knl_Task_delete  $Tramp$TT$L$PI$$ti_sysbios_knl_Task_delete
   1002ece7     00005bcc     00005150   rom_sysbios.aem4f : rom_sysbios.obj (.text:_pthread_delete$45)
ti_sysbios_knl_Semaphore_destruct  $Tramp$TT$L$PI$$ti_sysbios_knl_Semaphore_destruct
   1002e6fd     00005bd4     00005144   rom_sysbios.aem4f : rom_sysbios.obj (.text:_pthread_delete$45)
                             00005b06   dpl_cc26x2.a : SemaphoreP_tirtos.oem4f (.text:SemaphoreP_destruct)
ti_sysbios_knl_Semaphore_create  $Tramp$TT$L$PI$$ti_sysbios_knl_Semaphore_create
   1002dc49     00005bdc     00005130   dpl_cc26x2.a : SemaphoreP_tirtos.oem4f (.text:SemaphoreP_createBinary)
ti_sysbios_knl_Task_startup__E  $Tramp$TT$L$PI$$ti_sysbios_knl_Task_startup__E
   1002eceb     00005be4     00004ff0   release_pem4f.oem4f (.text:ti_sysbios_BIOS_startFunc__I)
ti_sysbios_knl_Swi_startup__E  $Tramp$TT$L$PI$$ti_sysbios_knl_Swi_startup__E
   1002ec6b     00005bec     00004fec   release_pem4f.oem4f (.text:ti_sysbios_BIOS_startFunc__I)
ti_sysbios_hal_Hwi_startup__E  $Tramp$TT$L$PI$$ti_sysbios_hal_Hwi_startup__E
   1002ec31     00005bf4     00004fe8   release_pem4f.oem4f (.text:ti_sysbios_BIOS_startFunc__I)
ti_sysbios_family_arm_cc26xx_Timer_startup__E  $Tramp$TT$L$PI$$ti_sysbios_family_arm_cc26xx_Timer_startup__E
   1002dcf1     00005bfc     00004fe4   release_pem4f.oem4f (.text:ti_sysbios_BIOS_startFunc__I)
xdc_runtime_System_atexit__E  $Tramp$TT$L$PI$$xdc_runtime_System_atexit__E
   1002f559     00005c04     00004fdc   release_pem4f.oem4f (.text:ti_sysbios_BIOS_startFunc__I)
ti_sysbios_BIOS_linkedWithIncorrectBootLibrary__E  $Tramp$TT$L$PI$$ti_sysbios_BIOS_linkedWithIncorrectBootLibrary__E
   1002d01b     00005c0c     00004fd6   release_pem4f.oem4f (.text:ti_sysbios_BIOS_startFunc__I)
xdc_runtime_Startup_rtsDone__E  $Tramp$TT$L$PI$$xdc_runtime_Startup_rtsDone__E
   1002f8e5     00005c14     00004fce   release_pem4f.oem4f (.text:ti_sysbios_BIOS_startFunc__I)
ti_sysbios_knl_Swi_disable__E  $Tramp$TT$L$PI$$ti_sysbios_knl_Swi_disable__E
   1002ea25     00005c1c     00004f9e   release_pem4f.oem4f (.text:ti_sysbios_BIOS_atExitFunc__I)
                             000055e2   dpl_cc26x2.a : PowerCC26X2_tirtos.oem4f (.text:PowerCC26XX_schedulerDisable)
ti_sysbios_family_arm_m3_Hwi_construct  $Tramp$TT$L$PI$$ti_sysbios_family_arm_m3_Hwi_construct
   1002d421     00005c24     00004b62   rom_sysbios.aem4f : rom_sysbios.obj (.text:ti_sysbios_family_arm_m3_Hwi_construct2__E)
ti_sysbios_family_arm_m3_Hwi_Params__init__S  $Tramp$TT$L$PI$$ti_sysbios_family_arm_m3_Hwi_Params__init__S
   1002eb49     00005c2c     00004aac   dpl_cc26x2.a : HwiP_tirtos.oem4f (.text:HwiP_construct)
ti_sysbios_knl_Clock_construct  $Tramp$TT$L$PI$$ti_sysbios_knl_Clock_construct
   1002dd8d     00005c34     00004906   dpl_cc26x2.a : ClockP_tirtos.oem4f (.text:ClockP_construct)
ti_sysbios_knl_Clock_Params__init__S  $Tramp$TT$L$PI$$ti_sysbios_knl_Clock_Params__init__S
   1002eb9d     00005c3c     000048ec   dpl_cc26x2.a : ClockP_tirtos.oem4f (.text:ClockP_construct)
strlen                    $Tramp$TT$L$PI$$strlen
   1002fddb     00005c44     0000468e   display.a : DisplayUart.oem4f (.text:DisplayUartMin_vprintf)
ti_sysbios_knl_Swi_Params__init__S  $Tramp$TT$L$PI$$ti_sysbios_knl_Swi_Params__init__S
   1002ebf1     00005c4c     0000419a   dpl_cc26x2.a : SwiP_tirtos.oem4f (.text:SwiP_construct)
xdc_runtime_System_exit__E  $Tramp$TT$L$PI$$xdc_runtime_System_exit__E
   1002f7b1     00005c54     00004054   boot.aem4f : boot.oem4f (.text)
                             000057de   release_pem4f.oem4f (.text:ti_sysbios_BIOS_exitFunc__I)
ti_sysbios_heaps_HeapMem_restore__E  $Tramp$TT$L$PI$$ti_sysbios_heaps_HeapMem_restore__E
   1002eb13     00005c5c     00003f48   rom_sysbios.aem4f : rom_sysbios.obj (.text:ti_sysbios_heaps_HeapMem_initPrimary__I)
ti_sysbios_heaps_HeapMem_Object__get__S  $Tramp$TT$L$PI$$ti_sysbios_heaps_HeapMem_Object__get__S
   1002e275     00005c64     00003f18   rom_sysbios.aem4f : rom_sysbios.obj (.text:ti_sysbios_heaps_HeapMem_initPrimary__I)
ti_sysbios_BIOS_start__E  $Tramp$TT$L$PI$$ti_sysbios_BIOS_start__E
   1002eaa5     00005c6c     00003cc2   main_tirtos.obj (.text:main)
xdc_runtime_Error_raiseX__E  $Tramp$TT$L$PI$$xdc_runtime_Error_raiseX__E
   1002f739     00005c74     00003672   rom_sysbios.aem4f : rom_sysbios.obj (.text:ti_sysbios_family_arm_m3_Hwi_excHandlerMin__I)
ti_sysbios_BIOS_setThreadType__E  $Tramp$TT$L$PI$$ti_sysbios_BIOS_setThreadType__E
   1002ea11     00005c7c     00003632   rom_sysbios.aem4f : rom_sysbios.obj (.text:ti_sysbios_family_arm_m3_Hwi_excHandlerMin__I)
                             00004fa8   release_pem4f.oem4f (.text:ti_sysbios_BIOS_atExitFunc__I)
                             000057d8   release_pem4f.oem4f (.text:ti_sysbios_BIOS_exitFunc__I)
ti_sysbios_family_arm_m3_Hwi_excFillContext__I  $Tramp$TT$L$PI$$ti_sysbios_family_arm_m3_Hwi_excFillContext__I
   1002bda9     00005c84     0000362c   rom_sysbios.aem4f : rom_sysbios.obj (.text:ti_sysbios_family_arm_m3_Hwi_excHandlerMin__I)
ti_sysbios_knl_Semaphore_post__E  $Tramp$TT$L$PI$$ti_sysbios_knl_Semaphore_post__E
   1002cd21     00005c8c     000031c6   rom_sysbios.aem4f : rom_sysbios.obj (.text:_pthread_removeThreadKeys)
                             000040f4                     : rom_sysbios.obj (.text:pthread_exit)
                             00005b0a   dpl_cc26x2.a : SemaphoreP_tirtos.oem4f (.text:SemaphoreP_post)
xdc_runtime_Memory_free__E  $Tramp$TT$L$PI$$xdc_runtime_Memory_free__E
   1002f81d     00005c94     000031bc   rom_sysbios.aem4f : rom_sysbios.obj (.text:_pthread_removeThreadKeys)
                             0000515c                     : rom_sysbios.obj (.text:_pthread_delete$45)
ti_sysbios_knl_Queue_next__E  $Tramp$TT$L$PI$$ti_sysbios_knl_Queue_next__E
   1002ecd7     00005c9c     00003196   rom_sysbios.aem4f : rom_sysbios.obj (.text:_pthread_removeThreadKeys)
ti_sysbios_knl_Queue_head__E  $Tramp$TT$L$PI$$ti_sysbios_knl_Queue_head__E
   1002ecd3     00005ca4     00003182   rom_sysbios.aem4f : rom_sysbios.obj (.text:_pthread_removeThreadKeys)
ti_sysbios_knl_Semaphore_pend__E  $Tramp$TT$L$PI$$ti_sysbios_knl_Semaphore_pend__E
   1002bfb1     00005cac     0000317c   rom_sysbios.aem4f : rom_sysbios.obj (.text:_pthread_removeThreadKeys)
                             000058ba   dpl_cc26x2.a : SemaphoreP_tirtos.oem4f (.text:SemaphoreP_pend)
ti_sysbios_knl_Task_restore__E  $Tramp$TT$L$PI$$ti_sysbios_knl_Task_restore__E
   1002df45     00005cb4     00002dca   rom_sysbios.aem4f : rom_sysbios.obj (.text:ti_sysbios_knl_Task_setPri__E)
                             00003170                     : rom_sysbios.obj (.text:_pthread_removeThreadKeys)
                             000031d0                     : rom_sysbios.obj (.text:_pthread_removeThreadKeys)
                             00004106                     : rom_sysbios.obj (.text:pthread_exit)
                             00005364                     : rom_sysbios.obj (.text:_pthread_cleanupFxn)
                             00005602   dpl_cc26x2.a : PowerCC26X2_tirtos.oem4f (.text:PowerCC26XX_schedulerRestore)
ti_sysbios_knl_Queue_enqueue__E  $Tramp$TT$L$PI$$ti_sysbios_knl_Queue_enqueue__E
   1002ebd9     00005cbc     00002d9c   rom_sysbios.aem4f : rom_sysbios.obj (.text:ti_sysbios_knl_Task_setPri__E)
ti_sysbios_knl_Queue_empty__E  $Tramp$TT$L$PI$$ti_sysbios_knl_Queue_empty__E
   1002eb21     00005cc4     00002d84   rom_sysbios.aem4f : rom_sysbios.obj (.text:ti_sysbios_knl_Task_setPri__E)
                             00003168                     : rom_sysbios.obj (.text:_pthread_removeThreadKeys)
ti_sysbios_knl_Queue_remove__E  $Tramp$TT$L$PI$$ti_sysbios_knl_Queue_remove__E
   1002eb2f     00005ccc     00002d7e   rom_sysbios.aem4f : rom_sysbios.obj (.text:ti_sysbios_knl_Task_setPri__E)
                             0000319e                     : rom_sysbios.obj (.text:_pthread_removeThreadKeys)
[...]
1002eb3d  xdc_runtime_Timestamp_SupportProxy_getFreq__E                      
1002eb3d  xdc_runtime_Timestamp_SupportProxy_getFreq__E                      
1002eb3d  xdc_runtime_Timestamp_getFreq__E                                   
1002eb3d  xdc_runtime_Timestamp_getFreq__E                                   
1002eb49  ti_sysbios_family_arm_m3_Hwi_Params__init__S                       
1002eb49  ti_sysbios_hal_Hwi_HwiProxy_Params__init__S                        
1002eb55  ti_sysbios_family_arm_m3_Hwi_disableFxn__E                         
1002eb61  ti_sysbios_family_arm_m3_Hwi_enableFxn__E                          
1002eb6d  ti_sysbios_gates_GateHwi_enter__E                                  
1002eb79  ti_sysbios_BIOS_RtsGateProxy_Params__init__S                       
1002eb79  ti_sysbios_gates_GateMutex_Params__init__S                         
1002eb79  ti_sysbios_heaps_HeapMem_Module_GateProxy_Params__init__S          
1002eb85  ti_sysbios_heaps_HeapTrack_Params__init__S                         
1002eb91  ti_sysbios_heaps_HeapTrack_isBlocking__E                           
1002eb9d  ti_sysbios_knl_Clock_Params__init__S                               
1002eba9  ti_sysbios_knl_Clock_getTimerHandle__E                             
1002ebb5  ti_sysbios_knl_Event_Params__init__S                               
1002ebc1  ti_sysbios_knl_Mailbox_Params__init__S                             
1002ebcd  ti_sysbios_knl_Queue_dequeue__E                                    
1002ebd9  ti_sysbios_knl_Queue_enqueue__E                                    
1002ebe5  ti_sysbios_knl_Semaphore_Params__init__S                           
1002ebf1  ti_sysbios_knl_Swi_Params__init__S                                 
1002ebfd  ti_sysbios_knl_Swi_self__E                                         
1002ec09  ti_sysbios_knl_Task_Params__init__S                                
1002ec15  ti_sysbios_hal_Hwi_Instance_finalize__E                            
1002ec1f  ti_sysbios_knl_Event_Instance_init__E                              
1002ec29  ti_sysbios_family_arm_m3_Hwi_doSwiRestore__I                       
1002ec31  ti_sysbios_family_arm_m3_Hwi_startup__E                            
1002ec31  ti_sysbios_hal_Hwi_HwiProxy_startup__E                             
1002ec31  ti_sysbios_hal_Hwi_HwiProxy_startup__E                             
1002ec31  ti_sysbios_hal_Hwi_startup__E                                      
1002ec31  ti_sysbios_hal_Hwi_startup__E                                      
1002ec39  ti_sysbios_knl_Idle_loop__E                                        
1002ec41  ti_sysbios_family_arm_m3_Hwi_doTaskRestore__I                      
1002ec47  HwiP_restore                                                       
1002ec47  ti_sysbios_family_arm_m3_Hwi_restoreFxn__E                         
1002ec4d  ti_sysbios_gates_GateHwi_leave__E                                  
1002ec53  ti_sysbios_gates_GateMutex_Instance_finalize__E                    
1002ec59  ti_sysbios_heaps_HeapMem_isBlocking__E                             
1002ec5f  ti_sysbios_knl_Queue_Instance_init__E                              
1002ec65  ti_sysbios_knl_Queue_elemClear__E                                  
1002ec6b  ti_sysbios_knl_Swi_startup__E                                      
1002ec71  ti_sysbios_knl_Task_enable__E                                      
1002ec77  ti_sysbios_BIOS_RtsGateProxy_enter__E                              
1002ec7b  ti_sysbios_BIOS_RtsGateProxy_leave__E                              
1002ec7f  ti_sysbios_family_arm_cc26xx_Timer_getExpiredTicks__E              
1002ec83  ti_sysbios_family_arm_cc26xx_Timer_getPeriod__E                    
1002ec87  ti_sysbios_family_arm_cc26xx_Timer_setPeriod__E                    
1002ec8b  ti_sysbios_family_arm_m3_Hwi_delete                                
1002ec8f  ti_sysbios_family_arm_m3_TaskSupport_Module__startupDone__S        
1002ec8f  ti_sysbios_knl_Task_SupportProxy_Module__startupDone__S            
1002ec93  ti_sysbios_gates_GateHwi_query__E                                  
1002ec93  xdc_runtime_Main_Module_GateProxy_query__E                         
1002ec93  xdc_runtime_System_Module_GateProxy_query__E                       
1002ec93  xdc_runtime_System_Module_GateProxy_query__E                       
1002ec97  ti_sysbios_gates_GateMutex_delete                                  
1002ec9b  ti_sysbios_BIOS_RtsGateProxy_query__E                              
1002ec9b  ti_sysbios_BIOS_RtsGateProxy_query__E                              
1002ec9b  ti_sysbios_gates_GateMutex_query__E                                
1002ec9b  ti_sysbios_heaps_HeapMem_Module_GateProxy_query__E                 
1002ec9b  ti_sysbios_heaps_HeapMem_Module_GateProxy_query__E                 
1002ec9f  ti_sysbios_hal_Hwi_HwiProxy_create                                 
1002eca3  ti_sysbios_hal_Hwi_HwiProxy_delete                                 
1002eca7  ti_sysbios_hal_Hwi_delete                                          
1002ecab  ti_sysbios_heaps_HeapMem_Module_GateProxy_enter__E                 
1002ecaf  ti_sysbios_heaps_HeapMem_Module_GateProxy_leave__E                 
1002ecb3  ti_sysbios_knl_Clock_TimerProxy_getExpiredTicks__E                 
1002ecb7  ti_sysbios_knl_Clock_TimerProxy_getPeriod__E                       
1002ecbb  ti_sysbios_knl_Clock_delete                                        
1002ecbf  ti_sysbios_knl_Clock_removeI__E                                    
1002ecc3  ti_sysbios_knl_Clock_setTimeout__E                                 
1002ecc7  ti_sysbios_knl_Event_delete                                        
1002eccb  ti_sysbios_knl_Mailbox_delete                                      
1002eccf  ti_sysbios_knl_Queue_delete                                        
1002ecd3  ti_sysbios_knl_Queue_head__E                                       
1002ecd7  ti_sysbios_knl_Queue_next__E                                       
1002ecdb  ti_sysbios_knl_Semaphore_delete                                    
1002ecdf  ti_sysbios_knl_Swi_delete                                          
1002ece3  ti_sysbios_knl_Swi_postInit__I                                     
1002ece7  ti_sysbios_knl_Task_delete                                         
1002eceb  ti_sysbios_knl_Task_startup__E                                     
1002ecf1  xdc_runtime_System_doPrint__I                                      
1002f055  xdc_runtime_Startup_startMods__I                                   
1002f15d  xdc_runtime_Text_putSite__E                                        
1002f1f7  xdc_runtime_Error_policySpin__E                                    
1002f1f9  xdc_runtime_Text_putMod__E                                         
1002f289  xdc_runtime_Memory_alloc__E                                        
1002f2f9  xdc_runtime_Core_createObject__I                                   
1002f367  xdc_runtime_Core_deleteObject__I                                   
1002f3c5  xdc_runtime_Text_putLab__E                                         
1002f421  xdc_runtime_Assert_raise__I                                        
1002f475  xdc_runtime_Startup_exec__E                                        
1002f4c9  xdc_runtime_Core_assignParams__I                                   
1002f511  xdc_runtime_Core_constructObject__I                                
1002f559  xdc_runtime_System_atexit__E                                       
1002f5a1  xdc_runtime_Text_xprintf__I                                        
1002f5e5  xdc_runtime_System_processAtExit__E                                
1002f625  xdc_runtime_System_putchar__I                                      
1002f659  xdc_runtime_Core_assignLabel__I                                    
1002f689  xdc_runtime_Text_printVisFxn__I                                    
1002f6b9  xdc_runtime_System_vprintf__E                                      
1002f6e5  xdc_runtime_Text_cordText__E                                       
1002f711  xdc_runtime_System_abort__E                                        
1002f739  xdc_runtime_Error_raiseX__E                                        
1002f759  xdc_runtime_Registry_findById__E                                   
1002f779  xdc_runtime_Error_check__E                                         
1002f795  xdc_runtime_Memory_valloc__E                                       
1002f7b1  xdc_runtime_System_exit__E                                         
1002f7cd  xdc_runtime_Text_ropeText__E                                       
1002f7e9  xdc_runtime_System_printf__E                                       
1002f803  xdc_runtime_Core_destructObject__I                                 
1002f81b  xdc_runtime_System_abortSpin__E                                    
1002f81d  xdc_runtime_Memory_free__E                                         
1002f831  xdc_runtime_Memory_getStats__E                                     
1002f845  xdc_runtime_SysCallback_abort__E                                   
1002f845  xdc_runtime_System_SupportProxy_abort__E                           
1002f859  xdc_runtime_SysCallback_exit__E                                    
1002f859  xdc_runtime_System_SupportProxy_exit__E                            
1002f86d  xdc_runtime_SysCallback_flush__E                                   
1002f86d  xdc_runtime_System_SupportProxy_flush__E                           
1002f86d  xdc_runtime_System_flush__E                                        
1002f881  xdc_runtime_SysCallback_putch__E                                   
1002f881  xdc_runtime_System_SupportProxy_putch__E                           
1002f895  xdc_runtime_SysCallback_ready__E                                   
1002f895  xdc_runtime_System_SupportProxy_ready__E                           
1002f8a9  xdc_runtime_Memory_getMaxDefaultTypeAlign__E                       
1002f8b9  xdc_runtime_System_vsnprintf__E                                    
1002f8c9  xdc_runtime_Timestamp_SupportProxy_get32__E                        
1002f8c9  xdc_runtime_Timestamp_SupportProxy_get32__E                        
1002f8c9  xdc_runtime_Timestamp_get32__E                                     
1002f8c9  xdc_runtime_Timestamp_get32__E                                     
1002f8d9  xdc_runtime_Memory_calloc__E                                       
1002f8e5  xdc_runtime_Startup_rtsDone__E                                     
1002f8f1  xdc_runtime_Memory_HeapProxy_alloc__E                              
1002f8fb  xdc_runtime_Memory_HeapProxy_free__E                               
1002f905  xdc_runtime_Memory_HeapProxy_getStats__E                           
1002f90f  xdc_runtime_Gate_leaveSystem__E                                    
1002f915  xdc_runtime_System_Module_startup__E                               
1002f91b  xdc_runtime_Gate_enterSystem__E                                    
1002f91f  xdc_runtime_SysCallback_Module__startupDone__S                     
1002f91f  xdc_runtime_System_SupportProxy_Module__startupDone__S             
1002f923  xdc_runtime_System_Module_GateProxy_enter__E                       
1002f927  xdc_runtime_System_Module_GateProxy_leave__E                       
1002f92b  xdc_runtime_System_printf_va__F                                    
1002f92f  xdc_runtime_System_exitSpin__E                                     
1002f931  ti_sysbios_family_arm_m3_Hwi_dispatch__I                           
1002fa11  ti_sysbios_family_arm_m3_Hwi_interruptsAreDisabledButShouldNotBe   
1002fa2d  ti_sysbios_family_arm_m3_TaskSupport_buildTaskStack                
1002fab9  ti_sysbios_family_arm_m3_Hwi_initStacks__E                         
1002fb11  ti_sysbios_family_arm_m3_Hwi_pendSV__I                             
1002fb35  ti_sysbios_family_arm_m3_Hwi_return                                
1002fb39  ti_sysbios_family_arm_m3_Hwi_excHandlerAsm__I                      
1002fb59  ti_sysbios_family_xxx_Hwi_switchAndRunFunc                         
1002fb77  ti_sysbios_family_arm_m3_TaskSupport_swap__E                       
1002fb77  ti_sysbios_knl_Task_SupportProxy_swap__E                           
1002fb77  ti_sysbios_knl_Task_SupportProxy_swap__E                           
1002fb83  ti_sysbios_knl_Task_swapReturn                                     
1002fb8f  ti_sysbios_family_arm_m3_TaskSupport_glue                          
1002fba0  ti_sysbios_knl_Task_Object__PARAMS__C                              
1002fbdc  ti_sysbios_knl_Mailbox_Object__PARAMS__C                           
1002fc10  ti_sysbios_family_arm_m3_Hwi_Object__PARAMS__C                     
1002fc40  ti_sysbios_hal_Hwi_Object__PARAMS__C                               
1002fc6c  ti_sysbios_knl_Swi_Object__PARAMS__C                               
1002fc94  ti_sysbios_heaps_HeapMem_Object__PARAMS__C                         
1002fcb8  ti_sysbios_knl_Clock_Object__PARAMS__C                             
1002fcdc  ti_sysbios_knl_Semaphore_Object__PARAMS__C                         
1002fd00  ti_sysbios_gates_GateHwi_Object__PARAMS__C                         
1002fd18  ti_sysbios_gates_GateMutex_Object__PARAMS__C                       
1002fd30  ti_sysbios_knl_Event_Object__PARAMS__C                             
1002fd48  ti_sysbios_knl_Queue_Object__PARAMS__C                             
1002fd80  ti_sysbios_heaps_HeapTrack_Object__PARAMS__C                       
1002fd9c  ti_sysbios_heaps_HeapTrack_Instance_State_trackQueue__O            
1002fda0  ti_sysbios_heaps_HeapTrack_Module__diagsEnabled__C                 
1002fda4  ti_sysbios_heaps_HeapTrack_Module__diagsIncluded__C                
1002fda8  ti_sysbios_heaps_HeapTrack_Module__diagsMask__C                    
1002fddb  strlen                                                             
20000000  __start___llvm_prf_cnts                                            
20000000  __stop___llvm_prf_cnts                                             
20000000  ti_sysbios_family_arm_m3_Hwi_ramVectors                            
20000100  xdcRomConstPtr                                                     
20000104  xdcRomExternFuncPtr                                                
20000108  xdcRomStatePtr                                                     
20000510  ti_sysbios_knl_Task_Instance_State_0_stack__A                      
20000710  uartCC26XXObjects                                                  
200008c4  spiCC26X2DMAObjects                                                
200009cc  ti_sysbios_family_arm_m3_Hwi_dispatchTable                         
20000aa4  pinHandleTable                                                     
20000c44  udmaCC26XXObject                                                   
20000ca8  displayUartObject                                                  
20000cb4  nvsSPI25XObjects                                                   
20000cd0  PowerCC26XX_swiKey                                                 
20000cd4  PowerCC26XX_taskKey                                                
20000cd8  driverlib_release_0_58048                                          
20000ce0  PowerCC26X2_module                                                 
20000e50  ROM_stateStruct                                                    
20000e50  ti_sysbios_knl_Clock_Module__state__V                              
20000e7c  ti_sysbios_family_arm_cc26xx_TimestampProvider_Module__state__V    
20000e80  xdc_runtime_Startup_Module__state__V                               
20000e88  xdc_runtime_Registry_Module__state__V                              
20000e90  ti_sysbios_BIOS_Module__state__V                                   
20000eb4  ti_sysbios_knl_Swi_Module__state__V                                
20000ed0  ti_sysbios_knl_Task_Module__state__V                               
20000f14  xdc_runtime_Memory_Module__state__V                                
20000f18  xdc_runtime_System_Module__state__V                                
20000f20  ti_sysbios_family_arm_m3_Hwi_Module__state__V                      
20000f54  ti_sysbios_family_arm_cc26xx_Timer_Module__state__V                
20000fe4  ti_sysbios_gates_GateMutex_Object__table__V                        
20001038  ti_sysbios_knl_Task_Object__table__V                               
20001084  gpioCallbackFunctions                                              
20001088  ti_sysbios_family_arm_cc26xx_Timer_Object__table__V                
200010d0  ti_sysbios_knl_Swi_Module_State_0_readyQ__A                        
20001100  ti_sysbios_knl_Swi_Object__table__V                                
20001130  ti_sysbios_knl_Task_Module_State_0_readyQ__A                       
20001160  _hposcCoeffs                                                       
20001184  ti_sysbios_knl_Clock_Object__table__V                              
200011a4  xdc_runtime_Error_IgnoreBlock                                      
200011c4  ti_sysbios_family_arm_m3_Hwi_Object__table__V                      
200011dc  ti_sysbios_heaps_HeapMem_Object__table__V                          
200011f4  _lock                                                              
200011f8  _unlock                                                            
200011fc  pinUpperBound                                                      
20001200  pinLowerBound                                                      
20001204  ti_sysbios_family_arm_m3_Hwi_Module__root__V                       
2000120c  ti_sysbios_gates_GateHwi_Module__root__V                           
20001214  ti_sysbios_gates_GateMutex_Module__root__V                         
2000121c  ti_sysbios_hal_Hwi_Module__root__V                                 
20001224  ti_sysbios_heaps_HeapMem_Module__root__V                           
2000122c  ti_sysbios_knl_Clock_Module__root__V                               
20001234  ti_sysbios_knl_Event_Module__root__V                               
2000123c  ti_sysbios_knl_Mailbox_Module__root__V                             
20001244  ti_sysbios_knl_Queue_Module__root__V                               
2000124c  ti_sysbios_knl_Semaphore_Module__root__V                           
20001254  ti_sysbios_knl_Swi_Module__root__V                                 
2000125c  ti_sysbios_knl_Task_Module__root__V                                
20001264  xdc_runtime_System_Module_State_0_atexitHandlers__A                
20001272  ti_sysbios_family_arm_m3_Hwi_Module_State_0_excActive__A           
20001274  gpioPinConfigs                                                     
2000127c  main_func_sp                                                       
20001280  ti_sysbios_family_arm_m3_Hwi_Module_State_0_excContext__A          
20001284  ti_sysbios_family_arm_m3_Hwi_Module_State_0_excStack__A            
20001288  ti_sysbios_knl_Task_Module_State_0_idleTask__A                     
20001b20  __primary_heap_start__                                             
20005b20  __primary_heap_end__                                               
20013c00  __stack                                                            
20014000  __STACK_END                                                        
e000e000  ti_sysbios_family_arm_m3_Hwi_nvic                                  
ffffffff  __TI_pprof_out_hndl                                                
ffffffff  __TI_prof_data_size                                                
ffffffff  __TI_prof_data_start                                               
ffffffff  __binit__                                                          
ffffffff  __c_args__                                                         
ffffffff  binit                                                              
UNDEFED   ITM_flush                                                          
UNDEFED   ITM_restore                                                        
UNDEFED   SHT$$INIT_ARRAY$$Base                                              
UNDEFED   SHT$$INIT_ARRAY$$Limit                                             

[926 symbols]
