******************************************************************************
                  TI ARM Linker Unix v20.2.1                   
******************************************************************************
>> Linked Thu Dec 17 13:45:25 2020

OUTPUT FILE NAME:   <simple_broadcaster_CC26X2R1_LAUNCHXL_tirtos_ccs.out>
ENTRY POINT SYMBOL: "ResetISR"  address: 0000f479


MEMORY CONFIGURATION

         name            origin    length      used     unused   attr    fill
----------------------  --------  ---------  --------  --------  ----  --------
  FLASH                 00000000   00056000  0001675c  0003f8a4  R  X
  FLASH_LAST_PAGE       00056000   00002000  00000058  00001fa8  R  X
  RTOS_SRAM             20000000   0000012c  000000e4  00000048  RW X
  SRAM                  20000fdf   00013021  0000264d  000109d4  RW X


SEGMENT ALLOCATION MAP

run origin  load origin   length   init length attrs members
----------  ----------- ---------- ----------- ----- -------
00000000    00000000    00016760   00016760    r-x
  00000000    00000000    0000003c   0000003c    r-- .resetVecs
  0000003c    0000003c    00014098   00014098    r-x .text
  000140d4    000140d4    0000209e   0000209e    r-- .const
  00016174    00016174    0000011a   0000011a    r-- .rodata
  00016290    00016290    000004d0   000004d0    r-- .cinit
00057fa8    00057fa8    00000058   00000058    r--
  00057fa8    00057fa8    00000058   00000058    r-- .ccfg
20000100    20000100    0000000c   00000000    rw-
  20000100    20000100    00000004   00000000    rw- .data:xdcRomConstPtr
  20000104    20000104    00000004   00000000    rw- .data:xdcRomExternFuncPtr
  20000108    20000108    00000004   00000000    rw- .data:xdcRomStatePtr
20001830    20001830    00000010   00000000    rw-
  20001830    20001830    00000010   00000000    rw- .TI.bound:dmaSpi0RxControlTableEntry
20001840    20001840    00000010   00000000    rw-
  20001840    20001840    00000010   00000000    rw- .TI.bound:dmaSpi0TxControlTableEntry
20001900    20001900    00000010   00000000    rw-
  20001900    20001900    00000010   00000000    rw- .TI.bound:dmaSpi1RxControlTableEntry
20001910    20001910    00000010   00000000    rw-
  20001910    20001910    00000010   00000000    rw- .TI.bound:dmaSpi1TxControlTableEntry
20001a30    20001a30    00000010   00000000    rw-
  20001a30    20001a30    00000010   00000000    rw- .TI.bound:dmaSpi0RxAltControlTableEntry
20001a40    20001a40    00000010   00000000    rw-
  20001a40    20001a40    00000010   00000000    rw- .TI.bound:dmaSpi0TxAltControlTableEntry
20001b00    20001b00    00000010   00000000    rw-
  20001b00    20001b00    00000010   00000000    rw- .TI.bound:dmaSpi1RxAltControlTableEntry
20001b10    20001b10    000021dd   00000000    rw-
  20001b10    20001b10    00000010   00000000    rw- .TI.bound:dmaSpi1TxAltControlTableEntry
  20001b20    20001b20    00000efd   00000000    rw- .data
  20002a20    20002a20    000012cd   00000000    rw- .bss
20013c00    20013c00    00000400   00000000    rw-
  20013c00    20013c00    00000400   00000000    rw- .stack


SECTION ALLOCATION MAP

 output                                  attributes/
section   page    origin      length       input sections
--------  ----  ----------  ----------   ----------------
.cinit     0    00016290    000004d0     
                  00016290    000003f5     (.cinit..data.load) [load image, compression = lzss]
                  00016685    00000003     --HOLE-- [fill = 0]
                  00016688    0000000c     (__TI_handler_table)
                  00016694    00000004     --HOLE-- [fill = 0]
                  00016698    00000008     (.cinit..TI.bound:dmaSpi0RxAltControlTableEntry.load) [load image, compression = zero_init]
                  000166a0    00000008     (.cinit..TI.bound:dmaSpi0RxControlTableEntry.load) [load image, compression = zero_init]
                  000166a8    00000008     (.cinit..TI.bound:dmaSpi0TxAltControlTableEntry.load) [load image, compression = zero_init]
                  000166b0    00000008     (.cinit..TI.bound:dmaSpi0TxControlTableEntry.load) [load image, compression = zero_init]
                  000166b8    00000008     (.cinit..TI.bound:dmaSpi1RxAltControlTableEntry.load) [load image, compression = zero_init]
                  000166c0    00000008     (.cinit..TI.bound:dmaSpi1RxControlTableEntry.load) [load image, compression = zero_init]
                  000166c8    00000008     (.cinit..TI.bound:dmaSpi1TxAltControlTableEntry.load) [load image, compression = zero_init]
                  000166d0    00000008     (.cinit..TI.bound:dmaSpi1TxControlTableEntry.load) [load image, compression = zero_init]
                  000166d8    00000008     (.cinit..bss.load) [load image, compression = zero_init]
                  000166e0    00000008     (.cinit..data:xdcRomConstPtr.load) [load image, compression = lzss]
                  000166e8    00000008     (.cinit..data:xdcRomExternFuncPtr.load) [load image, compression = lzss]
                  000166f0    00000008     (.cinit..data:xdcRomStatePtr.load) [load image, compression = lzss]
                  000166f8    00000068     (__TI_cinit_table)

.init_array 
*          0    00000000    00000000     UNINITIALIZED

.ccfg      0    00057fa8    00000058     
                  00057fa8    00000058     ti_devices_config.obj (.ccfg:retain)

.data:xdcRomConstPtr 
*          0    20000100    00000004     UNINITIALIZED
                  20000100    00000004     simple_broadcaster_app_pem4f.oem4f (.data:xdcRomConstPtr)

.data:xdcRomExternFuncPtr 
*          0    20000104    00000004     UNINITIALIZED
                  20000104    00000004     simple_broadcaster_app_pem4f.oem4f (.data:xdcRomExternFuncPtr)

.data:xdcRomStatePtr 
*          0    20000108    00000004     UNINITIALIZED
                  20000108    00000004     simple_broadcaster_app_pem4f.oem4f (.data:xdcRomStatePtr)

.TI.bound:dmaSpi0RxControlTableEntry 
*          0    20001830    00000010     UNINITIALIZED
                  20001830    00000010     drivers_cc26x2.a : SPICC26X2DMA.oem4f (.TI.bound:dmaSpi0RxControlTableEntry)

.TI.bound:dmaSpi1RxControlTableEntry 
*          0    20001900    00000010     UNINITIALIZED
                  20001900    00000010     drivers_cc26x2.a : SPICC26X2DMA.oem4f (.TI.bound:dmaSpi1RxControlTableEntry)

.TI.bound:dmaSpi0RxAltControlTableEntry 
*          0    20001a30    00000010     UNINITIALIZED
                  20001a30    00000010     drivers_cc26x2.a : SPICC26X2DMA.oem4f (.TI.bound:dmaSpi0RxAltControlTableEntry)

.TI.bound:dmaSpi1RxAltControlTableEntry 
*          0    20001b00    00000010     UNINITIALIZED
                  20001b00    00000010     drivers_cc26x2.a : SPICC26X2DMA.oem4f (.TI.bound:dmaSpi1RxAltControlTableEntry)

.data      0    20001b20    00000efd     UNINITIALIZED
                  20001b20    00000470     simple_broadcaster.obj (.data:$O2$$)
                  20001f90    000001d4     devinfoservice.obj (.data:$O4$$)
                  20002164    00000170     drivers_cc26x2.a : PowerCC26X2.oem4f (.data:PowerCC26X2_module)
                  200022d4    0000010c     simple_broadcaster_app_pem4f.oem4f (.data:ROM_stateStruct)
                  200023e0    0000009c     icall.obj (.data:$O5$$)
                  2000247c    00000060     nvocmp.obj (.data:$O3$$)
                  200024dc    00000060     OneLib.a : ll_config.o (.data)
                  2000253c    00000054     ti_radio_config.obj (.data:pOverrides_bleCommon)
                  20002590    00000050     ti_radio_config.obj (.data:txPowerTable_2400_pa5)
                  200025e0    0000004c     simple_broadcaster_app_pem4f.oem4f (.data:ti_sysbios_knl_Task_Object__table__V)
                  2000262c    00000004     StackWrapper.a : hal_assert.o (.data)
                  20002630    00000048     simple_broadcaster_app_pem4f.oem4f (.data:ti_sysbios_family_arm_cc26xx_Timer_Object__table__V)
                  20002678    00000040     ble_user_config.obj (.data:eccParams_NISTP256)
                  200026b8    0000003c     ti_ble_config.obj (.data:$O1$$)
                  200026f4    0000003c     icall_user_config.obj (.data:nvintfFncStruct)
                  20002730    00000038     simple_broadcaster_app_pem4f.oem4f (.data:ti_sysbios_gates_GateMutex_Object__table__V)
                  20002768    00000030     simple_broadcaster_app_pem4f.oem4f (.data:ti_sysbios_knl_Swi_Module_State_0_readyQ__A)
                  20002798    00000030     simple_broadcaster_app_pem4f.oem4f (.data:ti_sysbios_knl_Swi_Object__table__V)
                  200027c8    00000030     simple_broadcaster_app_pem4f.oem4f (.data:ti_sysbios_knl_Task_Module_State_0_readyQ__A)
                  200027f8    00000024     driverlib.lib : osc.obj (.data:$O9$$)
                  2000281c    00000004     ble_user_config_stack.obj (.data)
                  20002820    00000020     drivers_cc26x2.a : TRNGCC26XX.oem4f (.data:entropyPoolBuffer)
                  20002840    00000020     simple_broadcaster_app_pem4f.oem4f (.data:ti_sysbios_knl_Clock_Object__table__V)
                  20002860    00000020     simple_broadcaster_app_pem4f.oem4f (.data:xdc_runtime_Error_IgnoreBlock)
                  20002880    00000018     simple_broadcaster_app_pem4f.oem4f (.data:ti_sysbios_family_arm_m3_Hwi_Object__table__V)
                  20002898    00000010     OneLib.a : ll.o (.data)
                  200028a8    00000010              : ll_data.o (.data)
                  200028b8    00000010     StackWrapper.a : osal.o (.data)
                  200028c8    00000010     icall_user_config.obj (.data:bleAppServiceInfoTable)
                  200028d8    00000010     icall_api_lite.obj (.data)
                  200028e8    00000010     ti_radio_config.obj (.data:pOverrides_ble2Mbps)
                  200028f8    00000010     ti_radio_config.obj (.data:pOverrides_bleCoded)
                  20002908    00000010     main.obj (.data:user0Cfg)
                  20002918    0000000c     ti_drivers_config.obj (.data:gpioCallbackFunctions)
                  20002924    0000000c     ti_drivers_config.obj (.data:gpioPinConfigs)
                  20002930    0000000c     ti_radio_config.obj (.data:pOverrides_ble1Mbps)
                  2000293c    0000000c     simple_broadcaster_app_pem4f.oem4f (.data:ti_sysbios_heaps_HeapCallback_Object__table__V)
                  20002948    00000009     devinfoservice.obj (.data)
                  20002951    00000001     OneLib.a : ll_ae.o (.data)
                  20002952    00000002              : ll_config.o (.data)
                  20002954    00000008     rtsv7M4_T_le_v4SPD16_eabi.lib : _lock.c.obj (.data:$O12$$)
                  2000295c    00000008     icall_cc2650.obj (.data:$O7$$)
                  20002964    00000008     ble_user_config.obj (.data:$O8$$)
                  2000296c    00000008     drivers_cc26x2.a : PINCC26XX.oem4f (.data)
                  20002974    00000008                      : TRNGCC26XX.oem4f (.data:jobList)
                  2000297c    00000008     simple_broadcaster_app_pem4f.oem4f (.data:ti_sysbios_family_arm_m3_Hwi_Module__root__V)
                  20002984    00000008     simple_broadcaster_app_pem4f.oem4f (.data:ti_sysbios_gates_GateHwi_Module__root__V)
                  2000298c    00000008     simple_broadcaster_app_pem4f.oem4f (.data:ti_sysbios_gates_GateMutexPri_Module__root__V)
                  20002994    00000008     simple_broadcaster_app_pem4f.oem4f (.data:ti_sysbios_gates_GateMutex_Module__root__V)
                  2000299c    00000008     simple_broadcaster_app_pem4f.oem4f (.data:ti_sysbios_hal_Hwi_Module__root__V)
                  200029a4    00000008     simple_broadcaster_app_pem4f.oem4f (.data:ti_sysbios_heaps_HeapCallback_Module__root__V)
                  200029ac    00000008     simple_broadcaster_app_pem4f.oem4f (.data:ti_sysbios_heaps_HeapMem_Module__root__V)
                  200029b4    00000008     simple_broadcaster_app_pem4f.oem4f (.data:ti_sysbios_knl_Clock_Module__root__V)
                  200029bc    00000008     simple_broadcaster_app_pem4f.oem4f (.data:ti_sysbios_knl_Event_Module__root__V)
                  200029c4    00000008     simple_broadcaster_app_pem4f.oem4f (.data:ti_sysbios_knl_Mailbox_Module__root__V)
                  200029cc    00000008     simple_broadcaster_app_pem4f.oem4f (.data:ti_sysbios_knl_Queue_Module__root__V)
                  200029d4    00000008     simple_broadcaster_app_pem4f.oem4f (.data:ti_sysbios_knl_Semaphore_Module__root__V)
                  200029dc    00000008     simple_broadcaster_app_pem4f.oem4f (.data:ti_sysbios_knl_Swi_Module__root__V)
                  200029e4    00000008     simple_broadcaster_app_pem4f.oem4f (.data:ti_sysbios_knl_Task_Module__root__V)
                  200029ec    00000005     drivers_cc26x2.a : GPIOCC26XX.oem4f (.data)
                  200029f1    00000001     OneLib.a : ll_data.o (.data)
                  200029f2    00000002     StackWrapper.a : osal_cbtimer.o (.data)
                  200029f4    00000004     drivers_cc26x2.a : GPIOCC26XX.oem4f (.data:gpioPinTable)
                  200029f8    00000004     rtsv7M4_T_le_v4SPD16_eabi.lib : stkdepth_vars.c.obj (.data)
                  200029fc    00000004     simple_broadcaster_app_pem4f.oem4f (.data:ti_sysbios_family_arm_m3_Hwi_Module_State_0_excContext__A)
                  20002a00    00000004     simple_broadcaster_app_pem4f.oem4f (.data:ti_sysbios_family_arm_m3_Hwi_Module_State_0_excStack__A)
                  20002a04    00000004     simple_broadcaster_app_pem4f.oem4f (.data:ti_sysbios_knl_Task_Module_State_0_idleTask__A)
                  20002a08    00000002     drivers_cc26x2.a : CryptoResourceCC26XX.oem4f (.data)
                  20002a0a    00000002                      : PKAResourceCC26XX.oem4f (.data)
                  20002a0c    00000002                      : TRNGCC26XX.oem4f (.data)
                  20002a0e    00000002     simple_broadcaster_app_pem4f.oem4f (.data:ti_sysbios_family_arm_m3_Hwi_Module_State_0_excActive__A)
                  20002a10    00000001     OneLib.a : ll_scheduler.o (.data)
                  20002a11    00000001     StackWrapper.a : gap.o (.data)
                  20002a12    00000001                    : gap.o (.data)
                  20002a13    00000001                    : hal_assert.o (.data)
                  20002a14    00000001     drivers_cc26x2.a : AESCCMCC26XX.oem4f (.data)
                  20002a15    00000001                      : AESCTRCC26XX.oem4f (.data)
                  20002a16    00000001                      : AESCTRDRBGXX.oem4f (.data)
                  20002a17    00000001                      : AESECBCC26XX.oem4f (.data)
                  20002a18    00000001                      : ECDHCC26X2.oem4f (.data)
                  20002a19    00000001                      : NVS.oem4f (.data)
                  20002a1a    00000001                      : SPI.oem4f (.data)
                  20002a1b    00000001                      : UART.oem4f (.data)
                  20002a1c    00000001     rf_multiMode_cc26x2.aem4f : rf_patch_cpe_bt5.c.cc26x2.ccs.o (.data)

.bss       0    20002a20    000012cd     UNINITIALIZED
                  20002a20    000004f0     rf_multiMode_cc26x2.aem4f : RFCC26X2_multiMode.c.cc26x2.ccs.o (.bss:$O1$$)
                  20002f10    00000300     simple_broadcaster_app_pem4f.oem4f (.bss:taskStackSection)
                  20003210    000001b4     (.common:uartCC26XXObjects)
                  200033c4    00000108     (.common:spiCC26X2DMAObjects)
                  200034cc    000000d8     (.common:ti_sysbios_family_arm_m3_Hwi_dispatchTable)
                  200035a4    00000080     ti_drivers_config.obj (.bss:displayUARTBuffer)
                  20003624    00000080     (.common:trngCC26XXObjects)
                  200036a4    0000007c     (.common:pinHandleTable)
                  20003720    00000078     StackWrapper.a : osal_cbtimer.o (.bss)
                  20003798    00000058     (.common:aesctrdrbgXXObjects)
                  200037f0    00000050     drivers_cc26x2.a : PINCC26XX.oem4f (.bss:pinSemaphore)
                  20003840    00000050     (.common:CryptoResourceCC26XX_accessSemaphore)
                  20003890    00000050     (.common:CryptoResourceCC26XX_operationSemaphore)
                  200038e0    00000050     (.common:PKAResourceCC26XX_accessSemaphore)
                  20003930    00000050     (.common:PKAResourceCC26XX_operationSemaphore)
                  20003980    0000003c     StackWrapper.a : osal_snv_wrapper.o (.bss)
                  200039bc    00000034     drivers_cc26x2.a : PINCC26XX.oem4f (.bss:pinSwi)
                  200039f0    00000020     OneLib.a : gattservapp.o (.bss)
                  20003a10    00000020              : ll.o (.bss)
                  20003a30    00000020     drivers_cc26x2.a : GPIOCC26XX.oem4f (.bss:gpioCallbackInfo)
                  20003a50    00000020                      : PINCC26XX.oem4f (.bss:pinGpioConfigTable)
                  20003a70    00000020     ti_drivers_config.obj (.bss:uartCC26XXRingBuffer0)
                  20003a90    00000020     (.common:ecdhCC26X2Objects)
                  20003ab0    00000020     (.common:udmaCC26XXObject)
                  20003ad0    0000001c     drivers_cc26x2.a : TRNGCC26XX.oem4f (.bss:TRNGCC26XX_hwi)
                  20003aec    0000001c                      : TRNGCC26XX.oem4f (.bss:entropyPool)
                  20003b08    0000001c                      : PINCC26XX.oem4f (.bss:pinHwi)
                  20003b24    0000001c     (.common:CryptoResourceCC26XX_hwi)
                  20003b40    0000001c     (.common:PKAResourceCC26XX_hwi)
                  20003b5c    00000018     OneLib.a : ll_common.o (.bss)
                  20003b74    00000018     (.common:aesccmCC26XXObjects)
                  20003b8c    00000018     (.common:aesctrCC26XXObjects)
                  20003ba4    00000018     (.common:aesecbCC26XXObjects)
                  20003bbc    00000014     rf_multiMode_cc26x2.aem4f : RFCC26X2_multiMode.c.cc26x2.ccs.o (.bss:RF_ratSyncCmd)
                  20003bd0    00000014     drivers_cc26x2.a : Random.oem4f (.bss:state)
                  20003be4    00000010                      : NVSSPI25X.oem4f (.bss:spiHandles)
                  20003bf4    00000010     util.obj (.bss:str$1$5)
                  20003c04    0000000c     OneLib.a : ll.o (.bss)
                  20003c10    0000000c              : ll.o (.bss)
                  20003c1c    0000000c              : ll_scheduler.o (.bss)
                  20003c28    0000000c     drivers_cc26x2.a : NVSSPI25X.oem4f (.bss)
                  20003c34    0000000c                      : GPIOCC26XX.oem4f (.bss:gpioPinState)
                  20003c40    0000000c     (.common:displayUartObject)
                  20003c4c    0000000c     (.common:nvsSPI25XObjects)
                  20003c58    00000008     OneLib.a : ll.o (.bss)
                  20003c60    00000008     drivers_cc26x2.a : GPIOCC26XX.oem4f (.bss)
                  20003c68    00000004     OneLib.a : ll.o (.bss)
                  20003c6c    00000004              : ll.o (.bss)
                  20003c70    00000004              : ll.o (.bss)
                  20003c74    00000004              : ll.o (.bss)
                  20003c78    00000004              : ll.o (.bss)
                  20003c7c    00000004              : ll_ae.o (.bss)
                  20003c80    00000004              : ll_common.o (.bss)
                  20003c84    00000004              : ll_enc.o (.bss)
                  20003c88    00000004              : ll_privacy.o (.bss)
                  20003c8c    00000004     StackWrapper.a : osal.o (.bss)
                  20003c90    00000004                    : osal.o (.bss)
                  20003c94    00000004                    : osal.o (.bss)
                  20003c98    00000004                    : osal.o (.bss)
                  20003c9c    00000004                    : osal.o (.bss)
                  20003ca0    00000004                    : osal.o (.bss)
                  20003ca4    00000004                    : osal_bufmgr.o (.bss)
                  20003ca8    00000004                    : osal_clock.o (.bss)
                  20003cac    00000004                    : osal_clock.o (.bss)
                  20003cb0    00000004                    : osal_timers.o (.bss)
                  20003cb4    00000004                    : osal_timers.o (.bss)
                  20003cb8    00000004                    : osal_timers.o (.bss)
                  20003cbc    00000004     drivers_cc26x2.a : ECDHCC26X2.oem4f (.bss)
                  20003cc0    00000004                      : PINCC26XX.oem4f (.bss)
                  20003cc4    00000004                      : NVSSPI25X.oem4f (.bss:spiHandleUsers)
                  20003cc8    00000004     (.common:PowerCC26XX_swiKey)
                  20003ccc    00000004     (.common:PowerCC26XX_taskKey)
                  20003cd0    00000004     (.common:tasksEvents)
                  20003cd4    00000002     OneLib.a : ll.o (.bss)
                  20003cd6    00000002              : ll_slave_end_causes.o (.bss)
                  20003cd8    00000002     StackWrapper.a : osal_pwrmgr.o (.bss)
                  20003cda    00000001     OneLib.a : gattservapp.o (.bss)
                  20003cdb    00000001              : hci_tl.o (.bss)
                  20003cdc    00000001              : hci_tl.o (.bss)
                  20003cdd    00000001              : hci_tl.o (.bss)
                  20003cde    00000001              : hci_tl.o (.bss)
                  20003cdf    00000001              : hci_tl.o (.bss)
                  20003ce0    00000001              : hci_tl.o (.bss)
                  20003ce1    00000001              : ll.o (.bss)
                  20003ce2    00000001              : ll.o (.bss)
                  20003ce3    00000001              : ll_ae.o (.bss)
                  20003ce4    00000001              : ll_config.o (.bss)
                  20003ce5    00000001              : ll_config.o (.bss)
                  20003ce6    00000001              : ll_enc.o (.bss)
                  20003ce7    00000001     StackWrapper.a : ble_dispatch_lite.o (.bss)
                  20003ce8    00000001                    : hal_assert.o (.bss)
                  20003ce9    00000001                    : osal.o (.bss)
                  20003cea    00000001                    : osal_pwrmgr.o (.bss)
                  20003ceb    00000001     rf_multiMode_cc26x2.aem4f : RFCC26X2_multiMode.c.cc26x2.ccs.o (.bss)
                  20003cec    00000001     (.common:driverlib_release_0_58048)

.vtable    0    20003ced    00000000     UNINITIALIZED

.vtable_ram 
*          0    20003ced    00000000     UNINITIALIZED

vtable_ram 
*          0    20003ced    00000000     UNINITIALIZED

.sysmem    0    20003ced    00000000     UNINITIALIZED

.nonretenvar 
*          0    20003ced    00000000     UNINITIALIZED

.stack     0    20013c00    00000400     UNINITIALIZED
                  20013c00    00000400     --HOLE--

.bootVecs 
*          0    00000000    00000008     DSECT
                  00000000    00000008     boot.aem4f : boot.oem4f (.bootVecs)

.resetVecs 
*          0    00000000    0000003c     
                  00000000    0000003c     simple_broadcaster_app_pem4f.oem4f (.resetVecs)

.vecs      0    20000000    000000d8     NOLOAD SECTION
                  20000000    000000d8     simple_broadcaster_app_pem4f.oem4f (.vecs)

xdc.meta   0    00000000    00000117     COPY SECTION
                  00000000    00000117     simple_broadcaster_app_pem4f.oem4f (xdc.meta)

xdc.noload 
*          0    00000000    00000000     COPY SECTION

.TI.bound:dmaSpi0TxControlTableEntry 
*          0    20001840    00000010     UNINITIALIZED
                  20001840    00000010     drivers_cc26x2.a : SPICC26X2DMA.oem4f (.TI.bound:dmaSpi0TxControlTableEntry)

.TI.bound:dmaSpi1TxControlTableEntry 
*          0    20001910    00000010     UNINITIALIZED
                  20001910    00000010     drivers_cc26x2.a : SPICC26X2DMA.oem4f (.TI.bound:dmaSpi1TxControlTableEntry)

.TI.bound:dmaSpi0TxAltControlTableEntry 
*          0    20001a40    00000010     UNINITIALIZED
                  20001a40    00000010     drivers_cc26x2.a : SPICC26X2DMA.oem4f (.TI.bound:dmaSpi0TxAltControlTableEntry)

.TI.bound:dmaSpi1TxAltControlTableEntry 
*          0    20001b10    00000010     UNINITIALIZED
                  20001b10    00000010     drivers_cc26x2.a : SPICC26X2DMA.oem4f (.TI.bound:dmaSpi1TxAltControlTableEntry)

.text      0    0000003c    00014098     
                  0000003c    000006bc     OneLib.a : ll_adv_end_causes.o (.text)
                  000006f8    000004e0              : ll_slave_end_causes.o (.text)
                  00000bd8    000004a4     rf_multiMode_cc26x2.aem4f : RFCC26X2_multiMode.c.cc26x2.ccs.o (.text:RF_fsmActiveState)
                  0000107c    00000464     OneLib.a : ll.o (.text)
                  000014e0    00000458              : ll_ae.o (.text)
                  00001938    00000450              : ll_isr.o (.text)
                  00001d88    000003c4              : ble.o (.text)
                  0000214c    00000380              : ll_isr.o (.text)
                  000024cc    00000308              : ll.o (.text)
                  000027d4    000002f4              : ll_ae.o (.text)
                  00002ac8    000002f4     drivers_cc26x2.a : SPICC26X2DMA.oem4f (.text:SPICC26X2DMA_transfer)
                  00002dbc    00000290     OneLib.a : ll_scheduler.o (.text)
                  0000304c    0000025c     nvocmp.obj (.text:NVOCMP_addItem$7)
                  000032a8    00000250     OneLib.a : ll_data.o (.text)
                  000034f8    00000248              : ll_ae.o (.text)
                  00003740    0000023c              : ll_common.o (.text)
                  0000397c    00000234     drivers_cc26x2.a : SPICC26X2DMA.oem4f (.text:SPICC26X2DMA_hwiFxn)
                  00003bb0    00000220     OneLib.a : ll_ae.o (.text)
                  00003dd0    00000218     drivers_cc26x2.a : ECDHCC26X2.oem4f (.text:ECDHCC26X2_runFSM)
                  00003fe8    00000218     nvocmp.obj (.text:NVOCMP_initNv$7)
                  00004200    00000210     rf_multiMode_cc26x2.aem4f : RFCC26X2_multiMode.c.cc26x2.ccs.o (.text:RF_scheduleCmd)
                  00004410    00000204     OneLib.a : gattservapp.o (.text)
                  00004614    00000204              : ll_isr.o (.text)
                  00004818    00000200     rf_multiMode_cc26x2.aem4f : RFCC26X2_multiMode.c.cc26x2.ccs.o (.text:RF_open)
                  00004a18    000001fc     OneLib.a : ll_scheduler.o (.text)
                  00004c14    000001ec              : ll_isr.o (.text)
                  00004e00    000001dc     StackWrapper.a : osal.o (.text)
                  00004fdc    000001d4     rf_multiMode_cc26x2.aem4f : RFCC26X2_multiMode.c.cc26x2.ccs.o (.text:RF_dispatchNextCmd)
                  000051b0    000001cc     drivers_cc26x2.a : PINCC26XX.oem4f (.text:PIN_init)
                  0000537c    000001cc     osal_icall_ble.obj (.text:stack_main)
                  00005548    000001c4     OneLib.a : ll.o (.text)
                  0000570c    000001a8     simple_broadcaster.obj (.text:SimpleBroadcaster_taskFxn$4)
                  000058b4    000001a0     simple_broadcaster.obj (.text:SimpleBroadcaster_processGapMessage$4)
                  00005a54    00000198     drivers_cc26x2.a : PowerCC26X2.oem4f (.text:Power_sleep)
                  00005bec    00000190                      : PowerCC26X2_calibrateRCOSC.oem4f (.text:calibrateRcoscHf1)
                  00005d7c    00000190     icall.obj (.text:icall_directAPI)
                  00005f0c    0000018c     drivers_cc26x2.a : PowerCC26X2_calibrateRCOSC.oem4f (.text:runCalibrateFsm)
                  00006098    00000188     nvocmp.obj (.text:NVOCMP_compact$7)
                  00006220    00000178     drivers_cc26x2.a : SPICC26X2DMA.oem4f (.text:SPICC26X2DMA_transferCancel)
                  00006398    00000174     OneLib.a : gattservapp.o (.text)
                  0000650c    00000174              : ll_isr.o (.text)
                  00006680    00000174     drivers_cc26x2.a : PowerCC26X2.oem4f (.text:Power_init)
                  000067f4    00000174                      : SPICC26X2DMA.oem4f (.text:configNextTransfer)
                  00006968    00000168                      : NVSSPI25X.oem4f (.text:NVSSPI25X_write)
                  00006ad0    00000164                      : UARTCC26XX.oem4f (.text:UARTCC26XX_open)
                  00006c34    00000162     StackWrapper.a : osal.o (.text)
                  00006d96    00000002     ti_drivers_config.obj (.text:Board_initHook)
                  00006d98    00000160     driverlib.lib : sys_ctrl.obj (.text:NOROM_SysCtrlStandby)
                  00006ef8    00000154     rf_multiMode_cc26x2.aem4f : RFCC26X2_multiMode.c.cc26x2.ccs.o (.text:RF_radioOpDoneCb)
                  0000704c    00000154     drivers_cc26x2.a : UARTCC26XX.oem4f (.text:UARTCC26XX_hwiIntFxn)
                  000071a0    00000150                      : SPICC26X2DMA.oem4f (.text:SPICC26X2DMA_open)
                  000072f0    0000014c     OneLib.a : ll_common.o (.text)
                  0000743c    0000014c              : ll_isr.o (.text)
                  00007588    00000148     rf_multiMode_cc26x2.aem4f : RFCC26X2_multiMode.c.cc26x2.ccs.o (.text:RF_fsmSetupState)
                  000076d0    00000140     drivers_cc26x2.a : AESCCMCC26XX.oem4f (.text:AESCCM_startOperation)
                  00007810    00000140     main.obj (.text:AssertHandler)
                  00007950    00000140     OneLib.a : gattservapp.o (.text)
                  00007a90    00000140              : ll_ae.o (.text)
                  00007bd0    00000140     drivers_cc26x2.a : SPICC26X2DMA.oem4f (.text:initIO)
                  00007d10    0000013c     rf_multiMode_cc26x2.aem4f : RFCC26X2_multiMode.c.cc26x2.ccs.o (.text:RF_ratSetupChannel)
                  00007e4c    0000013a     drivers_cc26x2.a : UARTCC26XX.oem4f (.text:UARTCC26XX_read)
                  00007f86    00000002     ble_user_config.obj (.text:DefaultAssertCback)
                  00007f88    00000138     drivers_cc26x2.a : ECDHCC26X2.oem4f (.text:ECDH_computeSharedSecret)
                  000080c0    00000134     rf_multiMode_cc26x2.aem4f : RFCC26X2_multiMode.c.cc26x2.ccs.o (.text:RF_abortCmd)
                  000081f4    0000012c     OneLib.a : gap_advertiser.o (.text)
                  00008320    00000124              : ll_scheduler.o (.text)
                  00008444    00000120     nvocmp.obj (.text:NVOCMP_compactPage$7)
                  00008564    00000120     OneLib.a : ll_common.o (.text)
                  00008684    00000120              : ll_data.o (.text)
                  000087a4    00000120     drivers_cc26x2.a : PowerCC26X2.oem4f (.text:configureXOSCHF)
                  000088c4    00000112     rf_multiMode_cc26x2.aem4f : RFCC26X2_multiMode.c.cc26x2.ccs.o (.text:RF_decodeOverridePointers)
                  000089d6    00000002     display.a : DisplayUart.oem4f (.text:DisplayUartAnsi_init)
                  000089d8    00000110     drivers_cc26x2.a : GPIOCC26XX.oem4f (.text:GPIO_setConfig)
                  00008ae8    00000110     rf_multiMode_cc26x2.aem4f : RFCC26X2_multiMode.c.cc26x2.ccs.o (.text:RF_initRadioSetup)
                  00008bf8    0000010c     OneLib.a : gatt_client.o (.text)
                  00008d04    00000108              : gap_task.o (.text)
                  00008e0c    00000106     simple_broadcaster_app_pem4f.oem4f (.text:xdc_runtime_System_printfExtend__I)
                  00008f12    00000002     rom_init.obj (.text:MAP_llDmmDynamicFree)
                  00008f14    00000104     drivers_cc26x2.a : AESECBCC26XX.oem4f (.text:AESECB_startOperation)
                  00009018    00000104     rf_multiMode_cc26x2.aem4f : RFCC26X2_multiMode.c.cc26x2.ccs.o (.text:RF_hwiCpe0Active)
                  0000911c    00000100     nvocmp.obj (.text:NVOCMP_findItem$7)
                  0000921c    000000f8     drivers_cc26x2.a : NVSSPI25X.oem4f (.text:NVSSPI25X_open)
                  00009314    000000f8                      : PINCC26XX.oem4f (.text:PINCC26XX_setIoCfg)
                  0000940c    000000f4                      : AESCTRCC26XX.oem4f (.text:AESCTR_startOperation)
                  00009500    000000f4                      : SPICC26X2DMA.oem4f (.text:SPICC26X2DMA_control)
                  000095f4    000000f0     OneLib.a : ll_common.o (.text)
                  000096e4    000000f0              : ll_scheduler.o (.text)
                  000097d4    000000f0     rf_multiMode_cc26x2.aem4f : RFCC26X2_multiMode.c.cc26x2.ccs.o (.text:RF_fsmPowerUpState)
                  000098c4    000000e4     OneLib.a : ll_ae.o (.text)
                  000099a8    000000e0     StackWrapper.a : osal_timers.o (.text)
                  00009a88    000000e0     drivers_cc26x2.a : UARTCC26XX.oem4f (.text:UARTCC26XX_write)
                  00009b68    000000d8     driverlib.lib : setup.obj (.text:NOROM_SetupTrimDevice)
                  00009c40    000000d8     rf_multiMode_cc26x2.aem4f : RFCC26X2_multiMode.c.cc26x2.ccs.o (.text:RF_control)
                  00009d18    000000d8                               : RFCC26X2_multiMode.c.cc26x2.ccs.o (.text:RF_pendCmd)
                  00009df0    000000d8     driverlib.lib : setup.obj (.text:TrimAfterColdResetWakeupFromShutDown$22)
                  00009ec8    000000d4     drivers_cc26x2.a : ECDHCC26X2.oem4f (.text:ECDH_generatePublicKey)
                  00009f9c    000000d2     rf_multiMode_cc26x2.aem4f : RFCC26X2_multiMode.c.cc26x2.ccs.o (.text:RF_updatePaConfiguration)
                  0000a06e    00000002     rom_init.obj (.text:MAP_llDmmSetThreshold)
                  0000a070    000000d0     rf_multiMode_cc26x2.aem4f : RFCC26X2_multiMode.c.cc26x2.ccs.o (.text:RF_swiHw)
                  0000a140    000000cc     OneLib.a : hci_event.o (.text)
                  0000a20c    000000cc     StackWrapper.a : osal.o (.text)
                  0000a2d8    000000c8     OneLib.a : gap_scanner.o (.text)
                  0000a3a0    000000c8              : ll_scheduler.o (.text)
                  0000a468    000000c8     dpl_cc26x2.a : PowerCC26X2_tirtos.oem4f (.text:PowerCC26XX_standbyPolicy)
                  0000a530    000000c4     drivers_cc26x2.a : GPIOCC26XX.oem4f (.text:GPIO_init)
                  0000a5f4    000000c0                      : AESCTRDRBGXX.oem4f (.text:AESCTRDRBG_getBytes)
                  0000a6b4    000000c0     nvocmp.obj (.text:NVOCMP_erase$7)
                  0000a774    000000c0     OneLib.a : ll.o (.text)
                  0000a834    000000c0     drivers_cc26x2.a : PowerCC26X2.oem4f (.text:Power_releaseDependency)
                  0000a8f4    000000c0                      : UARTCC26XX.oem4f (.text:UARTCC26XX_initIO)
                  0000a9b4    000000bc     OneLib.a : ll_ecc.o (.text)
                  0000aa70    000000b8              : ll.o (.text)
                  0000ab28    000000b8              : ll_scheduler.o (.text)
                  0000abe0    000000b8              : ll_scheduler.o (.text)
                  0000ac98    000000b8     drivers_cc26x2.a : PowerCC26X2.oem4f (.text:Power_setDependency)
                  0000ad50    000000b8     StackWrapper.a : gattservapp_util.o (.text)
                  0000ae08    000000b8     drivers_cc26x2.a : UARTCC26XX.oem4f (.text:UARTCC26XX_initHw)
                  0000aec0    000000b8                      : NVSSPI25X.oem4f (.text:doErase)
                  0000af78    000000b4     OneLib.a : ll_ae.o (.text)
                  0000b02c    000000b4     drivers_cc26x2.a : TRNGCC26XX.oem4f (.text:TRNG_generateEntropy)
                  0000b0e0    000000b0                      : AESCTRDRBGXX.oem4f (.text:AESCTRDRBG_construct)
                  0000b190    000000ac     display.a : DisplayUart.oem4f (.text:DisplayUartAnsi_clearLines)
                  0000b23c    000000ac     drivers_cc26x2.a : ECDHCC26X2.oem4f (.text:ECDHCC26X2_hwiFxn)
                  0000b2e8    000000ac                      : PINCC26XX.oem4f (.text:PIN_open)
                  0000b394    000000a8     nvocmp.obj (.text:NVOCMP_initNvApi$7)
                  0000b43c    000000a8     OneLib.a : hci_data.o (.text)
                  0000b4e4    000000a8              : ll_isr.o (.text)
                  0000b58c    000000a8     main.obj (.text:main)
                  0000b634    000000a7     display.a : DisplayUart.oem4f (.text:DisplayUartAnsi_open)
                  0000b6db    00000001     --HOLE-- [fill = 0]
                  0000b6dc    000000a6     drivers_cc26x2.a : AESCTRDRBGXX.oem4f (.text:AESCTRDRBG_reseed)
                  0000b782    00000002     rom_init.obj (.text:MAP_rf_patch_rfe)
                  0000b784    000000a4     rf_multiMode_cc26x2.aem4f : RFCC26X2_multiMode.c.cc26x2.ccs.o (.text:RF_ratRestartChannels)
                  0000b828    000000a4     StackWrapper.a : osal_cbtimer.o (.text)
                  0000b8cc    000000a0     OneLib.a : ll_ae.o (.text)
                  0000b96c    000000a0              : ll_common.o (.text)
                  0000ba0c    000000a0     auto_init.aem4f : auto_init.oem4f (.text)
                  0000baac    000000a0     rom_sysbios.aem4f : rom_sysbios.obj (.text:ti_sysbios_knl_Task_setPri__E)
                  0000bb4c    0000009f     display.a : DisplayUart.oem4f (.text:DisplayUartAnsi_vprintf)
                  0000bbeb    00000001     --HOLE-- [fill = 0]
                  0000bbec    0000009c     nvocmp.obj (.text:NVOCMP_readHeader$7)
                  0000bc88    0000009c     OneLib.a : ll_common.o (.text)
                  0000bd24    0000009c              : ll_ecc.o (.text)
                  0000bdc0    0000009c     rtsv7M4_T_le_v4SPD16_eabi.lib : memcpy_t2.asm.obj (.text)
                  0000be5c    00000098     OneLib.a : hci_event.o (.text)
                  0000bef4    00000098              : ll_enc.o (.text)
                  0000bf8c    00000098     rf_multiMode_cc26x2.aem4f : RFCC26X2_multiMode.c.cc26x2.ccs.o (.text:RF_calculateDispatchTime)
                  0000c024    00000098     drivers_cc26x2.a : UARTCC26XX.oem4f (.text:writeTxFifoFlush)
                  0000c0bc    00000096     rtsv7M4_T_le_v4SPD16_eabi.lib : ull_div_t2.asm.obj (.text)
                  0000c152    00000002     rf_multiMode_cc26x2.aem4f : rfc.c.cc26x2.ccs.o (.text:NOROM_RFCCpePatchReset)
                  0000c154    00000094     icall.obj (.text:ICall_setTimer)
                  0000c1e8    00000094     OneLib.a : gatt_server.o (.text)
                  0000c27c    00000094              : ll.o (.text)
                  0000c310    00000094              : ll_scheduler.o (.text)
                  0000c3a4    00000094     rf_multiMode_cc26x2.aem4f : RFCC26X2_multiMode.c.cc26x2.ccs.o (.text:RF_getInfo)
                  0000c438    00000094     drivers_cc26x2.a : TRNGCC26XX.oem4f (.text:TRNGCC26XX_hwiFxn)
                  0000c4cc    00000092                      : UARTCC26XX.oem4f (.text:UARTCC26XX_writeCancel)
                  0000c55e    00000002                      : NVSSPI25X.oem4f (.text:NVSSPI25X_deinitSpiCs)
                  0000c560    00000090     OneLib.a : ll.o (.text)
                  0000c5f0    00000090              : ll_ae.o (.text)
                  0000c680    00000090     rf_multiMode_cc26x2.aem4f : RFCC26X2_multiMode.c.cc26x2.ccs.o (.text:RF_discardPendCmd)
                  0000c710    0000008e     drivers_cc26x2.a : CryptoUtils.oem4f (.text:CryptoUtils_reverseCopyPad)
                  0000c79e    00000002     OneLib.a : ll.o (.text)
                  0000c7a0    0000008c     icall.obj (.text:ICall_heapMalloc)
                  0000c82c    0000008c     OneLib.a : ll_common.o (.text)
                  0000c8b8    0000008c     rom_sysbios.aem4f : rom_sysbios.obj (.text:ti_sysbios_gates_GateMutexPri_enter__E)
                  0000c944    0000008a     drivers_cc26x2.a : AESCTRDRBGXX.oem4f (.text:AESCTRDRBGXX_updateState)
                  0000c9ce    00000002     OneLib.a : ll.o (.text)
                  0000c9d0    00000088     driverlib.lib : osc.obj (.text:NOROM_OSCHF_AttemptToSwitchToXosc)
                  0000ca58    00000088     OneLib.a : hci_event.o (.text)
                  0000cae0    00000088     rf_multiMode_cc26x2.aem4f : RFCC26X2_multiMode.c.cc26x2.ccs.o (.text:RF_cmdDispatchTime)
                  0000cb68    00000088     StackWrapper.a : osal_cbtimer.o (.text)
                  0000cbf0    00000088     drivers_cc26x2.a : PowerCC26X2_calibrateRCOSC.oem4f (.text:calibrateRcoscHf2)
                  0000cc78    00000088                      : PowerCC26X2.oem4f (.text:disableLFClockQualifiers)
                  0000cd00    00000088                      : PowerCC26X2_calibrateRCOSC.oem4f (.text:updateSubSecInc)
                  0000cd88    00000084                      : NVSSPI25X.oem4f (.text:NVSSPI25X_close)
                  0000ce0c    00000084     rf_multiMode_cc26x2.aem4f : RFCC26X2_multiMode.c.cc26x2.ccs.o (.text:RF_issueRadioFreeCb)
                  0000ce90    00000084                               : RFCC26X2_multiMode.c.cc26x2.ccs.o (.text:RF_verifyGap)
                  0000cf14    00000084     drivers_cc26x2.a : UARTCC26XX.oem4f (.text:UARTCC26XX_close)
                  0000cf98    00000080     OneLib.a : ll_enc.o (.text)
                  0000d018    00000080     rom_sysbios.aem4f : rom_sysbios.obj (.text:ti_sysbios_family_arm_cc26xx_Timer_start__E)
                  0000d098    0000007e     OneLib.a : gap_task.o (.text)
                  0000d116    00000002     rf_multiMode_cc26x2.aem4f : RFCC26X2_multiMode.c.cc26x2.ccs.o (.text:RF_defaultCallback)
                  0000d118    0000007c     nvocmp.obj (.text:NVOCMP_readItemApi$7)
                  0000d194    0000007c     OneLib.a : ll_enc.o (.text)
                  0000d210    0000007c     rf_multiMode_cc26x2.aem4f : RFCC26X2_multiMode.c.cc26x2.ccs.o (.text:RF_ratFreeChannel)
                  0000d28c    0000007c     drivers_cc26x2.a : NVSSPI25X.oem4f (.text:doRead)
                  0000d308    0000007a     rtsv7M4_T_le_v4SPD16_eabi.lib : memset_t2.asm.obj (.text)
                  0000d382    00000002     StackWrapper.a : common_rom_init.o (.text)
                  0000d384    00000078     icall.obj (.text:ICall_heapInit)
                  0000d3fc    00000078     nvocmp.obj (.text:NVOCMP_checkItem$7)
                  0000d474    00000078     OneLib.a : ll_common.o (.text)
                  0000d4ec    00000078     StackWrapper.a : gap.o (.text)
                  0000d564    00000078                    : osal_cbtimer.o (.text)
                  0000d5dc    00000078     drivers_cc26x2.a : NVSSPI25X.oem4f (.text:doWriteVerify)
                  0000d654    00000076     StackWrapper.a : gap.o (.text)
                  0000d6ca    00000002                    : hal_assert.o (.text)
                  0000d6cc    00000074     nvocmp.obj (.text:NVOCMP_writeItemApi$7)
                  0000d740    00000074     drivers_cc26x2.a : PowerCC26X2_calibrateRCOSC.oem4f (.text:PowerCC26X2_auxISR)
                  0000d7b4    00000074                      : TRNGCC26XX.oem4f (.text:TRNG_construct)
                  0000d828    00000074     rom_sysbios.aem4f : rom_sysbios.obj (.text:ti_sysbios_gates_GateMutexPri_leave__E)
                  0000d89c    00000072     rf_multiMode_cc26x2.aem4f : RFCC26X2_multiMode.c.cc26x2.ccs.o (.text:RF_detachOverrides)
                  0000d90e    00000072     drivers_cc26x2.a : SPICC26X2DMA.oem4f (.text:csnCallback)
                  0000d980    00000070                      : AESCCMCC26XX.oem4f (.text:AESCCM_cleanup)
                  0000d9f0    00000070     icall.obj (.text:ICall_heapGetStats)
                  0000da60    00000070     rf_multiMode_cc26x2.aem4f : rfc.c.cc26x2.ccs.o (.text:NOROM_RFCAnaDivTxOverride)
                  0000dad0    00000070     nvocmp.obj (.text:NVOCMP_eraseNvApi$7)
                  0000db40    00000070     OneLib.a : gatt_server.o (.text)
                  0000dbb0    00000070              : ll_common.o (.text)
                  0000dc20    00000070              : ll_enc.o (.text)
                  0000dc90    00000070     drivers_cc26x2.a : PINCC26XX.oem4f (.text:PIN_add)
                  0000dd00    00000070     rf_multiMode_cc26x2.aem4f : RFCC26X2_multiMode.c.cc26x2.ccs.o (.text:RF_ratDisableChannel)
                  0000dd70    00000070     drivers_cc26x2.a : Random.oem4f (.text:Random_seedAutomatic)
                  0000dde0    00000070     StackWrapper.a : osal.o (.text)
                  0000de50    0000006e     OneLib.a : gatt_server.o (.text)
                  0000debe    0000006e     rf_multiMode_cc26x2.aem4f : RFCC26X2_multiMode.c.cc26x2.ccs.o (.text:RF_attachOverrides)
                  0000df2c    0000006e                               : RFCC26X2_multiMode.c.cc26x2.ccs.o (.text:RF_howToSchedule)
                  0000df9a    00000002     StackWrapper.a : hal_assert.o (.text)
                  0000df9c    0000006d     rom_sysbios.aem4f : rom_sysbios.obj (.text:xdc_runtime_System_formatNum__I)
                  0000e009    00000001     --HOLE-- [fill = 0]
                  0000e00a    00000002     StackWrapper.a : onboard.o (.text)
                  0000e00c    0000006c     driverlib.lib : chipinfo.obj (.text:NOROM_ChipInfo_GetChipType)
                  0000e078    0000006c     nvocmp.obj (.text:NVOCMP_getDstPage$7)
                  0000e0e4    0000006c     OneLib.a : ll_isr.o (.text)
                  0000e150    0000006c     rf_multiMode_cc26x2.aem4f : RFCC26X2_multiMode.c.cc26x2.ccs.o (.text:RF_getCurrentTime)
                  0000e1bc    0000006c     StackWrapper.a : osal_cbtimer.o (.text)
                  0000e228    00000068     drivers_cc26x2.a : CryptoUtils.oem4f (.text:CryptoUtils_copyPad)
                  0000e290    00000068     icall.obj (.text:ICall_sendServiceComplete)
                  0000e2f8    00000068     driverlib.lib : osc.obj (.text:NOROM_OSCHF_SwitchToRcOscTurnOffXosc)
                  0000e360    00000068     rf_multiMode_cc26x2.aem4f : RFCC26X2_multiMode.c.cc26x2.ccs.o (.text:RF_hwiHw)
                  0000e3c8    00000068     StackWrapper.a : osal_timers.o (.text)
                  0000e430    00000068     rtsv7M4_T_le_v4SPD16_eabi.lib : copy_decompress_lzss.c.obj (.text:decompress:lzss:__TI_decompress_lzss)
                  0000e498    00000066     OneLib.a : ll_common.o (.text)
                  0000e4fe    00000002     rtsv7M4_T_le_v4SPD16_eabi.lib : _lock.c.obj (.text:_nop)
                  0000e500    00000064     drivers_cc26x2.a : AESCCMCC26XX.oem4f (.text:AESCCM_waitForResult)
                  0000e564    00000064                      : AESCTRCC26XX.oem4f (.text:AESCTR_waitForResult)
                  0000e5c8    00000064                      : AESECBCC26XX.oem4f (.text:AESECB_waitForResult)
                  0000e62c    00000064     nvocmp.obj (.text:NVOCMP_findSignature$7)
                  0000e690    00000064     rf_multiMode_cc26x2.aem4f : RFCC26X2_multiMode.c.cc26x2.ccs.o (.text:RF_dispatchNextEvent)
                  0000e6f4    00000064     drivers_cc26x2.a : UARTCC26XX.oem4f (.text:UARTCC26XX_control)
                  0000e758    00000062     ti_drivers_config.obj (.text:Board_sendExtFlashByte)
                  0000e7ba    00000062     rf_multiMode_cc26x2.aem4f : RFCC26X2_multiMode.c.cc26x2.ccs.o (.text:RF_syncCb)
                  0000e81c    00000062     StackWrapper.a : icall_lite_translation.o (.text)
                  0000e87e    00000062     drivers_cc26x2.a : UARTCC26XX.oem4f (.text:UARTCC26XX_swiIntFxn)
                  0000e8e0    00000060                      : AESCCMCC26XX.oem4f (.text:AESCCM_hwiFxn)
                  0000e940    00000060                      : AESCTRCC26XX.oem4f (.text:AESCTR_hwiFxn)
                  0000e9a0    00000060                      : AESECBCC26XX.oem4f (.text:AESECB_hwiFxn)
                  0000ea00    00000060                      : CryptoResourceCC26XX.oem4f (.text:CryptoResourceCC26XX_constructRTOSObjects)
                  0000ea60    00000060                      : GPIOCC26XX.oem4f (.text:GPIO_write)
                  0000eac0    00000060     icall.obj (.text:ICall_createRemoteTasksAtRuntime)
                  0000eb20    00000060     icall.obj (.text:ICall_enrollService)
                  0000eb80    00000060     icall.obj (.text:ICall_send)
                  0000ebe0    00000060     OneLib.a : ll_ae.o (.text)
                  0000ec40    00000060     drivers_cc26x2.a : PKAResourceCC26XX.oem4f (.text:PKAResourceCC26XX_constructRTOSObjects)
                  0000eca0    00000060     rf_multiMode_cc26x2.aem4f : RFCC26X2_multiMode.c.cc26x2.ccs.o (.text:RF_applyRfCorePatch)
                  0000ed00    00000060     drivers_cc26x2.a : TRNGCC26XX.oem4f (.text:TRNGCC26XX_startTrng)
                  0000ed60    00000060     osal_icall_ble.obj (.text:osalInitTasks)
                  0000edc0    0000005e     icall.obj (.text:ICall_fetchMsg)
                  0000ee1e    00000002     drivers_cc26x2.a : PowerCC26X2.oem4f (.text:emptyClockFunc)
                  0000ee20    0000005c     display.a : Display.oem4f (.text:Display_doOpen)
                  0000ee7c    0000005c     icall.obj (.text:ICall_pwrUpdActivityCounter)
                  0000eed8    0000005c     nvocmp.obj (.text:NVOCMP_readItem$7)
                  0000ef34    0000005c     OneLib.a : gap_perilinkmgr.o (.text)
                  0000ef90    0000005c              : ll_scheduler.o (.text)
                  0000efec    0000005c     drivers_cc26x2.a : PINCC26XX.oem4f (.text:PIN_remove)
                  0000f048    0000005c     simple_broadcaster.obj (.text:SimpleBroadcaster_advCallback$4)
                  0000f0a4    0000005c     drivers_cc26x2.a : SPICC26X2DMA.oem4f (.text:initHw)
                  0000f100    0000005c                      : UARTCC26XX.oem4f (.text:startTxFifoEmptyClk)
                  0000f15c    0000005c     simple_broadcaster_app_pem4f.oem4f (.text:xdc_runtime_Startup_getState__I)
                  0000f1b8    00000058     drivers_cc26x2.a : ECDHCC26X2.oem4f (.text:ECDH_construct)
                  0000f210    00000058     icall.obj (.text:ICall_wait)
                  0000f268    00000058     OneLib.a : ll_ae.o (.text)
                  0000f2c0    00000058              : ll_enc.o (.text)
                  0000f318    00000058              : ll_isr.o (.text)
                  0000f370    00000058     drivers_cc26x2.a : PowerCC26X2_calibrateRCOSC.oem4f (.text:PowerCC26X2_initiateCalibration)
                  0000f3c8    00000058     rf_multiMode_cc26x2.aem4f : RFCC26X2_multiMode.c.cc26x2.ccs.o (.text:RF_hwiCpe0PowerFsm)
                  0000f420    00000058     drivers_cc26x2.a : TRNGCC26XX.oem4f (.text:TRNG_init)
                  0000f478    00000058     boot.aem4f : boot.oem4f (.text)
                  0000f4d0    00000058     drivers_cc26x2.a : NVSSPI25X.oem4f (.text:extFlashWaitReady)
                  0000f528    00000056     rf_multiMode_cc26x2.aem4f : RFCC26X2_multiMode.c.cc26x2.ccs.o (.text:RF_defaultSubmitPolicy)
                  0000f57e    00000002     drivers_cc26x2.a : CryptoResourceCC26XX.oem4f (.text:errorSpin)
                  0000f580    00000054                      : AESCCMCC26XX.oem4f (.text:AESCCM_construct)
                  0000f5d4    00000054                      : AESCTRCC26XX.oem4f (.text:AESCTR_construct)
                  0000f628    00000054                      : AESECBCC26XX.oem4f (.text:AESECB_construct)
                  0000f67c    00000054     driverlib.lib : prcm.obj (.text:NOROM_PRCMPowerDomainsAllOff)
                  0000f6d0    00000054     nvocmp.obj (.text:NVOCMP_doNVCRC$7)
                  0000f724    00000054     OneLib.a : hci_event.o (.text)
                  0000f778    00000054              : ll.o (.text)
                  0000f7cc    00000054              : ll_ae.o (.text)
                  0000f820    00000054              : ll_ae.o (.text)
                  0000f874    00000054              : ll_ae.o (.text)
                  0000f8c8    00000054     rf_multiMode_cc26x2.aem4f : RFCC26X2_multiMode.c.cc26x2.ccs.o (.text:RF_fsmXOSCState)
                  0000f91c    00000054     StackWrapper.a : osal_bufmgr.o (.text)
                  0000f970    00000054     drivers_cc26x2.a : StructRingBuf.oem4f (.text:StructRingBuf_put)
                  0000f9c4    00000054     dpl_cc26x2.a : SwiP_tirtos.oem4f (.text:SwiP_construct)
                  0000fa18    00000054     util.obj (.text:Util_convertBdAddr2Str)
                  0000fa6c    00000054     rf_multiMode_cc26x2.aem4f : rf_patch_cpe_bt5.c.cc26x2.ccs.o (.text:configureBt5Patch)
                  0000fac0    00000052     OneLib.a : gap_centlinkmgr.o (.text)
                  0000fb12    00000050     drivers_cc26x2.a : AESCTRDRBGXX.oem4f (.text:AESCTRDRBGXX_addBigendCounter)
                  0000fb62    00000002                      : PKAResourceCC26XX.oem4f (.text:errorSpin)
                  0000fb64    00000050     nvocmp.obj (.text:NVOCMP_compactNvApi$7)
                  0000fbb4    00000050     OneLib.a : gap_perilinkmgr.o (.text)
                  0000fc04    00000050              : hci_tl.o (.text)
                  0000fc54    00000050              : ll_common.o (.text)
                  0000fca4    00000050              : ll_enc.o (.text)
                  0000fcf4    00000050     drivers_cc26x2.a : SPICC26X2DMA.oem4f (.text:SPICC26X2DMA_close)
                  0000fd44    00000050     StackWrapper.a : osal.o (.text)
                  0000fd94    00000050                    : osal_clock.o (.text)
                  0000fde4    00000050     drivers_cc26x2.a : TRNGCC26XX.oem4f (.text:TRNGCC26XX_waitForResult)
                  0000fe34    00000050                      : NVSSPI25X.oem4f (.text:extFlashSpiWrite)
                  0000fe84    0000004e     StackWrapper.a : gap.o (.text)
                  0000fed2    00000002     icall_api_lite.obj (.text:rfErrCb)
                  0000fed4    0000004c     icall.obj (.text:ICall_newTask$12)
                  0000ff20    0000004c     driverlib.lib : prcm.obj (.text:NOROM_PRCMPowerDomainsAllOn)
                  0000ff6c    0000004c     nvocmp.obj (.text:NVOCMP_loadApiPtrsMin)
                  0000ffb8    0000004c     nvocmp.obj (.text:NVOCMP_setItemInactive$7)
                  00010004    0000004c     OneLib.a : ll_scheduler.o (.text)
                  00010050    0000004c     rf_multiMode_cc26x2.aem4f : RFCC26X2_multiMode.c.cc26x2.ccs.o (.text:RF_wakeupNotification)
                  0001009c    0000004c     drivers_cc26x2.a : StructRingBuf.oem4f (.text:StructRingBuf_get)
                  000100e8    0000004c                      : UARTCC26XX.oem4f (.text:UARTCC26XX_readCancel)
                  00010134    0000004c                      : UDMACC26XX.oem4f (.text:UDMACC26XX_open)
                  00010180    0000004c     rtsv7M4_T_le_v4SPD16_eabi.lib : cpy_tbl.c.obj (.text:copy_in)
                  000101cc    00000048     ti_drivers_config.obj (.text:Board_wakeUpExtFlash)
                  00010214    00000048     rf_multiMode_cc26x2.aem4f : rfc.c.cc26x2.ccs.o (.text:NOROM_RFCSynthPowerDown)
                  0001025c    00000048     nvocmp.obj (.text:NVOCMP_write$7)
                  000102a4    00000048     drivers_cc26x2.a : NVSSPI25X.oem4f (.text:NVSSPI25X_read)
                  000102ec    00000048                      : NVS.oem4f (.text:NVS_open)
                  00010334    00000048     OneLib.a : ll.o (.text)
                  0001037c    00000048              : ll.o (.text)
                  000103c4    00000048     drivers_cc26x2.a : PINCC26XX.oem4f (.text:PIN_setOutputEnable)
                  0001040c    00000048                      : PowerCC26X2_calibrateRCOSC.oem4f (.text:PowerCC26X2_RCOSC_clockFunc)
                  00010454    00000048                      : PowerCC26X2.oem4f (.text:PowerCC26XX_switchXOSC_HF)
                  0001049c    00000048                      : NVSSPI25X.oem4f (.text:extFlashMassErase)
                  000104e4    00000048                      : PowerCC26X2.oem4f (.text:switchXOSCHF)
                  0001052c    00000048                      : UARTCC26XX.oem4f (.text:writeFinishedDoCallback)
                  00010574    00000046                      : RingBuf.oem4f (.text:RingBuf_put)
                  000105ba    00000002     rtsv7M4_T_le_v4SPD16_eabi.lib : div0.asm.obj (.text)
                  000105bc    00000044     drivers_cc26x2.a : ECDHCC26X2.oem4f (.text:ECDHCC26X2_waitForResult)
                  00010600    00000044     nvocmp.obj (.text:NVOCMP_getFreeNvApi$7)
                  00010644    00000044     OneLib.a : ll.o (.text)
                  00010688    00000044              : ll.o (.text)
                  000106cc    00000044              : ll_ae.o (.text)
                  00010710    00000044              : ll_common.o (.text)
                  00010754    00000044     drivers_cc26x2.a : PINCC26XX.oem4f (.text:PIN_swi)
                  00010798    00000044                      : SPI.oem4f (.text:SPI_init)
                  000107dc    00000044     StackWrapper.a : osal.o (.text)
                  00010820    00000044                    : osal_timers.o (.text)
                  00010864    00000044     drivers_cc26x2.a : UART.oem4f (.text:UART_init)
                  000108a8    00000042     OneLib.a : ll.o (.text)
                  000108ea    00000042     drivers_cc26x2.a : SPICC26X2DMA.oem4f (.text:SPICC26X2DMA_swiFxn)
                  0001092c    00000040     dpl_cc26x2.a : ClockP_tirtos.oem4f (.text:ClockP_construct)
                  0001096c    00000040     drivers_cc26x2.a : ECDHCC26X2.oem4f (.text:ECDHCC26X2_getPublicKeyResult)
                  000109ac    00000040     driverlib.lib : osc.obj (.text:NOROM_OSC_HPOSCRelativeFrequencyOffsetGet)
                  000109ec    00000040     OneLib.a : linkdb.o (.text)
                  00010a2c    00000040              : ll_scheduler.o (.text)
                  00010a6c    00000040     drivers_cc26x2.a : PowerCC26X2.oem4f (.text:PowerCC26XX_isStableXOSC_HF)
                  00010aac    00000040                      : Random.oem4f (.text:Random_getNumber)
                  00010aec    00000040                      : RingBuf.oem4f (.text:RingBuf_get)
                  00010b2c    00000040                      : SPI.oem4f (.text:SPI_open)
                  00010b6c    00000040     StackWrapper.a : osal.o (.text)
                  00010bac    00000040                    : osal_bufmgr.o (.text)
                  00010bec    00000040                    : osal_bufmgr.o (.text)
                  00010c2c    00000040                    : osal_timers.o (.text)
                  00010c6c    00000040     drivers_cc26x2.a : TRNGCC26XX.oem4f (.text:TRNGCC26XX_copyToClient)
                  00010cac    00000040                      : UART.oem4f (.text:UART_open)
                  00010cec    00000040     rtsv7M4_T_le_v4SPD16_eabi.lib : u_divt2.asm.obj (.text)
                  00010d2c    00000040     rom_sysbios.aem4f : rom_sysbios.obj (.text:ti_sysbios_family_arm_cc26xx_Timer_setThreshold__I)
                  00010d6c    00000040                       : rom_sysbios.obj (.text:ti_sysbios_heaps_HeapCallback_Module_startup__E)
                  00010dac    0000003e     dpl_cc26x2.a : HwiP_tirtos.oem4f (.text:HwiP_construct)
                  00010dea    00000002     simple_broadcaster_app_pem4f.oem4f (.text:ti_sysbios_BIOS_nullFunc__I)
                  00010dec    0000003c     nvocmp.obj (.text:NVOCMP_disableCache$7)
                  00010e28    0000003c     OneLib.a : gap_linkmgr.o (.text)
                  00010e64    0000003c              : ll_ae.o (.text)
                  00010ea0    0000003c     drivers_cc26x2.a : PINCC26XX.oem4f (.text:PIN_setInterrupt)
                  00010edc    0000003c                      : PINCC26XX.oem4f (.text:PIN_setOutputValue)
                  00010f18    0000003c     rf_multiMode_cc26x2.aem4f : RFCC26X2_multiMode.c.cc26x2.ccs.o (.text:RF_cmdGet)
                  00010f54    0000003c                               : RFCC26X2_multiMode.c.cc26x2.ccs.o (.text:RF_cmdStoreEvents)
                  00010f90    0000003c     simple_broadcaster.obj (.text:SimpleBroadcaster_createTask)
                  00010fcc    0000003c     StackWrapper.a : osal.o (.text)
                  00011008    0000003c                    : osal.o (.text)
                  00011044    0000003c                    : osal.o (.text)
                  00011080    0000003c                    : osal_timers.o (.text)
                  000110bc    0000003c     rom_sysbios.aem4f : rom_sysbios.obj (.text:ti_sysbios_family_arm_m3_Hwi_construct2__E)
                  000110f8    0000003a     StackWrapper.a : osal.o (.text)
                  00011132    0000003a     drivers_cc26x2.a : NVSSPI25X.oem4f (.text:checkEraseRange)
                  0001116c    00000038     ti_drivers_config.obj (.text:Board_shutDownExtFlash)
                  000111a4    00000038     OneLib.a : hci.o (.text)
                  000111dc    00000038              : ll_enc.o (.text)
                  00011214    00000038              : ll_scheduler.o (.text)
                  0001124c    00000038     drivers_cc26x2.a : PINCC26XX.oem4f (.text:PIN_setConfig)
                  00011284    00000038     rf_multiMode_cc26x2.aem4f : RFCC26X2_multiMode.c.cc26x2.ccs.o (.text:RF_checkCmdFsError)
                  000112bc    00000038                               : RFCC26X2_multiMode.c.cc26x2.ccs.o (.text:RF_powerConstraintRelease)
                  000112f4    00000038     StackWrapper.a : osal_timers.o (.text)
                  0001132c    00000038     drivers_cc26x2.a : PowerCC26X2.oem4f (.text:notify)
                  00011364    00000038                      : UARTCC26XX.oem4f (.text:readData)
                  0001139c    00000038     rom_sysbios.aem4f : rom_sysbios.obj (.text:ti_sysbios_family_arm_cc26xx_Timer_getCurrentTick__E)
                  000113d4    00000038     drivers_cc26x2.a : UARTCC26XX.oem4f (.text:writeData)
                  0001140c    00000036                      : ECDHCC26X2.oem4f (.text:ECDHCC26X2_convertReturnValue)
                  00011442    00000036     StackWrapper.a : ble_dispatch_lite.o (.text)
                  00011478    00000036     drivers_cc26x2.a : UDMACC26XX.oem4f (.text:UDMACC26XX_close)
                  000114ae    00000036     rom_sysbios.aem4f : rom_sysbios.obj (.text:ti_sysbios_family_arm_cc26xx_Timer_setNextTick__E)
                  000114e4    00000034     icall.obj (.text:ICall_heapFree)
                  00011518    00000034     icall.obj (.text:ICall_searchServiceEntity)
                  0001154c    00000034     driverlib.lib : sys_ctrl.obj (.text:NOROM_SysCtrlIdle)
                  00011580    00000034     nvocmp.obj (.text:NVOCMP_verifyCRC$7)
                  000115b4    00000034     drivers_cc26x2.a : NVSSPI25X.oem4f (.text:NVSSPI25X_init)
                  000115e8    00000034     OneLib.a : ble.o (.text)
                  0001161c    00000034              : hci.o (.text)
                  00011650    00000034              : hci_tl.o (.text)
                  00011684    00000034              : ll_scheduler.o (.text)
                  000116b8    00000034              : ll_scheduler.o (.text)
                  000116ec    00000034     rf_multiMode_cc26x2.aem4f : RFCC26X2_multiMode.c.cc26x2.ccs.o (.text:RF_runDirectImmediateCmd)
                  00011720    00000034     StackWrapper.a : icall_startup.o (.text)
                  00011754    00000034     drivers_cc26x2.a : NVSSPI25X.oem4f (.text:extFlashPowerStandby)
                  00011788    00000034                      : NVSSPI25X.oem4f (.text:extFlashWriteEnable)
                  000117bc    00000034                      : UARTCC26XX.oem4f (.text:readData2RingBuf)
                  000117f0    00000034     rom_sysbios.aem4f : rom_sysbios.obj (.text:ti_sysbios_knl_Swi_setPri__E)
                  00011824    00000032                       : rom_sysbios.obj (.text:ti_sysbios_gates_GateMutexPri_insertPri__I)
                  00011856    00000002                       : rom_sysbios.obj (.text:ti_sysbios_heaps_HeapCallback_defaultDelete)
                  00011858    00000030     drivers_cc26x2.a : AESECBCC26XX.oem4f (.text:AESECB_cleanup)
                  00011888    00000030                      : GPIOCC26XX.oem4f (.text:GPIO_hwiIntFxn)
                  000118b8    00000030                      : GPIOCC26XX.oem4f (.text:GPIO_setCallback)
                  000118e8    00000030     icall.obj (.text:ICall_dispatch$12)
                  00011918    00000030     icall.obj (.text:ICall_msecs2Ticks$12)
                  00011948    00000030     icall.obj (.text:ICall_primEntityId2ServiceId$12)
                  00011978    00000030     icall.obj (.text:ICall_searchTask$12)
                  000119a8    00000030     nvocmp.obj (.text:NVOCMP_changePageState$7)
                  000119d8    00000030     drivers_cc26x2.a : NVSSPI25X.oem4f (.text:NVSSPI25X_erase)
                  00011a08    00000030     OneLib.a : ll_ae.o (.text)
                  00011a38    00000030              : ll_scheduler.o (.text)
                  00011a68    00000030     drivers_cc26x2.a : PINCC26XX.oem4f (.text:PINCC26XX_setMux)
                  00011a98    00000030                      : PowerCC26X2.oem4f (.text:Power_releaseConstraint)
                  00011ac8    00000030                      : PowerCC26X2.oem4f (.text:Power_setConstraint)
                  00011af8    00000030     StackWrapper.a : osal_timers.o (.text)
                  00011b28    00000030     drivers_cc26x2.a : TRNGCC26XX.oem4f (.text:TRNGCC26XX_fillEntropyPool)
                  00011b58    00000030     rf_multiMode_cc26x2.aem4f : rf_patch_cpe_bt5.c.cc26x2.ccs.o (.text:applyBt5Patch)
                  00011b88    00000030     simple_broadcaster_app_pem4f.oem4f (.text:ti_sysbios_BIOS_atExitFunc__I)
                  00011bb8    00000030     simple_broadcaster_app_pem4f.oem4f (.text:ti_sysbios_BIOS_startFunc__I)
                  00011be8    00000030     rom_sysbios.aem4f : rom_sysbios.obj (.text:ti_sysbios_family_arm_cc26xx_Timer_initDevice__I)
                  00011c18    00000030     simple_broadcaster_app_pem4f.oem4f (.text:ti_sysbios_gates_GateMutexPri_Object__create__S)
                  00011c48    00000030     simple_broadcaster_app_pem4f.oem4f (.text:ti_sysbios_gates_GateMutexPri_create)
                  00011c78    00000030     simple_broadcaster_app_pem4f.oem4f (.text:ti_sysbios_heaps_HeapCallback_Object__create__S)
                  00011ca8    00000030     rom_sysbios.aem4f : rom_sysbios.obj (.text:ti_sysbios_knl_Clock_getTimeout__E)
                  00011cd8    0000002e     icall_cc2650.obj (.text:ICallPlatform_pwrDispenseImpl$13)
                  00011d06    0000002e     icall_cc2650.obj (.text:ICallPlatform_pwrRequireImpl$13)
                  00011d34    0000002e     drivers_cc26x2.a : TRNGCC26XX.oem4f (.text:TRNGCC26XX_serviceJob)
                  00011d62    0000002c     icall.obj (.text:ICall_msgEnqueue$12)
                  00011d8e    00000002     rom_sysbios.aem4f : rom_sysbios.obj (.text:xdc_runtime_SysCallback_defaultAbort)
                  00011d90    0000002c     drivers_cc26x2.a : NVSSPI25X.oem4f (.text:NVSSPI25X_control)
                  00011dbc    0000002c                      : NVS.oem4f (.text:NVS_init)
                  00011de8    0000002c     OneLib.a : gatt_task.o (.text)
                  00011e14    0000002c              : sm_rsppairing.o (.text)
                  00011e40    0000002c     rf_multiMode_cc26x2.aem4f : RFCC26X2_multiMode.c.cc26x2.ccs.o (.text:RF_executeDirectImmediateCmd)
                  00011e6c    0000002c     rom_init.obj (.text:ROM_Init)
                  00011e98    0000002c     dpl_cc26x2.a : SemaphoreP_tirtos.oem4f (.text:SemaphoreP_constructBinary)
                  00011ec4    0000002c                  : SemaphoreP_tirtos.oem4f (.text:SemaphoreP_createBinary)
                  00011ef0    0000002c     StackWrapper.a : hal_assert.o (.text)
                  00011f1c    0000002c                    : osal_bufmgr.o (.text)
                  00011f48    0000002c     drivers_cc26x2.a : TRNGCC26XX.oem4f (.text:TRNGCC26XX_stopTrng)
                  00011f74    0000002c                      : NVSSPI25X.oem4f (.text:extFlashPowerDown)
                  00011fa0    0000002c                      : NVSSPI25X.oem4f (.text:extFlashSpiRead)
                  00011fcc    0000002c     simple_broadcaster_app_pem4f.oem4f (.text:ti_sysbios_gates_GateMutexPri_Handle__label__S)
                  00011ff8    0000002c     simple_broadcaster_app_pem4f.oem4f (.text:ti_sysbios_heaps_HeapCallback_Handle__label__S)
                  00012024    0000002c     rom_sysbios.aem4f : rom_sysbios.obj (.text:ti_sysbios_knl_Clock_getTicksUntilInterrupt__E)
                  00012050    0000002a     display.a : DisplayUart.oem4f (.text:DisplayUartAnsi_clear)
                  0001207a    0000002a               : Display.oem4f (.text:Display_doPrintf)
                  000120a4    0000002a     drivers_cc26x2.a : List.oem4f (.text:List_insert)
                  000120ce    0000002a     rf_multiMode_cc26x2.aem4f : RFCC26X2_multiMode.c.cc26x2.ccs.o (.text:RF_searchAndReplacePAOverride)
                  000120f8    00000028     drivers_cc26x2.a : AESCTRCC26XX.oem4f (.text:AESCTR_cleanup)
                  00012120    00000028     icall.obj (.text:ICall_getLocalMsgEntityId)
                  00012148    00000028     rf_multiMode_cc26x2.aem4f : rfc.c.cc26x2.ccs.o (.text:NOROM_RFCOverrideSearch)
                  00012170    00000028     nvocmp.obj (.text:NVOCMP_setCompactHdr$7)
                  00012198    00000028     drivers_cc26x2.a : PowerCC26X2.oem4f (.text:Power_registerNotify)
                  000121c0    00000028     rf_multiMode_cc26x2.aem4f : RFCC26X2_multiMode.c.cc26x2.ccs.o (.text:RF_calculateDeltaTimeUs)
                  000121e8    00000028                               : RFCC26X2_multiMode.c.cc26x2.ccs.o (.text:RF_runScheduleCmd)
                  00012210    00000028     StackWrapper.a : osal.o (.text)
                  00012238    00000028                    : osal_snv_wrapper.o (.text)
                  00012260    00000028     drivers_cc26x2.a : SPICC26X2DMA.oem4f (.text:flushFifos)
                  00012288    00000028                      : PowerCC26X2.oem4f (.text:oscillatorISR)
                  000122b0    00000026                      : List.oem4f (.text:List_put)
                  000122d6    00000026                      : List.oem4f (.text:List_putHead)
                  000122fc    00000026                      : List.oem4f (.text:List_remove)
                  00012322    00000002     rom_sysbios.aem4f : rom_sysbios.obj (.text:xdc_runtime_SysCallback_defaultExit)
                  00012324    00000024     icall.obj (.text:ICall_enterCSImpl)
                  00012348    00000024     driverlib.lib : osc.obj (.text:NOROM_OSCHF_TurnOnXosc)
                  0001236c    00000024     rf_multiMode_cc26x2.aem4f : rfc.c.cc26x2.ccs.o (.text:NOROM_RFCDoorbellSendTo)
                  00012390    00000024     OneLib.a : gatt_server.o (.text)
                  000123b4    00000024     rf_multiMode_cc26x2.aem4f : RFCC26X2_multiMode.c.cc26x2.ccs.o (.text:RF_cmdAlloc)
                  000123d8    00000024                               : RFCC26X2_multiMode.c.cc26x2.ccs.o (.text:RF_invokeGlobalCallback)
                  000123fc    00000024     StackWrapper.a : ble_dispatch_lite.o (.text)
                  00012420    00000024                    : osal.o (.text)
                  00012444    00000024                    : osal.o (.text)
                  00012468    00000024                    : osal_timers.o (.text)
                  0001248c    00000024                    : osal_timers.o (.text)
                  000124b0    00000024     drivers_cc26x2.a : PowerCC26X2_calibrateRCOSC.oem4f (.text:getTdcSemaphore)
                  000124d4    00000024     rtsv7M4_T_le_v4SPD16_eabi.lib : memcmp.c.obj (.text:memcmp)
                  000124f8    00000024     simple_broadcaster_app_pem4f.oem4f (.text:ti_sysbios_BIOS_registerRTSLock__I)
                  0001251c    00000024     simple_broadcaster_app_pem4f.oem4f (.text:ti_sysbios_BIOS_removeRTSLock__I)
                  00012540    00000024     rom_sysbios.aem4f : rom_sysbios.obj (.text:ti_sysbios_family_arm_cc26xx_Timer_getMaxTicks__E)
                  00012564    00000024     simple_broadcaster_app_pem4f.oem4f (.text:ti_sysbios_gates_GateMutexPri_Object__delete__S)
                  00012588    00000024     simple_broadcaster_app_pem4f.oem4f (.text:ti_sysbios_heaps_HeapCallback_Object__delete__S)
                  000125ac    00000022     drivers_cc26x2.a : CryptoUtils.oem4f (.text:CryptoUtils_buffersMatch)
                  000125ce    00000022     icall.obj (.text:ICall_setTimerMSecs)
                  000125f0    00000022     drivers_cc26x2.a : List.oem4f (.text:List_get)
                  00012612    00000022     OneLib.a : gatt_server.o (.text)
                  00012634    00000020     ti_drivers_config.obj (.text:Board_init)
                  00012654    00000020     drivers_cc26x2.a : ECDHCC26X2.oem4f (.text:ECDHCC26X2_internalCallbackFxn)
                  00012674    00000020     dpl_cc26x2.a : HwiP_tirtos.oem4f (.text:HwiP_setFunc)
                  00012694    00000020     driverlib.lib : pka.obj (.text:NOROM_PKAClearPkaRam)
                  000126b4    00000020     nvocmp.obj (.text:NVOCMP_readByte$7)
                  000126d4    00000020     OneLib.a : ll_isr.o (.text)
                  000126f4    00000020              : ll_isr.o (.text)
                  00012714    00000020              : ll_isr.o (.text)
                  00012734    00000020              : ll_rat.o (.text)
                  00012754    00000020              : sm_intpairing.o (.text)
                  00012774    00000020              : sm_rsppairing.o (.text)
                  00012794    00000020     drivers_cc26x2.a : PINCC26XX.oem4f (.text:PINCC26XX_setIoCfgMux)
                  000127b4    00000020                      : PowerCC26X2.oem4f (.text:Power_unregisterNotify)
                  000127d4    00000020     rf_multiMode_cc26x2.aem4f : RFCC26X2_multiMode.c.cc26x2.ccs.o (.text:RF_clkPowerUp)
                  000127f4    00000020                               : RFCC26X2_multiMode.c.cc26x2.ccs.o (.text:RF_hwiCpe0ChangePhy)
                  00012814    00000020                               : RFCC26X2_multiMode.c.cc26x2.ccs.o (.text:RF_isStateTransitionAllowed)
                  00012834    00000020                               : RFCC26X2_multiMode.c.cc26x2.ccs.o (.text:RF_ratIsRunning)
                  00012854    00000020                               : RFCC26X2_multiMode.c.cc26x2.ccs.o (.text:RF_setTxPower)
                  00012874    00000020     StackWrapper.a : osal_cbtimer.o (.text)
                  00012894    00000020     crc.obj (.text:crc_update)
                  000128b4    00000020     drivers_cc26x2.a : UARTCC26XX.oem4f (.text:threadSafeStdbyDisRelease)
                  000128d4    00000020                      : UARTCC26XX.oem4f (.text:threadSafeStdbyDisSet)
                  000128f4    00000020     simple_broadcaster_app_pem4f.oem4f (.text:ti_sysbios_BIOS_rtsLock__I)
                  00012914    00000020     rom_sysbios.aem4f : rom_sysbios.obj (.text:ti_sysbios_family_arm_cc26xx_Timer_dynamicStub__E)
                  00012934    0000001e     OneLib.a : hci_data.o (.text)
                  00012952    0000001e     drivers_cc26x2.a : PINCC26XX.oem4f (.text:PIN_close)
                  00012970    0000001e                      : PowerCC26X2.oem4f (.text:Power_getTransitionLatency)
                  0001298e    0000001e     StackWrapper.a : osal.o (.text)
                  000129ac    0000001e                    : osal.o (.text)
                  000129ca    00000002     rom_sysbios.aem4f : rom_sysbios.obj (.text:xdc_runtime_SysCallback_defaultFlush)
                  000129cc    0000001c     icall.obj (.text:ICall_mallocLimited)
                  000129e8    0000001c     icall.obj (.text:ICall_primRepostSync$12)
                  00012a04    0000001c     driverlib.lib : chipinfo.obj (.text:NOROM_ChipInfo_GetChipFamily)
                  00012a20    0000001c     nvocmp.obj (.text:NVOCMP_writeByte$7)
                  00012a3c    0000001c     drivers_cc26x2.a : NVSSPI25X.oem4f (.text:NVSSPI25X_initSpiCs)
                  00012a58    0000001c                      : NVSSPI25X.oem4f (.text:NVSSPI25X_lock)
                  00012a74    0000001c                      : PINCC26XX.oem4f (.text:PIN_hwi)
                  00012a90    0000001c     dpl_cc26x2.a : PowerCC26X2_tirtos.oem4f (.text:PowerCC26XX_schedulerDisable)
                  00012aac    0000001c                  : PowerCC26X2_tirtos.oem4f (.text:PowerCC26XX_schedulerRestore)
                  00012ac8    0000001c     rf_multiMode_cc26x2.aem4f : RFCC26X2_multiMode.c.cc26x2.ccs.o (.text:RF_clkInactivityCallback)
                  00012ae4    0000001c                               : RFCC26X2_multiMode.c.cc26x2.ccs.o (.text:RF_getPAOverrideOffsetAndValue)
                  00012b00    0000001c                               : RFCC26X2_multiMode.c.cc26x2.ccs.o (.text:RF_getRssi)
                  00012b1c    0000001c                               : RFCC26X2_multiMode.c.cc26x2.ccs.o (.text:RF_powerConstraintSet)
                  00012b38    0000001c     StackWrapper.a : hal_assert.o (.text)
                  00012b54    0000001c                    : osal.o (.text)
                  00012b70    0000001c                    : osal.o (.text)
                  00012b8c    0000001c                    : osal_timers.o (.text)
                  00012ba8    0000001c     drivers_cc26x2.a : UDMACC26XX.oem4f (.text:UDMACC26XX_initHw)
                  00012bc4    0000001c     rom_sysbios.aem4f : rom_sysbios.obj (.text:ti_sysbios_family_arm_m3_Hwi_clearInterrupt__E)
                  00012be0    0000001c                       : rom_sysbios.obj (.text:ti_sysbios_knl_Swi_construct2__E)
                  00012bfc    0000001a     drivers_cc26x2.a : PowerCC26X2.oem4f (.text:PowerCC26XX_calibrate)
                  00012c16    0000001a     StackWrapper.a : osal_list.o (.text)
                  00012c30    0000001a     dpl_cc26x2.a : SystemP_tirtos.oem4f (.text:SystemP_snprintf)
                  00012c4a    00000002     rom_sysbios.aem4f : rom_sysbios.obj (.text:xdc_runtime_SysCallback_defaultPutch)
                  00012c4c    00000018     drivers_cc26x2.a : CryptoResourceCC26XX.oem4f (.text:CryptoResourceCC26XX_acquireLock)
                  00012c64    00000018                      : CryptoUtils.oem4f (.text:CryptoUtils_reverseBufferBytewise)
                  00012c7c    00000018                      : ECDHCC26X2.oem4f (.text:ECDHCC26X2_getPublicKeyResultMontgomery)
                  00012c94    00000018                      : ECDHCC26X2.oem4f (.text:ECDHCC26X2_waitForAccess)
                  00012cac    00000018     driverlib.lib : chipinfo.obj (.text:NOROM_ChipInfo_GetPackageType)
                  00012cc4    00000018     nvocmp.obj (.text:NVOCMP_expectCompApi$7)
                  00012cdc    00000018     nvocmp.obj (.text:NVOCMP_restoreCache$7)
                  00012cf4    00000018     OneLib.a : ll_common.o (.text)
[...]
20000f54  extInitInfo                                                     
20000f58  ecdhHandle                                                      
20000f5c  operationResult                                                 
20000f60  encHandleCCM                                                    
20000f64  encHandleECB                                                    
20000f68  resolvingList                                                   
20000f6c  wlTable                                                         
20000f70  wlTableScan                                                     
20000f74  pPairingParams                                                  
20000f78  pfnResponderCBs                                                 
20000f7c  pfnInitiatorCBs                                                 
20000f80  pSmResponderCBs                                                 
20000f84  attrLen                                                         
20000f86  numHostBufs                                                     
20000f88  rfCmdHandle                                                     
20000f8a  connInitialMaxTxOctets                                          
20000f8c  connInitialMaxTxTime                                            
20000f8e  connInitialMaxTxTimeUncoded                                     
20000f90  connInitialMaxTxTimeCoded                                       
20000f92  supportedMaxTxOctets                                            
20000f94  supportedMaxTxTime                                              
20000f96  supportedMaxRxOctets                                            
20000f98  supportedMaxRxTime                                              
20000f9a  taskEndStatus                                                   
20000f9c  postRfOperations                                                
20000f9e  buildInfo                                                       
20000fa0  rfCfgAdiVal                                                     
20000fa4  att_sendRspOnly                                                 
20000fa5  advCount                                                        
20000fa6  updateState                                                     
20000fa7  advInit                                                         
20000fa8  gapProfileRole                                                  
20000fa9  gapDeviceAddrMode                                               
20000faa  gapState                                                        
20000fab  terminateReason                                                 
20000fac  gapScanMaxNumReport                                             
20000fad  gapScanEndReason                                                
20000fae  gapScanPackedAdvRptSize                                         
20000faf  fltPduTypeWanted                                                
20000fb0  fltPduTypeMask                                                  
20000fb1  gapTaskID                                                       
20000fb2  gattNumConns                                                    
20000fb3  gattTaskID                                                      
20000fb4  GATTServApp_TaskID                                              
20000fb5  maxNumPrepareWrites                                             
20000fb6  hciPTMenabled                                                   
20000fb7  ctrlToHostEnable                                                
20000fb8  l2capFlowCtrlMode                                               
20000fb9  l2capTaskID                                                     
20000fba  l2capNumChannels                                                
20000fbb  l2capNumDataPkts                                                
20000fbc  l2capNumPSM                                                     
20000fbd  l2capNumCoChannels                                              
20000fbe  l2cap_gattServAppTaskID                                         
20000fbf  l2capId                                                         
20000fc1  linkDBNumConns                                                  
20000fc2  linkDB_secureConnectionOnlyMode                                 
20000fc3  maxPduSize                                                      
20000fc4  rfFeModeBias                                                    
20000fc5  defaultPhy                                                      
20000fc6  maxNumTxDataBufs                                                
20000fc7  LL_TaskID                                                       
20000fc8  llState                                                         
20000fc9  rssiCorrection                                                  
20000fca  curTxPowerVal                                                   
20000fcb  maxTxPwrForDTM                                                  
20000fcc  onePktPerEvt                                                    
20000fcd  numComplPkts                                                    
20000fce  numComplPktsLimit                                               
20000fcf  numComplPktsFlush                                               
20000fd0  fastTxRespTime                                                  
20000fd1  slOverride                                                      
20000fd2  rxFifoFlowCtrl                                                  
20000fd3  numTxDataBufs                                                   
20000fd4  maxNumConns                                                     
20000fd5  aeCurHandle                                                     
20000fd6  aeCurAdvEnableHandle                                            
20000fd7  aeCurConnHandle                                                 
20000fd8  extScanIndex                                                    
20000fd9  extInitIndex                                                    
20000fda  scanState                                                       
20000fdb  lastPrimPhy                                                     
20000fdc  lastScanRsp                                                     
20000fdd  smTaskID                                                        
20000fde  SM_appExpectingKey                                              
20001b24  dispHandle                                                      
20001b3c  sbTask                                                          
20001b90  sbTaskStack                                                     
20002164  PowerCC26X2_module                                              
200022d4  ROM_stateStruct                                                 
200022d4  ti_sysbios_knl_Clock_Module__state__V                           
20002300  ti_sysbios_family_arm_cc26xx_TimestampProvider_Module__state__V 
20002304  xdc_runtime_Startup_Module__state__V                            
2000230c  xdc_runtime_Registry_Module__state__V                           
20002314  ti_sysbios_BIOS_Module__state__V                                
20002338  ti_sysbios_knl_Swi_Module__state__V                             
20002354  ti_sysbios_knl_Task_Module__state__V                            
20002398  xdc_runtime_Memory_Module__state__V                             
2000239c  xdc_runtime_System_Module__state__V                             
200023a4  ti_sysbios_family_arm_m3_Hwi_Module__state__V                   
200023d8  ti_sysbios_family_arm_cc26xx_Timer_Module__state__V             
200023e4  ICall_enterCriticalSection                                      
200023e8  ICall_leaveCriticalSection                                      
200023ec  ICall_dispatcher                                                
20002400  heapmgrMemFreeTotal                                             
2000240c  HEAPMGR_SIZE                                                    
2000247e  gAction                                                         
2000247f  NVOCMP_size                                                     
200024ac  NVOCMP_nvHandle                                                 
200024dc  llUserConfig                                                    
2000253c  pOverrides_bleCommon                                            
20002590  txPowerTable_2400_pa5                                           
200025e0  ti_sysbios_knl_Task_Object__table__V                            
2000262c  halAssertCback                                                  
20002630  ti_sysbios_family_arm_cc26xx_Timer_Object__table__V             
20002678  eccParams_NISTP256                                              
200026b8  advData1                                                        
200026bc  pRandomAddress                                                  
200026c0  scanResData1                                                    
200026d8  advParams1                                                      
200026f4  nvintfFncStruct                                                 
20002730  ti_sysbios_gates_GateMutex_Object__table__V                     
20002768  ti_sysbios_knl_Swi_Module_State_0_readyQ__A                     
20002798  ti_sysbios_knl_Swi_Object__table__V                             
200027c8  ti_sysbios_knl_Task_Module_State_0_readyQ__A                    
200027f8  _hposcCoeffs                                                    
2000281c  icallServiceTblPtr                                              
20002840  ti_sysbios_knl_Clock_Object__table__V                           
20002860  xdc_runtime_Error_IgnoreBlock                                   
20002880  ti_sysbios_family_arm_m3_Hwi_Object__table__V                   
20002898  rfMode                                                          
200028a8  sizeInfo                                                        
200028c8  bleAppServiceInfoTable                                          
200028d8  pfnBMAlloc                                                      
200028dc  pfnBMFree                                                       
200028e0  pRfErrCb                                                        
200028e4  lastAppOpcodeIdxSent                                            
200028e8  pOverrides_ble2Mbps                                             
200028f8  pOverrides_bleCoded                                             
20002908  user0Cfg                                                        
20002918  gpioCallbackFunctions                                           
20002924  gpioPinConfigs                                                  
20002930  pOverrides_ble1Mbps                                             
2000293c  ti_sysbios_heaps_HeapCallback_Object__table__V                  
20002951  extScanChanMap                                                  
20002952  llUserConfig_maxPduSize                                         
20002954  _lock                                                           
20002958  _unlock                                                         
20002964  bleUserCfg_maxPduSize                                           
20002968  appAssertCback                                                  
2000296c  pinUpperBound                                                   
20002970  pinLowerBound                                                   
2000297c  ti_sysbios_family_arm_m3_Hwi_Module__root__V                    
20002984  ti_sysbios_gates_GateHwi_Module__root__V                        
2000298c  ti_sysbios_gates_GateMutexPri_Module__root__V                   
20002994  ti_sysbios_gates_GateMutex_Module__root__V                      
2000299c  ti_sysbios_hal_Hwi_Module__root__V                              
200029a4  ti_sysbios_heaps_HeapCallback_Module__root__V                   
200029ac  ti_sysbios_heaps_HeapMem_Module__root__V                        
200029b4  ti_sysbios_knl_Clock_Module__root__V                            
200029bc  ti_sysbios_knl_Event_Module__root__V                            
200029c4  ti_sysbios_knl_Mailbox_Module__root__V                          
200029cc  ti_sysbios_knl_Queue_Module__root__V                            
200029d4  ti_sysbios_knl_Semaphore_Module__root__V                        
200029dc  ti_sysbios_knl_Swi_Module__root__V                              
200029e4  ti_sysbios_knl_Task_Module__root__V                             
200029f1  sizeOfAllExtConnParam                                           
200029f2  baseTaskID                                                      
200029f8  main_func_sp                                                    
200029fc  ti_sysbios_family_arm_m3_Hwi_Module_State_0_excContext__A       
20002a00  ti_sysbios_family_arm_m3_Hwi_Module_State_0_excStack__A         
20002a04  ti_sysbios_knl_Task_Module_State_0_idleTask__A                  
20002a08  CryptoResourceCC26XX_pollingFlag                                
20002a0a  PKAResourceCC26XX_pollingFlag                                   
20002a0e  ti_sysbios_family_arm_m3_Hwi_Module_State_0_excActive__A        
20002a10  rfRatHandle                                                     
20002a11  gapEndAppTaskID                                                 
20002a12  gapAppTaskID                                                    
20002a13  legacyMode                                                      
20002f10  ti_sysbios_knl_Task_Instance_State_0_stack__A                   
20003210  uartCC26XXObjects                                               
200033c4  spiCC26X2DMAObjects                                             
200034cc  ti_sysbios_family_arm_m3_Hwi_dispatchTable                      
20003624  trngCC26XXObjects                                               
200036a4  pinHandleTable                                                  
20003720  cbTimers                                                        
20003798  aesctrdrbgXXObjects                                             
20003840  CryptoResourceCC26XX_accessSemaphore                            
20003890  CryptoResourceCC26XX_operationSemaphore                         
200038e0  PKAResourceCC26XX_accessSemaphore                               
20003930  PKAResourceCC26XX_operationSemaphore                            
20003980  nvFptrs                                                         
200039f0  req                                                             
20003a10  llCteSamples                                                    
20003a90  ecdhCC26X2Objects                                               
20003ab0  udmaCC26XXObject                                                
20003b24  CryptoResourceCC26XX_hwi                                        
20003b40  PKAResourceCC26XX_hwi                                           
20003b5c  llCoex                                                          
20003b74  aesccmCC26XXObjects                                             
20003b8c  aesctrCC26XXObjects                                             
20003ba4  aesecbCC26XXObjects                                             
20003c04  llCteTest                                                       
20003c10  cteAntennaProp                                                  
20003c1c  llTaskList                                                      
20003c40  displayUartObject                                               
20003c4c  nvsSPI25XObjects                                                
20003c58  secondaryAdvChannelMap                                          
20003c68  llCte                                                           
20003c6c  LSTORecoveryArr                                                 
20003c70  llConnExtParam                                                  
20003c74  extStackSettings                                                
20003c78  trngHandle                                                      
20003c7c  pNextAdvSet                                                     
20003c80  llCurrentMappedChan                                             
20003c84  drbgHandle                                                      
20003c88  pRpaCfg                                                         
20003c8c  osal_syncHandle                                                 
20003c90  osal_tickperiod                                                 
20003c94  osal_max_msecs                                                  
20003c98  osal_icallMsg_hook                                              
20003c9c  osal_qHead                                                      
20003ca0  osal_eventloop_hook                                             
20003cac  OSAL_timeSeconds                                                
20003cb0  timerHead                                                       
20003cb8  osal_last_timestamp                                             
20003cc8  PowerCC26XX_swiKey                                              
20003ccc  PowerCC26XX_taskKey                                             
20003cd0  tasksEvents                                                     
20003cd4  maximumPduSize                                                  
20003cd8  pwrmgr_attribute                                                
20003cda  GATTServApp_att_delayed_req                                     
20003cdb  hciTaskID                                                       
20003cdc  hciL2capTaskID                                                  
20003cdd  hciGapTaskID                                                    
20003cde  hciSmpTaskID                                                    
20003cdf  hciTestTaskID                                                   
20003ce0  hciVsEvtMask                                                    
20003ce1  scanReqRpt                                                      
20003ce2  secondaryAdvChannelMapPopCount                                  
20003ce3  numActiveAdvSets                                                
20003ce4  wlSize                                                          
20003ce5  rlSize                                                          
20003ce6  decryptResult                                                   
20003ce7  icall_liteTaskId                                                
20003ce8  assertSubcause                                                  
20003ce9  osal_entity                                                     
20003cea  pwrmgr_initialized                                              
20003cec  driverlib_release_0_58048                                       
20003ced  heapStart                                                       
20013c00  __stack                                                         
20013c00  heapEnd                                                         
20014000  __STACK_END                                                     
20014000  __STACK_TOP                                                     
20014000  __UNUSED_SRAM_end__                                             
e000e000  ti_sysbios_family_arm_m3_Hwi_nvic                               
ffffffff  __TI_pprof_out_hndl                                             
ffffffff  __TI_prof_data_size                                             
ffffffff  __TI_prof_data_start                                            
ffffffff  __binit__                                                       
ffffffff  __c_args__                                                      
ffffffff  binit                                                           
UNDEFED   ITM_flush                                                       
UNDEFED   ITM_restore                                                     
UNDEFED   SHT$$INIT_ARRAY$$Base                                           
UNDEFED   SHT$$INIT_ARRAY$$Limit                                          

[2832 symbols]
